[0.508s] DEBUG:colcon:Command line arguments: ['/usr/bin/colcon', 'build']
[0.509s] DEBUG:colcon:Parsed command line arguments: Namespace(log_base=None, log_level=None, verb_name='build', build_base='build', install_base='install', merge_install=False, symlink_install=False, test_result_base=None, continue_on_error=False, executor='parallel', parallel_workers=6, event_handlers=None, ignore_user_meta=False, metas=['./colcon.meta'], base_paths=['.'], packages_ignore=None, packages_ignore_regex=None, paths=None, packages_up_to=None, packages_up_to_regex=None, packages_above=None, packages_above_and_dependencies=None, packages_above_depth=None, packages_select_by_dep=None, packages_skip_by_dep=None, packages_skip_up_to=None, packages_select_build_failed=False, packages_skip_build_finished=False, packages_select_test_failures=False, packages_skip_test_passed=False, packages_select=None, packages_skip=None, packages_select_regex=None, packages_skip_regex=None, packages_start=None, packages_end=None, allow_overriding=[], cmake_args=None, cmake_target=None, cmake_target_skip_unavailable=False, cmake_clean_cache=False, cmake_clean_first=False, cmake_force_configure=False, ament_cmake_args=None, catkin_cmake_args=None, catkin_skip_building_tests=False, mixin_files=None, mixin=None, verb_parser=<colcon_mixin.mixin.mixin_argument.MixinArgumentDecorator object at 0xffffb4385990>, verb_extension=<colcon_core.verb.build.BuildVerb object at 0xffffb43852d0>, main=<bound method BuildVerb.main of <colcon_core.verb.build.BuildVerb object at 0xffffb43852d0>>, mixin_verb=('build',))
[1.276s] Level 1:colcon.colcon_core.package_discovery:discover_packages(colcon_meta) check parameters
[1.277s] Level 1:colcon.colcon_core.package_discovery:discover_packages(recursive) check parameters
[1.277s] Level 1:colcon.colcon_core.package_discovery:discover_packages(ignore) check parameters
[1.277s] Level 1:colcon.colcon_core.package_discovery:discover_packages(path) check parameters
[1.277s] Level 1:colcon.colcon_core.package_discovery:discover_packages(colcon_meta) discover
[1.278s] Level 1:colcon.colcon_core.package_discovery:discover_packages(recursive) discover
[1.278s] INFO:colcon.colcon_core.package_discovery:Crawling recursively for packages in '/home/ugv-c7/CodeWorkspace/UGV-Robot/ros2_humble_colcon_ws'
[1.278s] Level 1:colcon.colcon_core.package_identification:_identify(.) by extensions ['ignore', 'ignore_ament_install']
[1.278s] Level 1:colcon.colcon_core.package_identification:_identify(.) by extension 'ignore'
[1.279s] Level 1:colcon.colcon_core.package_identification:_identify(.) by extension 'ignore_ament_install'
[1.279s] Level 1:colcon.colcon_core.package_identification:_identify(.) by extensions ['colcon_pkg']
[1.279s] Level 1:colcon.colcon_core.package_identification:_identify(.) by extension 'colcon_pkg'
[1.279s] Level 1:colcon.colcon_core.package_identification:_identify(.) by extensions ['colcon_meta']
[1.279s] Level 1:colcon.colcon_core.package_identification:_identify(.) by extension 'colcon_meta'
[1.279s] Level 1:colcon.colcon_core.package_identification:_identify(.) by extensions ['ros']
[1.280s] Level 1:colcon.colcon_core.package_identification:_identify(.) by extension 'ros'
[1.307s] Level 1:colcon.colcon_core.package_identification:_identify(.) by extensions ['cmake', 'python']
[1.308s] Level 1:colcon.colcon_core.package_identification:_identify(.) by extension 'cmake'
[1.308s] Level 1:colcon.colcon_core.package_identification:_identify(.) by extension 'python'
[1.308s] Level 1:colcon.colcon_core.package_identification:_identify(.) by extensions ['python_setup_py']
[1.308s] Level 1:colcon.colcon_core.package_identification:_identify(.) by extension 'python_setup_py'
[1.309s] Level 1:colcon.colcon_core.package_identification:_identify(build) by extensions ['ignore', 'ignore_ament_install']
[1.309s] Level 1:colcon.colcon_core.package_identification:_identify(build) by extension 'ignore'
[1.309s] Level 1:colcon.colcon_core.package_identification:_identify(build) ignored
[1.309s] Level 1:colcon.colcon_core.package_identification:_identify(install) by extensions ['ignore', 'ignore_ament_install']
[1.310s] Level 1:colcon.colcon_core.package_identification:_identify(install) by extension 'ignore'
[1.310s] Level 1:colcon.colcon_core.package_identification:_identify(install) ignored
[1.310s] Level 1:colcon.colcon_core.package_identification:_identify(log) by extensions ['ignore', 'ignore_ament_install']
[1.310s] Level 1:colcon.colcon_core.package_identification:_identify(log) by extension 'ignore'
[1.310s] Level 1:colcon.colcon_core.package_identification:_identify(log) ignored
[1.310s] Level 1:colcon.colcon_core.package_identification:_identify(src) by extensions ['ignore', 'ignore_ament_install']
[1.311s] Level 1:colcon.colcon_core.package_identification:_identify(src) by extension 'ignore'
[1.311s] Level 1:colcon.colcon_core.package_identification:_identify(src) by extension 'ignore_ament_install'
[1.311s] Level 1:colcon.colcon_core.package_identification:_identify(src) by extensions ['colcon_pkg']
[1.311s] Level 1:colcon.colcon_core.package_identification:_identify(src) by extension 'colcon_pkg'
[1.311s] Level 1:colcon.colcon_core.package_identification:_identify(src) by extensions ['colcon_meta']
[1.311s] Level 1:colcon.colcon_core.package_identification:_identify(src) by extension 'colcon_meta'
[1.311s] Level 1:colcon.colcon_core.package_identification:_identify(src) by extensions ['ros']
[1.311s] Level 1:colcon.colcon_core.package_identification:_identify(src) by extension 'ros'
[1.312s] Level 1:colcon.colcon_core.package_identification:_identify(src) by extensions ['cmake', 'python']
[1.312s] Level 1:colcon.colcon_core.package_identification:_identify(src) by extension 'cmake'
[1.312s] Level 1:colcon.colcon_core.package_identification:_identify(src) by extension 'python'
[1.312s] Level 1:colcon.colcon_core.package_identification:_identify(src) by extensions ['python_setup_py']
[1.312s] Level 1:colcon.colcon_core.package_identification:_identify(src) by extension 'python_setup_py'
[1.312s] Level 1:colcon.colcon_core.package_identification:_identify(src/app_bringup) by extensions ['ignore', 'ignore_ament_install']
[1.312s] Level 1:colcon.colcon_core.package_identification:_identify(src/app_bringup) by extension 'ignore'
[1.313s] Level 1:colcon.colcon_core.package_identification:_identify(src/app_bringup) by extension 'ignore_ament_install'
[1.313s] Level 1:colcon.colcon_core.package_identification:_identify(src/app_bringup) by extensions ['colcon_pkg']
[1.313s] Level 1:colcon.colcon_core.package_identification:_identify(src/app_bringup) by extension 'colcon_pkg'
[1.313s] Level 1:colcon.colcon_core.package_identification:_identify(src/app_bringup) by extensions ['colcon_meta']
[1.313s] Level 1:colcon.colcon_core.package_identification:_identify(src/app_bringup) by extension 'colcon_meta'
[1.313s] Level 1:colcon.colcon_core.package_identification:_identify(src/app_bringup) by extensions ['ros']
[1.313s] Level 1:colcon.colcon_core.package_identification:_identify(src/app_bringup) by extension 'ros'
[1.322s] DEBUG:colcon.colcon_core.package_identification:Package 'src/app_bringup' with type 'ros.ament_cmake' and name 'app_bringup'
[1.323s] Level 1:colcon.colcon_core.package_identification:_identify(src/py_pub_sub) by extensions ['ignore', 'ignore_ament_install']
[1.323s] Level 1:colcon.colcon_core.package_identification:_identify(src/py_pub_sub) by extension 'ignore'
[1.324s] Level 1:colcon.colcon_core.package_identification:_identify(src/py_pub_sub) by extension 'ignore_ament_install'
[1.324s] Level 1:colcon.colcon_core.package_identification:_identify(src/py_pub_sub) by extensions ['colcon_pkg']
[1.324s] Level 1:colcon.colcon_core.package_identification:_identify(src/py_pub_sub) by extension 'colcon_pkg'
[1.324s] Level 1:colcon.colcon_core.package_identification:_identify(src/py_pub_sub) by extensions ['colcon_meta']
[1.324s] Level 1:colcon.colcon_core.package_identification:_identify(src/py_pub_sub) by extension 'colcon_meta'
[1.324s] Level 1:colcon.colcon_core.package_identification:_identify(src/py_pub_sub) by extensions ['ros']
[1.324s] Level 1:colcon.colcon_core.package_identification:_identify(src/py_pub_sub) by extension 'ros'
[1.326s] DEBUG:colcon.colcon_core.package_identification:Package 'src/py_pub_sub' with type 'ros.ament_python' and name 'py_pub_sub'
[1.327s] Level 1:colcon.colcon_core.package_discovery:discover_packages(recursive) using defaults
[1.327s] Level 1:colcon.colcon_core.package_discovery:discover_packages(ignore) discover
[1.327s] Level 1:colcon.colcon_core.package_discovery:discover_packages(ignore) using defaults
[1.327s] Level 1:colcon.colcon_core.package_discovery:discover_packages(path) discover
[1.327s] Level 1:colcon.colcon_core.package_discovery:discover_packages(path) using defaults
[1.473s] Level 1:colcon.colcon_core.package_discovery:discover_packages(prefix_path) check parameters
[1.474s] Level 1:colcon.colcon_core.package_discovery:discover_packages(prefix_path) discover
[1.483s] DEBUG:colcon.colcon_installed_package_information.package_discovery:Found 271 installed packages in /opt/ros/humble
[1.487s] Level 1:colcon.colcon_core.package_discovery:discover_packages(prefix_path) using defaults
[1.574s] Level 5:colcon.colcon_core.verb:set package 'py_pub_sub' build argument 'cmake_args' from command line to 'None'
[1.574s] Level 5:colcon.colcon_core.verb:set package 'py_pub_sub' build argument 'cmake_target' from command line to 'None'
[1.574s] Level 5:colcon.colcon_core.verb:set package 'py_pub_sub' build argument 'cmake_target_skip_unavailable' from command line to 'False'
[1.574s] Level 5:colcon.colcon_core.verb:set package 'py_pub_sub' build argument 'cmake_clean_cache' from command line to 'False'
[1.574s] Level 5:colcon.colcon_core.verb:set package 'py_pub_sub' build argument 'cmake_clean_first' from command line to 'False'
[1.574s] Level 5:colcon.colcon_core.verb:set package 'py_pub_sub' build argument 'cmake_force_configure' from command line to 'False'
[1.574s] Level 5:colcon.colcon_core.verb:set package 'py_pub_sub' build argument 'ament_cmake_args' from command line to 'None'
[1.574s] Level 5:colcon.colcon_core.verb:set package 'py_pub_sub' build argument 'catkin_cmake_args' from command line to 'None'
[1.574s] Level 5:colcon.colcon_core.verb:set package 'py_pub_sub' build argument 'catkin_skip_building_tests' from command line to 'False'
[1.574s] DEBUG:colcon.colcon_core.verb:Building package 'py_pub_sub' with the following arguments: {'ament_cmake_args': None, 'build_base': '/home/ugv-c7/CodeWorkspace/UGV-Robot/ros2_humble_colcon_ws/build/py_pub_sub', 'catkin_cmake_args': None, 'catkin_skip_building_tests': False, 'cmake_args': None, 'cmake_clean_cache': False, 'cmake_clean_first': False, 'cmake_force_configure': False, 'cmake_target': None, 'cmake_target_skip_unavailable': False, 'install_base': '/home/ugv-c7/CodeWorkspace/UGV-Robot/ros2_humble_colcon_ws/install/py_pub_sub', 'merge_install': False, 'path': '/home/ugv-c7/CodeWorkspace/UGV-Robot/ros2_humble_colcon_ws/src/py_pub_sub', 'symlink_install': False, 'test_result_base': None}
[1.575s] Level 5:colcon.colcon_core.verb:set package 'app_bringup' build argument 'cmake_args' from command line to 'None'
[1.575s] Level 5:colcon.colcon_core.verb:set package 'app_bringup' build argument 'cmake_target' from command line to 'None'
[1.575s] Level 5:colcon.colcon_core.verb:set package 'app_bringup' build argument 'cmake_target_skip_unavailable' from command line to 'False'
[1.576s] Level 5:colcon.colcon_core.verb:set package 'app_bringup' build argument 'cmake_clean_cache' from command line to 'False'
[1.576s] Level 5:colcon.colcon_core.verb:set package 'app_bringup' build argument 'cmake_clean_first' from command line to 'False'
[1.576s] Level 5:colcon.colcon_core.verb:set package 'app_bringup' build argument 'cmake_force_configure' from command line to 'False'
[1.576s] Level 5:colcon.colcon_core.verb:set package 'app_bringup' build argument 'ament_cmake_args' from command line to 'None'
[1.576s] Level 5:colcon.colcon_core.verb:set package 'app_bringup' build argument 'catkin_cmake_args' from command line to 'None'
[1.576s] Level 5:colcon.colcon_core.verb:set package 'app_bringup' build argument 'catkin_skip_building_tests' from command line to 'False'
[1.576s] DEBUG:colcon.colcon_core.verb:Building package 'app_bringup' with the following arguments: {'ament_cmake_args': None, 'build_base': '/home/ugv-c7/CodeWorkspace/UGV-Robot/ros2_humble_colcon_ws/build/app_bringup', 'catkin_cmake_args': None, 'catkin_skip_building_tests': False, 'cmake_args': None, 'cmake_clean_cache': False, 'cmake_clean_first': False, 'cmake_force_configure': False, 'cmake_target': None, 'cmake_target_skip_unavailable': False, 'install_base': '/home/ugv-c7/CodeWorkspace/UGV-Robot/ros2_humble_colcon_ws/install/app_bringup', 'merge_install': False, 'path': '/home/ugv-c7/CodeWorkspace/UGV-Robot/ros2_humble_colcon_ws/src/app_bringup', 'symlink_install': False, 'test_result_base': None}
[1.576s] INFO:colcon.colcon_core.executor:Executing jobs using 'parallel' executor
[1.580s] DEBUG:colcon.colcon_parallel_executor.executor.parallel:run_until_complete
[1.581s] INFO:colcon.colcon_ros.task.ament_python.build:Building ROS package in '/home/ugv-c7/CodeWorkspace/UGV-Robot/ros2_humble_colcon_ws/src/py_pub_sub' with build type 'ament_python'
[1.581s] Level 1:colcon.colcon_core.shell:create_environment_hook('py_pub_sub', 'ament_prefix_path')
[1.597s] INFO:colcon.colcon_core.plugin_system:Skipping extension 'colcon_core.shell.bat': Not used on non-Windows systems
[1.598s] INFO:colcon.colcon_core.shell:Creating environment hook '/home/ugv-c7/CodeWorkspace/UGV-Robot/ros2_humble_colcon_ws/install/py_pub_sub/share/py_pub_sub/hook/ament_prefix_path.ps1'
[1.602s] INFO:colcon.colcon_core.shell:Creating environment descriptor '/home/ugv-c7/CodeWorkspace/UGV-Robot/ros2_humble_colcon_ws/install/py_pub_sub/share/py_pub_sub/hook/ament_prefix_path.dsv'
[1.619s] INFO:colcon.colcon_core.shell:Creating environment hook '/home/ugv-c7/CodeWorkspace/UGV-Robot/ros2_humble_colcon_ws/install/py_pub_sub/share/py_pub_sub/hook/ament_prefix_path.sh'
[1.623s] INFO:colcon.colcon_core.shell:Skip shell extension 'powershell' for command environment: Not usable outside of PowerShell
[1.623s] DEBUG:colcon.colcon_core.shell:Skip shell extension 'dsv' for command environment
[2.290s] INFO:colcon.colcon_core.task.python.build:Building Python package in '/home/ugv-c7/CodeWorkspace/UGV-Robot/ros2_humble_colcon_ws/src/py_pub_sub'
[2.291s] INFO:colcon.colcon_core.shell:Skip shell extension 'powershell' for command environment: Not usable outside of PowerShell
[2.291s] DEBUG:colcon.colcon_core.shell:Skip shell extension 'dsv' for command environment
[3.472s] DEBUG:colcon.colcon_core.event_handler.log_command:Invoking command in '/home/ugv-c7/CodeWorkspace/UGV-Robot/ros2_humble_colcon_ws/src/py_pub_sub': PYTHONPATH=/home/ugv-c7/CodeWorkspace/UGV-Robot/ros2_humble_colcon_ws/build/py_pub_sub/prefix_override:/usr/lib/python3/dist-packages/colcon_core/task/python/colcon_distutils_commands:/home/ugv-c7/CodeWorkspace/UGV-Robot/ros2_humble_colcon_ws/install/py_pub_sub/lib/python3.10/site-packages:${PYTHONPATH} /usr/bin/python3 -W ignore:setup.py install is deprecated -W ignore:easy_install command is deprecated setup.py egg_info --egg-base ../../build/py_pub_sub build --build-base /home/ugv-c7/CodeWorkspace/UGV-Robot/ros2_humble_colcon_ws/build/py_pub_sub/build install --record /home/ugv-c7/CodeWorkspace/UGV-Robot/ros2_humble_colcon_ws/build/py_pub_sub/install.log --single-version-externally-managed install_data
[4.265s] DEBUG:colcon.colcon_core.event_handler.log_command:Invoked command in '/home/ugv-c7/CodeWorkspace/UGV-Robot/ros2_humble_colcon_ws/src/py_pub_sub' returned '0': PYTHONPATH=/home/ugv-c7/CodeWorkspace/UGV-Robot/ros2_humble_colcon_ws/build/py_pub_sub/prefix_override:/usr/lib/python3/dist-packages/colcon_core/task/python/colcon_distutils_commands:/home/ugv-c7/CodeWorkspace/UGV-Robot/ros2_humble_colcon_ws/install/py_pub_sub/lib/python3.10/site-packages:${PYTHONPATH} /usr/bin/python3 -W ignore:setup.py install is deprecated -W ignore:easy_install command is deprecated setup.py egg_info --egg-base ../../build/py_pub_sub build --build-base /home/ugv-c7/CodeWorkspace/UGV-Robot/ros2_humble_colcon_ws/build/py_pub_sub/build install --record /home/ugv-c7/CodeWorkspace/UGV-Robot/ros2_humble_colcon_ws/build/py_pub_sub/install.log --single-version-externally-managed install_data
[4.289s] Level 1:colcon.colcon_core.environment:checking '/home/ugv-c7/CodeWorkspace/UGV-Robot/ros2_humble_colcon_ws/install/py_pub_sub' for CMake module files
[4.292s] Level 1:colcon.colcon_core.environment:checking '/home/ugv-c7/CodeWorkspace/UGV-Robot/ros2_humble_colcon_ws/install/py_pub_sub' for CMake config files
[4.297s] Level 1:colcon.colcon_core.environment:checking '/home/ugv-c7/CodeWorkspace/UGV-Robot/ros2_humble_colcon_ws/install/py_pub_sub/lib'
[4.298s] Level 1:colcon.colcon_core.environment:checking '/home/ugv-c7/CodeWorkspace/UGV-Robot/ros2_humble_colcon_ws/install/py_pub_sub/bin'
[4.299s] Level 1:colcon.colcon_core.environment:checking '/home/ugv-c7/CodeWorkspace/UGV-Robot/ros2_humble_colcon_ws/install/py_pub_sub/lib/pkgconfig/py_pub_sub.pc'
[4.300s] Level 1:colcon.colcon_core.environment:checking '/home/ugv-c7/CodeWorkspace/UGV-Robot/ros2_humble_colcon_ws/install/py_pub_sub/lib/python3.10/site-packages'
[4.300s] Level 1:colcon.colcon_core.shell:create_environment_hook('py_pub_sub', 'pythonpath')
[4.302s] INFO:colcon.colcon_core.shell:Creating environment hook '/home/ugv-c7/CodeWorkspace/UGV-Robot/ros2_humble_colcon_ws/install/py_pub_sub/share/py_pub_sub/hook/pythonpath.ps1'
[4.305s] INFO:colcon.colcon_core.shell:Creating environment descriptor '/home/ugv-c7/CodeWorkspace/UGV-Robot/ros2_humble_colcon_ws/install/py_pub_sub/share/py_pub_sub/hook/pythonpath.dsv'
[4.307s] INFO:colcon.colcon_core.shell:Creating environment hook '/home/ugv-c7/CodeWorkspace/UGV-Robot/ros2_humble_colcon_ws/install/py_pub_sub/share/py_pub_sub/hook/pythonpath.sh'
[4.309s] Level 1:colcon.colcon_core.environment:checking '/home/ugv-c7/CodeWorkspace/UGV-Robot/ros2_humble_colcon_ws/install/py_pub_sub/bin'
[4.309s] Level 1:colcon.colcon_core.environment:create_environment_scripts_only(py_pub_sub)
[4.311s] INFO:colcon.colcon_core.shell:Creating package script '/home/ugv-c7/CodeWorkspace/UGV-Robot/ros2_humble_colcon_ws/install/py_pub_sub/share/py_pub_sub/package.ps1'
[4.315s] INFO:colcon.colcon_core.shell:Creating package descriptor '/home/ugv-c7/CodeWorkspace/UGV-Robot/ros2_humble_colcon_ws/install/py_pub_sub/share/py_pub_sub/package.dsv'
[4.319s] INFO:colcon.colcon_core.shell:Creating package script '/home/ugv-c7/CodeWorkspace/UGV-Robot/ros2_humble_colcon_ws/install/py_pub_sub/share/py_pub_sub/package.sh'
[4.324s] INFO:colcon.colcon_core.shell:Creating package script '/home/ugv-c7/CodeWorkspace/UGV-Robot/ros2_humble_colcon_ws/install/py_pub_sub/share/py_pub_sub/package.bash'
[4.328s] INFO:colcon.colcon_core.shell:Creating package script '/home/ugv-c7/CodeWorkspace/UGV-Robot/ros2_humble_colcon_ws/install/py_pub_sub/share/py_pub_sub/package.zsh'
[4.334s] Level 1:colcon.colcon_core.environment:create_file_with_runtime_dependencies(/home/ugv-c7/CodeWorkspace/UGV-Robot/ros2_humble_colcon_ws/install/py_pub_sub/share/colcon-core/packages/py_pub_sub)
[4.337s] INFO:colcon.colcon_ros.task.ament_cmake.build:Building ROS package in '/home/ugv-c7/CodeWorkspace/UGV-Robot/ros2_humble_colcon_ws/src/app_bringup' with build type 'ament_cmake'
[4.337s] INFO:colcon.colcon_cmake.task.cmake.build:Building CMake package in '/home/ugv-c7/CodeWorkspace/UGV-Robot/ros2_humble_colcon_ws/src/app_bringup'
[4.339s] INFO:colcon.colcon_core.shell:Skip shell extension 'powershell' for command environment: Not usable outside of PowerShell
[4.339s] DEBUG:colcon.colcon_core.shell:Skip shell extension 'dsv' for command environment
[4.366s] DEBUG:colcon.colcon_core.event_handler.log_command:Invoking command in '/home/ugv-c7/CodeWorkspace/UGV-Robot/ros2_humble_colcon_ws/build/app_bringup': AMENT_PREFIX_PATH=/home/ugv-c7/CodeWorkspace/UGV-Robot/ros2_humble_colcon_ws/install/py_pub_sub:${AMENT_PREFIX_PATH} CMAKE_PREFIX_PATH=/opt/ros/humble PYTHONPATH=/home/ugv-c7/CodeWorkspace/UGV-Robot/ros2_humble_colcon_ws/install/py_pub_sub/lib/python3.10/site-packages:${PYTHONPATH} /usr/bin/cmake /home/ugv-c7/CodeWorkspace/UGV-Robot/ros2_humble_colcon_ws/src/app_bringup -DCMAKE_INSTALL_PREFIX=/home/ugv-c7/CodeWorkspace/UGV-Robot/ros2_humble_colcon_ws/install/app_bringup
[7.058s] DEBUG:colcon.colcon_core.event_handler.log_command:Invoked command in '/home/ugv-c7/CodeWorkspace/UGV-Robot/ros2_humble_colcon_ws/build/app_bringup' returned '0': AMENT_PREFIX_PATH=/home/ugv-c7/CodeWorkspace/UGV-Robot/ros2_humble_colcon_ws/install/py_pub_sub:${AMENT_PREFIX_PATH} CMAKE_PREFIX_PATH=/opt/ros/humble PYTHONPATH=/home/ugv-c7/CodeWorkspace/UGV-Robot/ros2_humble_colcon_ws/install/py_pub_sub/lib/python3.10/site-packages:${PYTHONPATH} /usr/bin/cmake /home/ugv-c7/CodeWorkspace/UGV-Robot/ros2_humble_colcon_ws/src/app_bringup -DCMAKE_INSTALL_PREFIX=/home/ugv-c7/CodeWorkspace/UGV-Robot/ros2_humble_colcon_ws/install/app_bringup
[7.064s] DEBUG:colcon.colcon_core.event_handler.log_command:Invoking command in '/home/ugv-c7/CodeWorkspace/UGV-Robot/ros2_humble_colcon_ws/build/app_bringup': AMENT_PREFIX_PATH=/home/ugv-c7/CodeWorkspace/UGV-Robot/ros2_humble_colcon_ws/install/py_pub_sub:${AMENT_PREFIX_PATH} CMAKE_PREFIX_PATH=/opt/ros/humble PYTHONPATH=/home/ugv-c7/CodeWorkspace/UGV-Robot/ros2_humble_colcon_ws/install/py_pub_sub/lib/python3.10/site-packages:${PYTHONPATH} /usr/bin/cmake --build /home/ugv-c7/CodeWorkspace/UGV-Robot/ros2_humble_colcon_ws/build/app_bringup -- -j6 -l6
[7.157s] DEBUG:colcon.colcon_core.event_handler.log_command:Invoked command in '/home/ugv-c7/CodeWorkspace/UGV-Robot/ros2_humble_colcon_ws/build/app_bringup' returned '0': AMENT_PREFIX_PATH=/home/ugv-c7/CodeWorkspace/UGV-Robot/ros2_humble_colcon_ws/install/py_pub_sub:${AMENT_PREFIX_PATH} CMAKE_PREFIX_PATH=/opt/ros/humble PYTHONPATH=/home/ugv-c7/CodeWorkspace/UGV-Robot/ros2_humble_colcon_ws/install/py_pub_sub/lib/python3.10/site-packages:${PYTHONPATH} /usr/bin/cmake --build /home/ugv-c7/CodeWorkspace/UGV-Robot/ros2_humble_colcon_ws/build/app_bringup -- -j6 -l6
[7.187s] DEBUG:colcon.colcon_core.event_handler.log_command:Invoking command in '/home/ugv-c7/CodeWorkspace/UGV-Robot/ros2_humble_colcon_ws/build/app_bringup': AMENT_PREFIX_PATH=/home/ugv-c7/CodeWorkspace/UGV-Robot/ros2_humble_colcon_ws/install/py_pub_sub:${AMENT_PREFIX_PATH} CMAKE_PREFIX_PATH=/opt/ros/humble PYTHONPATH=/home/ugv-c7/CodeWorkspace/UGV-Robot/ros2_humble_colcon_ws/install/py_pub_sub/lib/python3.10/site-packages:${PYTHONPATH} /usr/bin/cmake --install /home/ugv-c7/CodeWorkspace/UGV-Robot/ros2_humble_colcon_ws/build/app_bringup
[7.214s] Level 1:colcon.colcon_core.environment:create_environment_scripts_only(app_bringup)
[7.216s] Level 1:colcon.colcon_core.environment:checking '/home/ugv-c7/CodeWorkspace/UGV-Robot/ros2_humble_colcon_ws/install/app_bringup' for CMake module files
[7.217s] DEBUG:colcon.colcon_core.event_handler.log_command:Invoked command in '/home/ugv-c7/CodeWorkspace/UGV-Robot/ros2_humble_colcon_ws/build/app_bringup' returned '0': AMENT_PREFIX_PATH=/home/ugv-c7/CodeWorkspace/UGV-Robot/ros2_humble_colcon_ws/install/py_pub_sub:${AMENT_PREFIX_PATH} CMAKE_PREFIX_PATH=/opt/ros/humble PYTHONPATH=/home/ugv-c7/CodeWorkspace/UGV-Robot/ros2_humble_colcon_ws/install/py_pub_sub/lib/python3.10/site-packages:${PYTHONPATH} /usr/bin/cmake --install /home/ugv-c7/CodeWorkspace/UGV-Robot/ros2_humble_colcon_ws/build/app_bringup
[7.219s] Level 1:colcon.colcon_core.environment:checking '/home/ugv-c7/CodeWorkspace/UGV-Robot/ros2_humble_colcon_ws/install/app_bringup' for CMake config files
[7.220s] Level 1:colcon.colcon_core.shell:create_environment_hook('app_bringup', 'cmake_prefix_path')
[7.221s] INFO:colcon.colcon_core.shell:Creating environment hook '/home/ugv-c7/CodeWorkspace/UGV-Robot/ros2_humble_colcon_ws/install/app_bringup/share/app_bringup/hook/cmake_prefix_path.ps1'
[7.224s] INFO:colcon.colcon_core.shell:Creating environment descriptor '/home/ugv-c7/CodeWorkspace/UGV-Robot/ros2_humble_colcon_ws/install/app_bringup/share/app_bringup/hook/cmake_prefix_path.dsv'
[7.226s] INFO:colcon.colcon_core.shell:Creating environment hook '/home/ugv-c7/CodeWorkspace/UGV-Robot/ros2_humble_colcon_ws/install/app_bringup/share/app_bringup/hook/cmake_prefix_path.sh'
[7.228s] Level 1:colcon.colcon_core.environment:checking '/home/ugv-c7/CodeWorkspace/UGV-Robot/ros2_humble_colcon_ws/install/app_bringup/bin'
[7.228s] Level 1:colcon.colcon_core.environment:checking '/home/ugv-c7/CodeWorkspace/UGV-Robot/ros2_humble_colcon_ws/install/app_bringup/lib/pkgconfig/app_bringup.pc'
[7.230s] Level 1:colcon.colcon_core.environment:checking '/home/ugv-c7/CodeWorkspace/UGV-Robot/ros2_humble_colcon_ws/install/app_bringup/lib/python3.10/site-packages'
[7.231s] Level 1:colcon.colcon_core.environment:checking '/home/ugv-c7/CodeWorkspace/UGV-Robot/ros2_humble_colcon_ws/install/app_bringup/bin'
[7.232s] INFO:colcon.colcon_core.shell:Creating package script '/home/ugv-c7/CodeWorkspace/UGV-Robot/ros2_humble_colcon_ws/install/app_bringup/share/app_bringup/package.ps1'
[7.234s] INFO:colcon.colcon_core.shell:Creating package descriptor '/home/ugv-c7/CodeWorkspace/UGV-Robot/ros2_humble_colcon_ws/install/app_bringup/share/app_bringup/package.dsv'
[7.236s] INFO:colcon.colcon_core.shell:Creating package script '/home/ugv-c7/CodeWorkspace/UGV-Robot/ros2_humble_colcon_ws/install/app_bringup/share/app_bringup/package.sh'
[7.238s] INFO:colcon.colcon_core.shell:Creating package script '/home/ugv-c7/CodeWorkspace/UGV-Robot/ros2_humble_colcon_ws/install/app_bringup/share/app_bringup/package.bash'
[7.239s] INFO:colcon.colcon_core.shell:Creating package script '/home/ugv-c7/CodeWorkspace/UGV-Robot/ros2_humble_colcon_ws/install/app_bringup/share/app_bringup/package.zsh'
[7.241s] Level 1:colcon.colcon_core.environment:create_file_with_runtime_dependencies(/home/ugv-c7/CodeWorkspace/UGV-Robot/ros2_humble_colcon_ws/install/app_bringup/share/colcon-core/packages/app_bringup)
[7.244s] Level 1:colcon.colcon_core.environment:create_environment_scripts_only(app_bringup)
[7.245s] Level 1:colcon.colcon_core.environment:checking '/home/ugv-c7/CodeWorkspace/UGV-Robot/ros2_humble_colcon_ws/install/app_bringup' for CMake module files
[7.246s] Level 1:colcon.colcon_core.environment:checking '/home/ugv-c7/CodeWorkspace/UGV-Robot/ros2_humble_colcon_ws/install/app_bringup' for CMake config files
[7.247s] Level 1:colcon.colcon_core.shell:create_environment_hook('app_bringup', 'cmake_prefix_path')
[7.248s] INFO:colcon.colcon_core.shell:Creating environment hook '/home/ugv-c7/CodeWorkspace/UGV-Robot/ros2_humble_colcon_ws/install/app_bringup/share/app_bringup/hook/cmake_prefix_path.ps1'
[7.250s] INFO:colcon.colcon_core.shell:Creating environment descriptor '/home/ugv-c7/CodeWorkspace/UGV-Robot/ros2_humble_colcon_ws/install/app_bringup/share/app_bringup/hook/cmake_prefix_path.dsv'
[7.251s] INFO:colcon.colcon_core.shell:Creating environment hook '/home/ugv-c7/CodeWorkspace/UGV-Robot/ros2_humble_colcon_ws/install/app_bringup/share/app_bringup/hook/cmake_prefix_path.sh'
[7.253s] Level 1:colcon.colcon_core.environment:checking '/home/ugv-c7/CodeWorkspace/UGV-Robot/ros2_humble_colcon_ws/install/app_bringup/bin'
[7.254s] Level 1:colcon.colcon_core.environment:checking '/home/ugv-c7/CodeWorkspace/UGV-Robot/ros2_humble_colcon_ws/install/app_bringup/lib/pkgconfig/app_bringup.pc'
[7.255s] Level 1:colcon.colcon_core.environment:checking '/home/ugv-c7/CodeWorkspace/UGV-Robot/ros2_humble_colcon_ws/install/app_bringup/lib/python3.10/site-packages'
[7.255s] Level 1:colcon.colcon_core.environment:checking '/home/ugv-c7/CodeWorkspace/UGV-Robot/ros2_humble_colcon_ws/install/app_bringup/bin'
[7.256s] INFO:colcon.colcon_core.shell:Creating package script '/home/ugv-c7/CodeWorkspace/UGV-Robot/ros2_humble_colcon_ws/install/app_bringup/share/app_bringup/package.ps1'
[7.258s] INFO:colcon.colcon_core.shell:Creating package descriptor '/home/ugv-c7/CodeWorkspace/UGV-Robot/ros2_humble_colcon_ws/install/app_bringup/share/app_bringup/package.dsv'
[7.260s] INFO:colcon.colcon_core.shell:Creating package script '/home/ugv-c7/CodeWorkspace/UGV-Robot/ros2_humble_colcon_ws/install/app_bringup/share/app_bringup/package.sh'
[7.261s] INFO:colcon.colcon_core.shell:Creating package script '/home/ugv-c7/CodeWorkspace/UGV-Robot/ros2_humble_colcon_ws/install/app_bringup/share/app_bringup/package.bash'
[7.263s] INFO:colcon.colcon_core.shell:Creating package script '/home/ugv-c7/CodeWorkspace/UGV-Robot/ros2_humble_colcon_ws/install/app_bringup/share/app_bringup/package.zsh'
[7.264s] Level 1:colcon.colcon_core.environment:create_file_with_runtime_dependencies(/home/ugv-c7/CodeWorkspace/UGV-Robot/ros2_humble_colcon_ws/install/app_bringup/share/colcon-core/packages/app_bringup)
[7.266s] DEBUG:colcon.colcon_parallel_executor.executor.parallel:closing loop
[7.267s] DEBUG:colcon.colcon_parallel_executor.executor.parallel:loop closed
[7.268s] DEBUG:colcon.colcon_parallel_executor.executor.parallel:run_until_complete finished with '0'
[7.269s] DEBUG:colcon.colcon_core.event_reactor:joining thread
[7.298s] INFO:colcon.colcon_core.plugin_system:Skipping extension 'colcon_notification.desktop_notification.terminal_notifier': Not used on non-Darwin systems
[7.299s] INFO:colcon.colcon_core.plugin_system:Skipping extension 'colcon_notification.desktop_notification.win32': Not used on non-Windows systems
[7.299s] INFO:colcon.colcon_notification.desktop_notification:Sending desktop notification using 'notify2'
[7.370s] DEBUG:colcon.colcon_core.event_reactor:joined thread
[7.373s] INFO:colcon.colcon_core.shell:Creating prefix script '/home/ugv-c7/CodeWorkspace/UGV-Robot/ros2_humble_colcon_ws/install/local_setup.ps1'
[7.382s] INFO:colcon.colcon_core.shell:Creating prefix util module '/home/ugv-c7/CodeWorkspace/UGV-Robot/ros2_humble_colcon_ws/install/_local_setup_util_ps1.py'
[7.391s] INFO:colcon.colcon_core.shell:Creating prefix chain script '/home/ugv-c7/CodeWorkspace/UGV-Robot/ros2_humble_colcon_ws/install/setup.ps1'
[7.396s] INFO:colcon.colcon_core.shell:Creating prefix script '/home/ugv-c7/CodeWorkspace/UGV-Robot/ros2_humble_colcon_ws/install/local_setup.sh'
[7.402s] INFO:colcon.colcon_core.shell:Creating prefix util module '/home/ugv-c7/CodeWorkspace/UGV-Robot/ros2_humble_colcon_ws/install/_local_setup_util_sh.py'
[7.405s] INFO:colcon.colcon_core.shell:Creating prefix chain script '/home/ugv-c7/CodeWorkspace/UGV-Robot/ros2_humble_colcon_ws/install/setup.sh'
[7.410s] INFO:colcon.colcon_core.shell:Creating prefix script '/home/ugv-c7/CodeWorkspace/UGV-Robot/ros2_humble_colcon_ws/install/local_setup.bash'
[7.413s] INFO:colcon.colcon_core.shell:Creating prefix chain script '/home/ugv-c7/CodeWorkspace/UGV-Robot/ros2_humble_colcon_ws/install/setup.bash'
[7.417s] INFO:colcon.colcon_core.shell:Creating prefix script '/home/ugv-c7/CodeWorkspace/UGV-Robot/ros2_humble_colcon_ws/install/local_setup.zsh'
[7.420s] INFO:colcon.colcon_core.shell:Creating prefix chain script '/home/ugv-c7/CodeWorkspace/UGV-Robot/ros2_humble_colcon_ws/install/setup.zsh'
