running egg_info
creating ../../build/py_pub_sub/py_pub_sub.egg-info
writing ../../build/py_pub_sub/py_pub_sub.egg-info/PKG-INFO
writing dependency_links to ../../build/py_pub_sub/py_pub_sub.egg-info/dependency_links.txt
writing entry points to ../../build/py_pub_sub/py_pub_sub.egg-info/entry_points.txt
writing requirements to ../../build/py_pub_sub/py_pub_sub.egg-info/requires.txt
writing top-level names to ../../build/py_pub_sub/py_pub_sub.egg-info/top_level.txt
writing manifest file '../../build/py_pub_sub/py_pub_sub.egg-info/SOURCES.txt'
reading manifest file '../../build/py_pub_sub/py_pub_sub.egg-info/SOURCES.txt'
writing manifest file '../../build/py_pub_sub/py_pub_sub.egg-info/SOURCES.txt'
running build
running build_py
creating /home/ugv-c7/CodeWorkspace/UGV-Robot/ros2_humble_colcon_ws/build/py_pub_sub/build
creating /home/ugv-c7/CodeWorkspace/UGV-Robot/ros2_humble_colcon_ws/build/py_pub_sub/build/lib
creating /home/ugv-c7/CodeWorkspace/UGV-Robot/ros2_humble_colcon_ws/build/py_pub_sub/build/lib/py_pub_sub
copying py_pub_sub/__init__.py -> /home/ugv-c7/CodeWorkspace/UGV-Robot/ros2_humble_colcon_ws/build/py_pub_sub/build/lib/py_pub_sub
running install
running install_lib
creating /home/ugv-c7/CodeWorkspace/UGV-Robot/ros2_humble_colcon_ws/install/py_pub_sub/lib/python3.10/site-packages/py_pub_sub
copying /home/ugv-c7/CodeWorkspace/UGV-Robot/ros2_humble_colcon_ws/build/py_pub_sub/build/lib/py_pub_sub/__init__.py -> /home/ugv-c7/CodeWorkspace/UGV-Robot/ros2_humble_colcon_ws/install/py_pub_sub/lib/python3.10/site-packages/py_pub_sub
byte-compiling /home/ugv-c7/CodeWorkspace/UGV-Robot/ros2_humble_colcon_ws/install/py_pub_sub/lib/python3.10/site-packages/py_pub_sub/__init__.py to __init__.cpython-310.pyc
running install_data
creating /home/ugv-c7/CodeWorkspace/UGV-Robot/ros2_humble_colcon_ws/install/py_pub_sub/share/ament_index
creating /home/ugv-c7/CodeWorkspace/UGV-Robot/ros2_humble_colcon_ws/install/py_pub_sub/share/ament_index/resource_index
creating /home/ugv-c7/CodeWorkspace/UGV-Robot/ros2_humble_colcon_ws/install/py_pub_sub/share/ament_index/resource_index/packages
copying resource/py_pub_sub -> /home/ugv-c7/CodeWorkspace/UGV-Robot/ros2_humble_colcon_ws/install/py_pub_sub/share/ament_index/resource_index/packages
copying package.xml -> /home/ugv-c7/CodeWorkspace/UGV-Robot/ros2_humble_colcon_ws/install/py_pub_sub/share/py_pub_sub
running install_egg_info
Copying ../../build/py_pub_sub/py_pub_sub.egg-info to /home/ugv-c7/CodeWorkspace/UGV-Robot/ros2_humble_colcon_ws/install/py_pub_sub/lib/python3.10/site-packages/py_pub_sub-0.0.0-py3.10.egg-info
running install_scripts
writing list of installed files to '/home/ugv-c7/CodeWorkspace/UGV-Robot/ros2_humble_colcon_ws/build/py_pub_sub/install.log'
