[0.874s] Invoking command in '/home/ugv-c7/CodeWorkspace/UGV-Robot/ros2_humble_colcon_ws/build/moveit_core': AMENT_PREFIX_PATH=/home/ugv-c7/CodeWorkspace/UGV-Robot/ros2_humble_colcon_ws/install/moveit_resources_panda_moveit_config:/home/ugv-c7/CodeWorkspace/UGV-Robot/ros2_humble_colcon_ws/install/srdfdom:/home/ugv-c7/CodeWorkspace/UGV-Robot/ros2_humble_colcon_ws/install/moveit_resources_pr2_description:/home/ugv-c7/CodeWorkspace/UGV-Robot/ros2_humble_colcon_ws/install/moveit_resources_panda_description:/home/ugv-c7/CodeWorkspace/UGV-Robot/ros2_humble_colcon_ws/install/moveit_common:${AMENT_PREFIX_PATH} CMAKE_PREFIX_PATH=/home/ugv-c7/CodeWorkspace/UGV-Robot/ros2_humble_colcon_ws/install/moveit_resources_panda_moveit_config:/home/ugv-c7/CodeWorkspace/UGV-Robot/ros2_humble_colcon_ws/install/srdfdom:/home/ugv-c7/CodeWorkspace/UGV-Robot/ros2_humble_colcon_ws/install/moveit_resources_pr2_description:/home/ugv-c7/CodeWorkspace/UGV-Robot/ros2_humble_colcon_ws/install/moveit_resources_panda_description:/home/ugv-c7/CodeWorkspace/UGV-Robot/ros2_humble_colcon_ws/install/moveit_common:/opt/ros/humble LD_LIBRARY_PATH=/home/ugv-c7/CodeWorkspace/UGV-Robot/ros2_humble_colcon_ws/install/srdfdom/lib:${LD_LIBRARY_PATH} PYTHONPATH=/home/ugv-c7/CodeWorkspace/UGV-Robot/ros2_humble_colcon_ws/install/srdfdom/local/lib/python3.10/dist-packages:${PYTHONPATH} /usr/bin/cmake --build /home/ugv-c7/CodeWorkspace/UGV-Robot/ros2_humble_colcon_ws/build/moveit_core -- -j6 -l6
[1.165s] [35m[1mConsolidate compiler generated dependencies of target moveit_exceptions[0m
[1.174s] [35m[1mConsolidate compiler generated dependencies of target gtest[0m
[1.217s] [35m[1mConsolidate compiler generated dependencies of target moveit_transforms[0m
[1.225s] [  1%] Built target gtest
[1.226s] [35m[1mConsolidate compiler generated dependencies of target moveit_kinematics_base[0m
[1.228s] [35m[1mConsolidate compiler generated dependencies of target moveit_utils[0m
[1.249s] [35m[1mConsolidate compiler generated dependencies of target moveit_distance_field[0m
[1.279s] [  2%] Built target moveit_exceptions
[1.327s] [  3%] Built target moveit_transforms
[1.346s] [  6%] Built target moveit_utils
[1.353s] [35m[1mConsolidate compiler generated dependencies of target gtest_main[0m
[1.380s] [  7%] Built target moveit_kinematics_base
[1.405s] [35m[1mConsolidate compiler generated dependencies of target gmock[0m
[1.405s] [35m[1mConsolidate compiler generated dependencies of target gmock_main[0m
[1.443s] [  8%] Built target gtest_main
[1.443s] [35m[1mConsolidate compiler generated dependencies of target moveit_smoothing_base[0m
[1.452s] [ 11%] Built target moveit_distance_field
[1.483s] [ 13%] Built target moveit_butterworth_parameters
[1.486s] [ 15%] Built target gmock
[1.491s] [ 16%] Built target gmock_main
[1.507s] [ 17%] Built target moveit_smoothing_base
[1.510s] [35m[1mConsolidate compiler generated dependencies of target moveit_version[0m
[1.535s] [35m[1mConsolidate compiler generated dependencies of target test_voxel_grid[0m
[1.536s] [35m[1mConsolidate compiler generated dependencies of target test_distance_field[0m
[1.562s] [35m[1mConsolidate compiler generated dependencies of target test_transforms[0m
[1.568s] [ 18%] Built target moveit_version
[1.597s] [35m[1mConsolidate compiler generated dependencies of target moveit_robot_model[0m
[1.601s] [ 19%] Built target test_distance_field
[1.612s] [ 20%] Built target test_voxel_grid
[1.615s] [ 21%] Built target test_transforms
[1.703s] [ 27%] Built target moveit_robot_model
[1.745s] [35m[1mConsolidate compiler generated dependencies of target moveit_test_utils[0m
[1.746s] [35m[1mConsolidate compiler generated dependencies of target moveit_butterworth_filter[0m
[1.756s] [35m[1mConsolidate compiler generated dependencies of target moveit_robot_state[0m
[1.830s] [ 28%] Built target moveit_butterworth_filter
[1.837s] [ 30%] Built target moveit_test_utils
[1.845s] [ 33%] Built target moveit_robot_state
[1.868s] [35m[1mConsolidate compiler generated dependencies of target test_butterworth_filter[0m
[1.878s] [35m[1mConsolidate compiler generated dependencies of target test_robot_model[0m
[1.893s] [35m[1mConsolidate compiler generated dependencies of target moveit_robot_trajectory[0m
[1.914s] [35m[1mConsolidate compiler generated dependencies of target moveit_dynamics_solver[0m
[1.914s] [35m[1mConsolidate compiler generated dependencies of target moveit_kinematics_metrics[0m
[1.944s] [ 34%] Built target test_butterworth_filter
[1.955s] [35m[1mConsolidate compiler generated dependencies of target moveit_collision_detection[0m
[1.962s] [ 35%] Built target test_robot_model
[1.976s] [ 36%] Built target moveit_robot_trajectory
[1.999s] [ 37%] Built target moveit_dynamics_solver
[1.999s] [35m[1mConsolidate compiler generated dependencies of target test_robot_state[0m
[2.004s] [ 38%] Built target moveit_kinematics_metrics
[2.037s] [35m[1mConsolidate compiler generated dependencies of target test_robot_state_benchmark[0m
[2.047s] [35m[1mConsolidate compiler generated dependencies of target test_robot_state_complex[0m
[2.080s] [35m[1mConsolidate compiler generated dependencies of target test_aabb[0m
[2.083s] [35m[1mConsolidate compiler generated dependencies of target test_cartesian_interpolator[0m
[2.093s] [ 40%] Built target test_robot_state
[2.113s] [ 46%] Built target moveit_collision_detection
[2.113s] [ 46%] Built target test_robot_state_benchmark
[2.122s] [ 47%] Built target test_robot_state_complex
[2.151s] [ 48%] Built target test_aabb
[2.161s] [35m[1mConsolidate compiler generated dependencies of target test_robot_trajectory[0m
[2.168s] [ 49%] Built target test_cartesian_interpolator
[2.175s] [35m[1mConsolidate compiler generated dependencies of target test_world[0m
[2.194s] [35m[1mConsolidate compiler generated dependencies of target moveit_planning_interface[0m
[2.205s] [35m[1mConsolidate compiler generated dependencies of target test_world_diff[0m
[2.205s] [35m[1mConsolidate compiler generated dependencies of target moveit_trajectory_processing[0m
[2.226s] [ 50%] Built target test_world
[2.232s] [35m[1mConsolidate compiler generated dependencies of target test_all_valid[0m
[2.237s] [ 51%] Built target test_robot_trajectory
[2.253s] [ 53%] Built target test_world_diff
[2.294s] [ 54%] Built target test_all_valid
[2.302s] [ 58%] Built target moveit_trajectory_processing
[2.302s] [ 59%] Built target moveit_planning_interface
[2.305s] [35m[1mConsolidate compiler generated dependencies of target moveit_collision_detection_fcl[0m
[2.330s] [35m[1mConsolidate compiler generated dependencies of target moveit_collision_detection_bullet[0m
[2.346s] [35m[1mConsolidate compiler generated dependencies of target test_time_parameterization[0m
[2.347s] [35m[1mConsolidate compiler generated dependencies of target test_time_optimal_trajectory_generation[0m
[2.347s] [35m[1mConsolidate compiler generated dependencies of target test_ruckig_traj_smoothing[0m
[2.408s] [ 62%] Built target test_time_optimal_trajectory_generation
[2.409s] [ 62%] Built target test_time_parameterization
[2.413s] [ 63%] Built target test_ruckig_traj_smoothing
[2.427s] [ 65%] Built target moveit_collision_detection_fcl
[2.462s] [ 70%] Built target moveit_collision_detection_bullet
[2.471s] [35m[1mConsolidate compiler generated dependencies of target test_fcl_collision_env[0m
[2.473s] [35m[1mConsolidate compiler generated dependencies of target test_fcl_collision_detection[0m
[2.478s] [35m[1mConsolidate compiler generated dependencies of target test_fcl_collision_detection_panda[0m
[2.478s] [35m[1mConsolidate compiler generated dependencies of target moveit_kinematic_constraints[0m
[2.520s] [35m[1mConsolidate compiler generated dependencies of target test_bullet_collision_detection[0m
[2.534s] [35m[1mConsolidate compiler generated dependencies of target test_bullet_collision_detection_panda[0m
[2.560s] [ 73%] Built target test_fcl_collision_detection_panda
[2.560s] [ 73%] Built target test_fcl_collision_detection
[2.565s] [ 74%] Built target test_fcl_collision_env
[2.587s] [ 77%] Built target moveit_kinematic_constraints
[2.588s] [ 77%] Built target test_bullet_collision_detection
[2.593s] [35m[1mConsolidate compiler generated dependencies of target test_bullet_continuous_collision_checking[0m
[2.609s] [ 79%] Built target test_bullet_collision_detection_panda
[2.630s] [35m[1mConsolidate compiler generated dependencies of target test_orientation_constraints[0m
[2.630s] [35m[1mConsolidate compiler generated dependencies of target moveit_planning_scene[0m
[2.630s] [35m[1mConsolidate compiler generated dependencies of target test_constraints[0m
[2.660s] [ 80%] Built target test_bullet_continuous_collision_checking
[2.697s] [ 82%] Built target test_constraints
[2.697s] [ 82%] Built target test_orientation_constraints
[2.713s] [ 84%] Built target moveit_planning_scene
[2.762s] [35m[1mConsolidate compiler generated dependencies of target test_multi_threaded[0m
[2.763s] [35m[1mConsolidate compiler generated dependencies of target test_collision_objects[0m
[2.767s] [35m[1mConsolidate compiler generated dependencies of target moveit_planning_request_adapter[0m
[2.770s] [35m[1mConsolidate compiler generated dependencies of target test_planning_scene[0m
[2.780s] [35m[1mConsolidate compiler generated dependencies of target moveit_collision_distance_field[0m
[2.813s] [35m[1mConsolidate compiler generated dependencies of target moveit_constraint_samplers[0m
[2.828s] [ 85%] Built target test_multi_threaded
[2.830s] [ 86%] Built target test_collision_objects
[2.861s] [ 87%] Built target test_planning_scene
[2.867s] [ 88%] Built target moveit_planning_request_adapter
[2.877s] [35m[1mConsolidate compiler generated dependencies of target collision_detector_bullet_plugin[0m
[2.878s] [35m[1mConsolidate compiler generated dependencies of target collision_detector_fcl_plugin[0m
[2.891s] [ 91%] Built target moveit_collision_distance_field
[2.917s] [ 94%] Built target moveit_constraint_samplers
[2.940s] [ 96%] Built target collision_detector_fcl_plugin
[2.940s] [ 96%] Built target collision_detector_bullet_plugin
[2.940s] [35m[1mConsolidate compiler generated dependencies of target test_collision_distance_field[0m
[2.961s] [35m[1mConsolidate compiler generated dependencies of target test_constraint_samplers[0m
[3.010s] [ 97%] Built target test_collision_distance_field
[3.054s] [100%] Built target test_constraint_samplers
[3.090s] Invoked command in '/home/ugv-c7/CodeWorkspace/UGV-Robot/ros2_humble_colcon_ws/build/moveit_core' returned '0': AMENT_PREFIX_PATH=/home/ugv-c7/CodeWorkspace/UGV-Robot/ros2_humble_colcon_ws/install/moveit_resources_panda_moveit_config:/home/ugv-c7/CodeWorkspace/UGV-Robot/ros2_humble_colcon_ws/install/srdfdom:/home/ugv-c7/CodeWorkspace/UGV-Robot/ros2_humble_colcon_ws/install/moveit_resources_pr2_description:/home/ugv-c7/CodeWorkspace/UGV-Robot/ros2_humble_colcon_ws/install/moveit_resources_panda_description:/home/ugv-c7/CodeWorkspace/UGV-Robot/ros2_humble_colcon_ws/install/moveit_common:${AMENT_PREFIX_PATH} CMAKE_PREFIX_PATH=/home/ugv-c7/CodeWorkspace/UGV-Robot/ros2_humble_colcon_ws/install/moveit_resources_panda_moveit_config:/home/ugv-c7/CodeWorkspace/UGV-Robot/ros2_humble_colcon_ws/install/srdfdom:/home/ugv-c7/CodeWorkspace/UGV-Robot/ros2_humble_colcon_ws/install/moveit_resources_pr2_description:/home/ugv-c7/CodeWorkspace/UGV-Robot/ros2_humble_colcon_ws/install/moveit_resources_panda_description:/home/ugv-c7/CodeWorkspace/UGV-Robot/ros2_humble_colcon_ws/install/moveit_common:/opt/ros/humble LD_LIBRARY_PATH=/home/ugv-c7/CodeWorkspace/UGV-Robot/ros2_humble_colcon_ws/install/srdfdom/lib:${LD_LIBRARY_PATH} PYTHONPATH=/home/ugv-c7/CodeWorkspace/UGV-Robot/ros2_humble_colcon_ws/install/srdfdom/local/lib/python3.10/dist-packages:${PYTHONPATH} /usr/bin/cmake --build /home/ugv-c7/CodeWorkspace/UGV-Robot/ros2_humble_colcon_ws/build/moveit_core -- -j6 -l6
[3.099s] Invoking command in '/home/ugv-c7/CodeWorkspace/UGV-Robot/ros2_humble_colcon_ws/build/moveit_core': AMENT_PREFIX_PATH=/home/ugv-c7/CodeWorkspace/UGV-Robot/ros2_humble_colcon_ws/install/moveit_resources_panda_moveit_config:/home/ugv-c7/CodeWorkspace/UGV-Robot/ros2_humble_colcon_ws/install/srdfdom:/home/ugv-c7/CodeWorkspace/UGV-Robot/ros2_humble_colcon_ws/install/moveit_resources_pr2_description:/home/ugv-c7/CodeWorkspace/UGV-Robot/ros2_humble_colcon_ws/install/moveit_resources_panda_description:/home/ugv-c7/CodeWorkspace/UGV-Robot/ros2_humble_colcon_ws/install/moveit_common:${AMENT_PREFIX_PATH} CMAKE_PREFIX_PATH=/home/ugv-c7/CodeWorkspace/UGV-Robot/ros2_humble_colcon_ws/install/moveit_resources_panda_moveit_config:/home/ugv-c7/CodeWorkspace/UGV-Robot/ros2_humble_colcon_ws/install/srdfdom:/home/ugv-c7/CodeWorkspace/UGV-Robot/ros2_humble_colcon_ws/install/moveit_resources_pr2_description:/home/ugv-c7/CodeWorkspace/UGV-Robot/ros2_humble_colcon_ws/install/moveit_resources_panda_description:/home/ugv-c7/CodeWorkspace/UGV-Robot/ros2_humble_colcon_ws/install/moveit_common:/opt/ros/humble LD_LIBRARY_PATH=/home/ugv-c7/CodeWorkspace/UGV-Robot/ros2_humble_colcon_ws/install/srdfdom/lib:${LD_LIBRARY_PATH} PYTHONPATH=/home/ugv-c7/CodeWorkspace/UGV-Robot/ros2_humble_colcon_ws/install/srdfdom/local/lib/python3.10/dist-packages:${PYTHONPATH} /usr/bin/cmake --install /home/ugv-c7/CodeWorkspace/UGV-Robot/ros2_humble_colcon_ws/build/moveit_core
[3.125s] -- Install configuration: "Release"
[3.126s] -- Up-to-date: /home/ugv-c7/CodeWorkspace/UGV-Robot/ros2_humble_colcon_ws/install/moveit_core/include/moveit/version.h
[3.128s] -- Up-to-date: /home/ugv-c7/CodeWorkspace/UGV-Robot/ros2_humble_colcon_ws/install/moveit_core/include
[3.129s] -- Up-to-date: /home/ugv-c7/CodeWorkspace/UGV-Robot/ros2_humble_colcon_ws/install/moveit_core/include/moveit
[3.129s] -- Up-to-date: /home/ugv-c7/CodeWorkspace/UGV-Robot/ros2_humble_colcon_ws/install/moveit_core/include/moveit/collision_distance_field
[3.129s] -- Up-to-date: /home/ugv-c7/CodeWorkspace/UGV-Robot/ros2_humble_colcon_ws/install/moveit_core/include/moveit/collision_distance_field/collision_env_distance_field.h
[3.130s] -- Up-to-date: /home/ugv-c7/CodeWorkspace/UGV-Robot/ros2_humble_colcon_ws/install/moveit_core/include/moveit/collision_distance_field/collision_detector_allocator_distance_field.h
[3.130s] -- Up-to-date: /home/ugv-c7/CodeWorkspace/UGV-Robot/ros2_humble_colcon_ws/install/moveit_core/include/moveit/collision_distance_field/collision_env_hybrid.h
[3.130s] -- Up-to-date: /home/ugv-c7/CodeWorkspace/UGV-Robot/ros2_humble_colcon_ws/install/moveit_core/include/moveit/collision_distance_field/collision_common_distance_field.h
[3.131s] -- Up-to-date: /home/ugv-c7/CodeWorkspace/UGV-Robot/ros2_humble_colcon_ws/install/moveit_core/include/moveit/collision_distance_field/collision_distance_field_types.h
[3.131s] -- Up-to-date: /home/ugv-c7/CodeWorkspace/UGV-Robot/ros2_humble_colcon_ws/install/moveit_core/include/moveit/collision_distance_field/collision_detector_allocator_hybrid.h
[3.132s] -- Up-to-date: /home/ugv-c7/CodeWorkspace/UGV-Robot/ros2_humble_colcon_ws/install/moveit_core/include/moveit_collision_distance_field_export.h
[3.134s] -- Up-to-date: /home/ugv-c7/CodeWorkspace/UGV-Robot/ros2_humble_colcon_ws/install/moveit_core/include
[3.134s] -- Up-to-date: /home/ugv-c7/CodeWorkspace/UGV-Robot/ros2_humble_colcon_ws/install/moveit_core/include/moveit
[3.135s] -- Up-to-date: /home/ugv-c7/CodeWorkspace/UGV-Robot/ros2_humble_colcon_ws/install/moveit_core/include/moveit/constraint_samplers
[3.135s] -- Up-to-date: /home/ugv-c7/CodeWorkspace/UGV-Robot/ros2_humble_colcon_ws/install/moveit_core/include/moveit/constraint_samplers/union_constraint_sampler.h
[3.136s] -- Up-to-date: /home/ugv-c7/CodeWorkspace/UGV-Robot/ros2_humble_colcon_ws/install/moveit_core/include/moveit/constraint_samplers/constraint_sampler_tools.h
[3.136s] -- Up-to-date: /home/ugv-c7/CodeWorkspace/UGV-Robot/ros2_humble_colcon_ws/install/moveit_core/include/moveit/constraint_samplers/default_constraint_samplers.h
[3.137s] -- Up-to-date: /home/ugv-c7/CodeWorkspace/UGV-Robot/ros2_humble_colcon_ws/install/moveit_core/include/moveit/constraint_samplers/constraint_sampler_manager.h
[3.137s] -- Up-to-date: /home/ugv-c7/CodeWorkspace/UGV-Robot/ros2_humble_colcon_ws/install/moveit_core/include/moveit/constraint_samplers/constraint_sampler.h
[3.137s] -- Up-to-date: /home/ugv-c7/CodeWorkspace/UGV-Robot/ros2_humble_colcon_ws/install/moveit_core/include/moveit/constraint_samplers/constraint_sampler_allocator.h
[3.139s] -- Up-to-date: /home/ugv-c7/CodeWorkspace/UGV-Robot/ros2_humble_colcon_ws/install/moveit_core/include
[3.139s] -- Up-to-date: /home/ugv-c7/CodeWorkspace/UGV-Robot/ros2_humble_colcon_ws/install/moveit_core/include/moveit
[3.140s] -- Up-to-date: /home/ugv-c7/CodeWorkspace/UGV-Robot/ros2_humble_colcon_ws/install/moveit_core/include/moveit/controller_manager
[3.141s] -- Up-to-date: /home/ugv-c7/CodeWorkspace/UGV-Robot/ros2_humble_colcon_ws/install/moveit_core/include/moveit/controller_manager/controller_manager.h
[3.142s] -- Up-to-date: /home/ugv-c7/CodeWorkspace/UGV-Robot/ros2_humble_colcon_ws/install/moveit_core/include
[3.142s] -- Up-to-date: /home/ugv-c7/CodeWorkspace/UGV-Robot/ros2_humble_colcon_ws/install/moveit_core/include/moveit
[3.142s] -- Up-to-date: /home/ugv-c7/CodeWorkspace/UGV-Robot/ros2_humble_colcon_ws/install/moveit_core/include/moveit/distance_field
[3.142s] -- Up-to-date: /home/ugv-c7/CodeWorkspace/UGV-Robot/ros2_humble_colcon_ws/install/moveit_core/include/moveit/distance_field/voxel_grid.h
[3.142s] -- Up-to-date: /home/ugv-c7/CodeWorkspace/UGV-Robot/ros2_humble_colcon_ws/install/moveit_core/include/moveit/distance_field/propagation_distance_field.h
[3.142s] -- Up-to-date: /home/ugv-c7/CodeWorkspace/UGV-Robot/ros2_humble_colcon_ws/install/moveit_core/include/moveit/distance_field/distance_field.h
[3.143s] -- Up-to-date: /home/ugv-c7/CodeWorkspace/UGV-Robot/ros2_humble_colcon_ws/install/moveit_core/include/moveit/distance_field/find_internal_points.h
[3.143s] -- Up-to-date: /home/ugv-c7/CodeWorkspace/UGV-Robot/ros2_humble_colcon_ws/install/moveit_core/include
[3.143s] -- Up-to-date: /home/ugv-c7/CodeWorkspace/UGV-Robot/ros2_humble_colcon_ws/install/moveit_core/include/moveit
[3.143s] -- Up-to-date: /home/ugv-c7/CodeWorkspace/UGV-Robot/ros2_humble_colcon_ws/install/moveit_core/include/moveit/dynamics_solver
[3.143s] -- Up-to-date: /home/ugv-c7/CodeWorkspace/UGV-Robot/ros2_humble_colcon_ws/install/moveit_core/include/moveit/dynamics_solver/dynamics_solver.h
[3.144s] -- Up-to-date: /home/ugv-c7/CodeWorkspace/UGV-Robot/ros2_humble_colcon_ws/install/moveit_core/include
[3.144s] -- Up-to-date: /home/ugv-c7/CodeWorkspace/UGV-Robot/ros2_humble_colcon_ws/install/moveit_core/include/moveit
[3.144s] -- Up-to-date: /home/ugv-c7/CodeWorkspace/UGV-Robot/ros2_humble_colcon_ws/install/moveit_core/include/moveit/exceptions
[3.144s] -- Up-to-date: /home/ugv-c7/CodeWorkspace/UGV-Robot/ros2_humble_colcon_ws/install/moveit_core/include/moveit/exceptions/exceptions.h
[3.145s] -- Up-to-date: /home/ugv-c7/CodeWorkspace/UGV-Robot/ros2_humble_colcon_ws/install/moveit_core/include
[3.145s] -- Up-to-date: /home/ugv-c7/CodeWorkspace/UGV-Robot/ros2_humble_colcon_ws/install/moveit_core/include/moveit
[3.145s] -- Up-to-date: /home/ugv-c7/CodeWorkspace/UGV-Robot/ros2_humble_colcon_ws/install/moveit_core/include/moveit/kinematics_base
[3.145s] -- Up-to-date: /home/ugv-c7/CodeWorkspace/UGV-Robot/ros2_humble_colcon_ws/install/moveit_core/include/moveit/kinematics_base/kinematics_base.h
[3.145s] -- Up-to-date: /home/ugv-c7/CodeWorkspace/UGV-Robot/ros2_humble_colcon_ws/install/moveit_core/include/moveit_kinematics_base_export.h
[3.146s] -- Up-to-date: /home/ugv-c7/CodeWorkspace/UGV-Robot/ros2_humble_colcon_ws/install/moveit_core/include
[3.146s] -- Up-to-date: /home/ugv-c7/CodeWorkspace/UGV-Robot/ros2_humble_colcon_ws/install/moveit_core/include/moveit
[3.146s] -- Up-to-date: /home/ugv-c7/CodeWorkspace/UGV-Robot/ros2_humble_colcon_ws/install/moveit_core/include/moveit/kinematic_constraints
[3.146s] -- Up-to-date: /home/ugv-c7/CodeWorkspace/UGV-Robot/ros2_humble_colcon_ws/install/moveit_core/include/moveit/kinematic_constraints/kinematic_constraint.h
[3.147s] -- Up-to-date: /home/ugv-c7/CodeWorkspace/UGV-Robot/ros2_humble_colcon_ws/install/moveit_core/include/moveit/kinematic_constraints/utils.h
[3.147s] -- Up-to-date: /home/ugv-c7/CodeWorkspace/UGV-Robot/ros2_humble_colcon_ws/install/moveit_core/include
[3.147s] -- Up-to-date: /home/ugv-c7/CodeWorkspace/UGV-Robot/ros2_humble_colcon_ws/install/moveit_core/include/moveit
[3.147s] -- Up-to-date: /home/ugv-c7/CodeWorkspace/UGV-Robot/ros2_humble_colcon_ws/install/moveit_core/include/moveit/kinematics_metrics
[3.147s] -- Up-to-date: /home/ugv-c7/CodeWorkspace/UGV-Robot/ros2_humble_colcon_ws/install/moveit_core/include/moveit/kinematics_metrics/kinematics_metrics.h
[3.148s] -- Up-to-date: /home/ugv-c7/CodeWorkspace/UGV-Robot/ros2_humble_colcon_ws/install/moveit_core/include
[3.148s] -- Up-to-date: /home/ugv-c7/CodeWorkspace/UGV-Robot/ros2_humble_colcon_ws/install/moveit_core/include/moveit
[3.148s] -- Up-to-date: /home/ugv-c7/CodeWorkspace/UGV-Robot/ros2_humble_colcon_ws/install/moveit_core/include/moveit/macros
[3.149s] -- Up-to-date: /home/ugv-c7/CodeWorkspace/UGV-Robot/ros2_humble_colcon_ws/install/moveit_core/include/moveit/macros/console_colors.h
[3.149s] -- Up-to-date: /home/ugv-c7/CodeWorkspace/UGV-Robot/ros2_humble_colcon_ws/install/moveit_core/include/moveit/macros/class_forward.h
[3.149s] -- Up-to-date: /home/ugv-c7/CodeWorkspace/UGV-Robot/ros2_humble_colcon_ws/install/moveit_core/include/moveit/macros/declare_ptr.h
[3.149s] -- Up-to-date: /home/ugv-c7/CodeWorkspace/UGV-Robot/ros2_humble_colcon_ws/install/moveit_core/include/moveit/macros/deprecation.h
[3.149s] -- Up-to-date: /home/ugv-c7/CodeWorkspace/UGV-Robot/ros2_humble_colcon_ws/install/moveit_core/include/moveit_core
[3.149s] -- Up-to-date: /home/ugv-c7/CodeWorkspace/UGV-Robot/ros2_humble_colcon_ws/install/moveit_core/include/moveit_core/moveit_butterworth_parameters.hpp
[3.150s] -- Up-to-date: /home/ugv-c7/CodeWorkspace/UGV-Robot/ros2_humble_colcon_ws/install/moveit_core/include
[3.150s] -- Up-to-date: /home/ugv-c7/CodeWorkspace/UGV-Robot/ros2_humble_colcon_ws/install/moveit_core/include/moveit
[3.150s] -- Up-to-date: /home/ugv-c7/CodeWorkspace/UGV-Robot/ros2_humble_colcon_ws/install/moveit_core/include/moveit/online_signal_smoothing
[3.150s] -- Up-to-date: /home/ugv-c7/CodeWorkspace/UGV-Robot/ros2_humble_colcon_ws/install/moveit_core/include/moveit/online_signal_smoothing/butterworth_filter.h
[3.150s] -- Up-to-date: /home/ugv-c7/CodeWorkspace/UGV-Robot/ros2_humble_colcon_ws/install/moveit_core/include/moveit/online_signal_smoothing/smoothing_base_class.h
[3.150s] -- Up-to-date: /home/ugv-c7/CodeWorkspace/UGV-Robot/ros2_humble_colcon_ws/install/moveit_core/include/moveit_smoothing_base_export.h
[3.150s] -- Up-to-date: /home/ugv-c7/CodeWorkspace/UGV-Robot/ros2_humble_colcon_ws/install/moveit_core/include/moveit_butterworth_filter_export.h
[3.151s] -- Up-to-date: /home/ugv-c7/CodeWorkspace/UGV-Robot/ros2_humble_colcon_ws/install/moveit_core/include
[3.151s] -- Up-to-date: /home/ugv-c7/CodeWorkspace/UGV-Robot/ros2_humble_colcon_ws/install/moveit_core/include/moveit
[3.151s] -- Up-to-date: /home/ugv-c7/CodeWorkspace/UGV-Robot/ros2_humble_colcon_ws/install/moveit_core/include/moveit/planning_interface
[3.151s] -- Up-to-date: /home/ugv-c7/CodeWorkspace/UGV-Robot/ros2_humble_colcon_ws/install/moveit_core/include/moveit/planning_interface/planning_interface.h
[3.151s] -- Up-to-date: /home/ugv-c7/CodeWorkspace/UGV-Robot/ros2_humble_colcon_ws/install/moveit_core/include/moveit/planning_interface/planning_response.h
[3.152s] -- Up-to-date: /home/ugv-c7/CodeWorkspace/UGV-Robot/ros2_humble_colcon_ws/install/moveit_core/include/moveit/planning_interface/planning_request.h
[3.152s] -- Up-to-date: /home/ugv-c7/CodeWorkspace/UGV-Robot/ros2_humble_colcon_ws/install/moveit_core/include
[3.152s] -- Up-to-date: /home/ugv-c7/CodeWorkspace/UGV-Robot/ros2_humble_colcon_ws/install/moveit_core/include/moveit
[3.152s] -- Up-to-date: /home/ugv-c7/CodeWorkspace/UGV-Robot/ros2_humble_colcon_ws/install/moveit_core/include/moveit/planning_request_adapter
[3.152s] -- Up-to-date: /home/ugv-c7/CodeWorkspace/UGV-Robot/ros2_humble_colcon_ws/install/moveit_core/include/moveit/planning_request_adapter/planning_request_adapter.h
[3.153s] -- Up-to-date: /home/ugv-c7/CodeWorkspace/UGV-Robot/ros2_humble_colcon_ws/install/moveit_core/include
[3.153s] -- Up-to-date: /home/ugv-c7/CodeWorkspace/UGV-Robot/ros2_humble_colcon_ws/install/moveit_core/include/moveit
[3.153s] -- Up-to-date: /home/ugv-c7/CodeWorkspace/UGV-Robot/ros2_humble_colcon_ws/install/moveit_core/include/moveit/planning_scene
[3.154s] -- Up-to-date: /home/ugv-c7/CodeWorkspace/UGV-Robot/ros2_humble_colcon_ws/install/moveit_core/include/moveit/planning_scene/planning_scene.h
[3.154s] -- Up-to-date: /home/ugv-c7/CodeWorkspace/UGV-Robot/ros2_humble_colcon_ws/install/moveit_core/include/moveit_planning_scene_export.h
[3.155s] -- Up-to-date: /home/ugv-c7/CodeWorkspace/UGV-Robot/ros2_humble_colcon_ws/install/moveit_core/include
[3.155s] -- Up-to-date: /home/ugv-c7/CodeWorkspace/UGV-Robot/ros2_humble_colcon_ws/install/moveit_core/include/moveit
[3.155s] -- Up-to-date: /home/ugv-c7/CodeWorkspace/UGV-Robot/ros2_humble_colcon_ws/install/moveit_core/include/moveit/robot_model
[3.156s] -- Up-to-date: /home/ugv-c7/CodeWorkspace/UGV-Robot/ros2_humble_colcon_ws/install/moveit_core/include/moveit/robot_model/prismatic_joint_model.h
[3.156s] -- Up-to-date: /home/ugv-c7/CodeWorkspace/UGV-Robot/ros2_humble_colcon_ws/install/moveit_core/include/moveit/robot_model/joint_model_group.h
[3.156s] -- Up-to-date: /home/ugv-c7/CodeWorkspace/UGV-Robot/ros2_humble_colcon_ws/install/moveit_core/include/moveit/robot_model/revolute_joint_model.h
[3.156s] -- Up-to-date: /home/ugv-c7/CodeWorkspace/UGV-Robot/ros2_humble_colcon_ws/install/moveit_core/include/moveit/robot_model/robot_model.h
[3.156s] -- Up-to-date: /home/ugv-c7/CodeWorkspace/UGV-Robot/ros2_humble_colcon_ws/install/moveit_core/include/moveit/robot_model/floating_joint_model.h
[3.157s] -- Up-to-date: /home/ugv-c7/CodeWorkspace/UGV-Robot/ros2_humble_colcon_ws/install/moveit_core/include/moveit/robot_model/fixed_joint_model.h
[3.157s] -- Up-to-date: /home/ugv-c7/CodeWorkspace/UGV-Robot/ros2_humble_colcon_ws/install/moveit_core/include/moveit/robot_model/joint_model.h
[3.157s] -- Up-to-date: /home/ugv-c7/CodeWorkspace/UGV-Robot/ros2_humble_colcon_ws/install/moveit_core/include/moveit/robot_model/aabb.h
[3.157s] -- Up-to-date: /home/ugv-c7/CodeWorkspace/UGV-Robot/ros2_humble_colcon_ws/install/moveit_core/include/moveit/robot_model/link_model.h
[3.158s] -- Up-to-date: /home/ugv-c7/CodeWorkspace/UGV-Robot/ros2_humble_colcon_ws/install/moveit_core/include/moveit/robot_model/planar_joint_model.h
[3.158s] -- Up-to-date: /home/ugv-c7/CodeWorkspace/UGV-Robot/ros2_humble_colcon_ws/install/moveit_core/include
[3.158s] -- Up-to-date: /home/ugv-c7/CodeWorkspace/UGV-Robot/ros2_humble_colcon_ws/install/moveit_core/include/moveit
[3.158s] -- Up-to-date: /home/ugv-c7/CodeWorkspace/UGV-Robot/ros2_humble_colcon_ws/install/moveit_core/include/moveit/robot_state
[3.158s] -- Up-to-date: /home/ugv-c7/CodeWorkspace/UGV-Robot/ros2_humble_colcon_ws/install/moveit_core/include/moveit/robot_state/cartesian_interpolator.h
[3.158s] -- Up-to-date: /home/ugv-c7/CodeWorkspace/UGV-Robot/ros2_humble_colcon_ws/install/moveit_core/include/moveit/robot_state/attached_body.h
[3.158s] -- Up-to-date: /home/ugv-c7/CodeWorkspace/UGV-Robot/ros2_humble_colcon_ws/install/moveit_core/include/moveit/robot_state/conversions.h
[3.159s] -- Up-to-date: /home/ugv-c7/CodeWorkspace/UGV-Robot/ros2_humble_colcon_ws/install/moveit_core/include/moveit/robot_state/robot_state.h
[3.159s] -- Up-to-date: /home/ugv-c7/CodeWorkspace/UGV-Robot/ros2_humble_colcon_ws/install/moveit_core/include
[3.159s] -- Up-to-date: /home/ugv-c7/CodeWorkspace/UGV-Robot/ros2_humble_colcon_ws/install/moveit_core/include/moveit
[3.159s] -- Up-to-date: /home/ugv-c7/CodeWorkspace/UGV-Robot/ros2_humble_colcon_ws/install/moveit_core/include/moveit/robot_trajectory
[3.159s] -- Up-to-date: /home/ugv-c7/CodeWorkspace/UGV-Robot/ros2_humble_colcon_ws/install/moveit_core/include/moveit/robot_trajectory/robot_trajectory.h
[3.159s] -- Up-to-date: /home/ugv-c7/CodeWorkspace/UGV-Robot/ros2_humble_colcon_ws/install/moveit_core/include
[3.160s] -- Up-to-date: /home/ugv-c7/CodeWorkspace/UGV-Robot/ros2_humble_colcon_ws/install/moveit_core/include/moveit
[3.160s] -- Up-to-date: /home/ugv-c7/CodeWorkspace/UGV-Robot/ros2_humble_colcon_ws/install/moveit_core/include/moveit/sensor_manager
[3.160s] -- Up-to-date: /home/ugv-c7/CodeWorkspace/UGV-Robot/ros2_humble_colcon_ws/install/moveit_core/include/moveit/sensor_manager/sensor_manager.h
[3.161s] -- Up-to-date: /home/ugv-c7/CodeWorkspace/UGV-Robot/ros2_humble_colcon_ws/install/moveit_core/include
[3.161s] -- Up-to-date: /home/ugv-c7/CodeWorkspace/UGV-Robot/ros2_humble_colcon_ws/install/moveit_core/include/moveit
[3.161s] -- Up-to-date: /home/ugv-c7/CodeWorkspace/UGV-Robot/ros2_humble_colcon_ws/install/moveit_core/include/moveit/trajectory_processing
[3.161s] -- Up-to-date: /home/ugv-c7/CodeWorkspace/UGV-Robot/ros2_humble_colcon_ws/install/moveit_core/include/moveit/trajectory_processing/time_parameterization.h
[3.161s] -- Up-to-date: /home/ugv-c7/CodeWorkspace/UGV-Robot/ros2_humble_colcon_ws/install/moveit_core/include/moveit/trajectory_processing/iterative_spline_parameterization.h
[3.162s] -- Up-to-date: /home/ugv-c7/CodeWorkspace/UGV-Robot/ros2_humble_colcon_ws/install/moveit_core/include/moveit/trajectory_processing/time_optimal_trajectory_generation.h
[3.162s] -- Up-to-date: /home/ugv-c7/CodeWorkspace/UGV-Robot/ros2_humble_colcon_ws/install/moveit_core/include/moveit/trajectory_processing/iterative_time_parameterization.h
[3.162s] -- Up-to-date: /home/ugv-c7/CodeWorkspace/UGV-Robot/ros2_humble_colcon_ws/install/moveit_core/include/moveit/trajectory_processing/ruckig_traj_smoothing.h
[3.162s] -- Up-to-date: /home/ugv-c7/CodeWorkspace/UGV-Robot/ros2_humble_colcon_ws/install/moveit_core/include/moveit/trajectory_processing/trajectory_tools.h
[3.162s] -- Up-to-date: /home/ugv-c7/CodeWorkspace/UGV-Robot/ros2_humble_colcon_ws/install/moveit_core/include
[3.162s] -- Up-to-date: /home/ugv-c7/CodeWorkspace/UGV-Robot/ros2_humble_colcon_ws/install/moveit_core/include/moveit
[3.163s] -- Up-to-date: /home/ugv-c7/CodeWorkspace/UGV-Robot/ros2_humble_colcon_ws/install/moveit_core/include/moveit/transforms
[3.163s] -- Up-to-date: /home/ugv-c7/CodeWorkspace/UGV-Robot/ros2_humble_colcon_ws/install/moveit_core/include/moveit/transforms/transforms.h
[3.163s] -- Up-to-date: /home/ugv-c7/CodeWorkspace/UGV-Robot/ros2_humble_colcon_ws/install/moveit_core/include
[3.163s] -- Up-to-date: /home/ugv-c7/CodeWorkspace/UGV-Robot/ros2_humble_colcon_ws/install/moveit_core/include/moveit
[3.164s] -- Up-to-date: /home/ugv-c7/CodeWorkspace/UGV-Robot/ros2_humble_colcon_ws/install/moveit_core/include/moveit/utils
[3.164s] -- Up-to-date: /home/ugv-c7/CodeWorkspace/UGV-Robot/ros2_humble_colcon_ws/install/moveit_core/include/moveit/utils/robot_model_test_utils.h
[3.164s] -- Up-to-date: /home/ugv-c7/CodeWorkspace/UGV-Robot/ros2_humble_colcon_ws/install/moveit_core/include/moveit/utils/message_checks.h
[3.164s] -- Up-to-date: /home/ugv-c7/CodeWorkspace/UGV-Robot/ros2_humble_colcon_ws/install/moveit_core/include/moveit/utils/rclcpp_utils.h
[3.164s] -- Up-to-date: /home/ugv-c7/CodeWorkspace/UGV-Robot/ros2_humble_colcon_ws/install/moveit_core/include/moveit/utils/moveit_error_code.h
[3.164s] -- Up-to-date: /home/ugv-c7/CodeWorkspace/UGV-Robot/ros2_humble_colcon_ws/install/moveit_core/include/moveit/utils/lexical_casts.h
[3.165s] -- Up-to-date: /home/ugv-c7/CodeWorkspace/UGV-Robot/ros2_humble_colcon_ws/install/moveit_core/bin/moveit_version
[3.166s] -- Up-to-date: /home/ugv-c7/CodeWorkspace/UGV-Robot/ros2_humble_colcon_ws/install/moveit_core/include
[3.166s] -- Up-to-date: /home/ugv-c7/CodeWorkspace/UGV-Robot/ros2_humble_colcon_ws/install/moveit_core/include/moveit
[3.167s] -- Up-to-date: /home/ugv-c7/CodeWorkspace/UGV-Robot/ros2_humble_colcon_ws/install/moveit_core/include/moveit/collision_detection
[3.167s] -- Up-to-date: /home/ugv-c7/CodeWorkspace/UGV-Robot/ros2_humble_colcon_ws/install/moveit_core/include/moveit/collision_detection/collision_plugin.h
[3.167s] -- Up-to-date: /home/ugv-c7/CodeWorkspace/UGV-Robot/ros2_humble_colcon_ws/install/moveit_core/include/moveit/collision_detection/collision_detector_allocator.h
[3.167s] -- Up-to-date: /home/ugv-c7/CodeWorkspace/UGV-Robot/ros2_humble_colcon_ws/install/moveit_core/include/moveit/collision_detection/collision_matrix.h
[3.168s] -- Up-to-date: /home/ugv-c7/CodeWorkspace/UGV-Robot/ros2_humble_colcon_ws/install/moveit_core/include/moveit/collision_detection/allvalid
[3.168s] -- Up-to-date: /home/ugv-c7/CodeWorkspace/UGV-Robot/ros2_humble_colcon_ws/install/moveit_core/include/moveit/collision_detection/allvalid/collision_env_allvalid.h
[3.168s] -- Up-to-date: /home/ugv-c7/CodeWorkspace/UGV-Robot/ros2_humble_colcon_ws/install/moveit_core/include/moveit/collision_detection/allvalid/collision_detector_allocator_allvalid.h
[3.168s] -- Up-to-date: /home/ugv-c7/CodeWorkspace/UGV-Robot/ros2_humble_colcon_ws/install/moveit_core/include/moveit/collision_detection/collision_env.h
[3.168s] -- Up-to-date: /home/ugv-c7/CodeWorkspace/UGV-Robot/ros2_humble_colcon_ws/install/moveit_core/include/moveit/collision_detection/collision_octomap_filter.h
[3.168s] -- Up-to-date: /home/ugv-c7/CodeWorkspace/UGV-Robot/ros2_humble_colcon_ws/install/moveit_core/include/moveit/collision_detection/collision_tools.h
[3.168s] -- Up-to-date: /home/ugv-c7/CodeWorkspace/UGV-Robot/ros2_humble_colcon_ws/install/moveit_core/include/moveit/collision_detection/world.h
[3.169s] -- Up-to-date: /home/ugv-c7/CodeWorkspace/UGV-Robot/ros2_humble_colcon_ws/install/moveit_core/include/moveit/collision_detection/occupancy_map.h
[3.169s] -- Up-to-date: /home/ugv-c7/CodeWorkspace/UGV-Robot/ros2_humble_colcon_ws/install/moveit_core/include/moveit/collision_detection/world_diff.h
[3.169s] -- Up-to-date: /home/ugv-c7/CodeWorkspace/UGV-Robot/ros2_humble_colcon_ws/install/moveit_core/include/moveit/collision_detection/collision_common.h
[3.169s] -- Up-to-date: /home/ugv-c7/CodeWorkspace/UGV-Robot/ros2_humble_colcon_ws/install/moveit_core/include/moveit/collision_detection/collision_plugin_cache.h
[3.169s] -- Up-to-date: /home/ugv-c7/CodeWorkspace/UGV-Robot/ros2_humble_colcon_ws/install/moveit_core/include/moveit/collision_detection/test_collision_common_panda.h
[3.170s] -- Up-to-date: /home/ugv-c7/CodeWorkspace/UGV-Robot/ros2_humble_colcon_ws/install/moveit_core/include/moveit/collision_detection/test_collision_common_pr2.h
[3.170s] -- Up-to-date: /home/ugv-c7/CodeWorkspace/UGV-Robot/ros2_humble_colcon_ws/install/moveit_core/include/moveit_collision_detection_export.h
[3.170s] -- Up-to-date: /home/ugv-c7/CodeWorkspace/UGV-Robot/ros2_humble_colcon_ws/install/moveit_core/include
[3.170s] -- Up-to-date: /home/ugv-c7/CodeWorkspace/UGV-Robot/ros2_humble_colcon_ws/install/moveit_core/include/moveit
[3.170s] -- Up-to-date: /home/ugv-c7/CodeWorkspace/UGV-Robot/ros2_humble_colcon_ws/install/moveit_core/include/moveit/collision_detection_bullet
[3.170s] -- Up-to-date: /home/ugv-c7/CodeWorkspace/UGV-Robot/ros2_humble_colcon_ws/install/moveit_core/include/moveit/collision_detection_bullet/collision_env_bullet.h
[3.171s] -- Up-to-date: /home/ugv-c7/CodeWorkspace/UGV-Robot/ros2_humble_colcon_ws/install/moveit_core/include/moveit/collision_detection_bullet/collision_detector_bullet_plugin_loader.h
[3.171s] -- Up-to-date: /home/ugv-c7/CodeWorkspace/UGV-Robot/ros2_humble_colcon_ws/install/moveit_core/include/moveit/collision_detection_bullet/collision_detector_allocator_bullet.h
[3.171s] -- Up-to-date: /home/ugv-c7/CodeWorkspace/UGV-Robot/ros2_humble_colcon_ws/install/moveit_core/include/moveit/collision_detection_bullet/bullet_integration
[3.171s] -- Up-to-date: /home/ugv-c7/CodeWorkspace/UGV-Robot/ros2_humble_colcon_ws/install/moveit_core/include/moveit/collision_detection_bullet/bullet_integration/contact_checker_common.h
[3.171s] -- Up-to-date: /home/ugv-c7/CodeWorkspace/UGV-Robot/ros2_humble_colcon_ws/install/moveit_core/include/moveit/collision_detection_bullet/bullet_integration/bullet_cast_bvh_manager.h
[3.171s] -- Up-to-date: /home/ugv-c7/CodeWorkspace/UGV-Robot/ros2_humble_colcon_ws/install/moveit_core/include/moveit/collision_detection_bullet/bullet_integration/basic_types.h
[3.172s] -- Up-to-date: /home/ugv-c7/CodeWorkspace/UGV-Robot/ros2_humble_colcon_ws/install/moveit_core/include/moveit/collision_detection_bullet/bullet_integration/bullet_utils.h
[3.172s] -- Up-to-date: /home/ugv-c7/CodeWorkspace/UGV-Robot/ros2_humble_colcon_ws/install/moveit_core/include/moveit/collision_detection_bullet/bullet_integration/bullet_discrete_bvh_manager.h
[3.172s] -- Up-to-date: /home/ugv-c7/CodeWorkspace/UGV-Robot/ros2_humble_colcon_ws/install/moveit_core/include/moveit/collision_detection_bullet/bullet_integration/ros_bullet_utils.h
[3.172s] -- Up-to-date: /home/ugv-c7/CodeWorkspace/UGV-Robot/ros2_humble_colcon_ws/install/moveit_core/include/moveit/collision_detection_bullet/bullet_integration/bullet_bvh_manager.h
[3.172s] -- Up-to-date: /home/ugv-c7/CodeWorkspace/UGV-Robot/ros2_humble_colcon_ws/install/moveit_core/include/moveit_collision_detection_bullet_export.h
[3.172s] -- Up-to-date: /home/ugv-c7/CodeWorkspace/UGV-Robot/ros2_humble_colcon_ws/install/moveit_core/include
[3.173s] -- Up-to-date: /home/ugv-c7/CodeWorkspace/UGV-Robot/ros2_humble_colcon_ws/install/moveit_core/include/moveit
[3.173s] -- Up-to-date: /home/ugv-c7/CodeWorkspace/UGV-Robot/ros2_humble_colcon_ws/install/moveit_core/include/moveit/collision_detection_fcl
[3.173s] -- Up-to-date: /home/ugv-c7/CodeWorkspace/UGV-Robot/ros2_humble_colcon_ws/install/moveit_core/include/moveit/collision_detection_fcl/collision_detector_allocator_fcl.h
[3.173s] -- Up-to-date: /home/ugv-c7/CodeWorkspace/UGV-Robot/ros2_humble_colcon_ws/install/moveit_core/include/moveit/collision_detection_fcl/collision_detector_fcl_plugin_loader.h
[3.173s] -- Up-to-date: /home/ugv-c7/CodeWorkspace/UGV-Robot/ros2_humble_colcon_ws/install/moveit_core/include/moveit/collision_detection_fcl/collision_env_fcl.h
[3.173s] -- Up-to-date: /home/ugv-c7/CodeWorkspace/UGV-Robot/ros2_humble_colcon_ws/install/moveit_core/include/moveit/collision_detection_fcl/collision_common.h
[3.173s] -- Up-to-date: /home/ugv-c7/CodeWorkspace/UGV-Robot/ros2_humble_colcon_ws/install/moveit_core/include/moveit/collision_detection_fcl/fcl_compat.h
[3.174s] -- Up-to-date: /home/ugv-c7/CodeWorkspace/UGV-Robot/ros2_humble_colcon_ws/install/moveit_core/include/moveit_collision_detection_fcl_export.h
[3.174s] -- Up-to-date: /home/ugv-c7/CodeWorkspace/UGV-Robot/ros2_humble_colcon_ws/install/moveit_core/lib/libcollision_detector_bullet_plugin.so.2.5.8
[3.174s] -- Up-to-date: /home/ugv-c7/CodeWorkspace/UGV-Robot/ros2_humble_colcon_ws/install/moveit_core/lib/libcollision_detector_bullet_plugin.so
[3.176s] -- Up-to-date: /home/ugv-c7/CodeWorkspace/UGV-Robot/ros2_humble_colcon_ws/install/moveit_core/lib/libmoveit_butterworth_filter.so.2.5.8
[3.177s] -- Up-to-date: /home/ugv-c7/CodeWorkspace/UGV-Robot/ros2_humble_colcon_ws/install/moveit_core/lib/libmoveit_butterworth_filter.so
[3.179s] -- Up-to-date: /home/ugv-c7/CodeWorkspace/UGV-Robot/ros2_humble_colcon_ws/install/moveit_core/lib/libmoveit_collision_distance_field.so.2.5.8
[3.179s] -- Up-to-date: /home/ugv-c7/CodeWorkspace/UGV-Robot/ros2_humble_colcon_ws/install/moveit_core/lib/libmoveit_collision_distance_field.so
[3.182s] -- Up-to-date: /home/ugv-c7/CodeWorkspace/UGV-Robot/ros2_humble_colcon_ws/install/moveit_core/lib/libmoveit_collision_detection.so.2.5.8
[3.183s] -- Up-to-date: /home/ugv-c7/CodeWorkspace/UGV-Robot/ros2_humble_colcon_ws/install/moveit_core/lib/libmoveit_collision_detection.so
[3.185s] -- Up-to-date: /home/ugv-c7/CodeWorkspace/UGV-Robot/ros2_humble_colcon_ws/install/moveit_core/lib/libmoveit_collision_detection_fcl.so.2.5.8
[3.186s] -- Up-to-date: /home/ugv-c7/CodeWorkspace/UGV-Robot/ros2_humble_colcon_ws/install/moveit_core/lib/libmoveit_collision_detection_fcl.so
[3.188s] -- Up-to-date: /home/ugv-c7/CodeWorkspace/UGV-Robot/ros2_humble_colcon_ws/install/moveit_core/lib/libmoveit_collision_detection_bullet.so.2.5.8
[3.188s] -- Up-to-date: /home/ugv-c7/CodeWorkspace/UGV-Robot/ros2_humble_colcon_ws/install/moveit_core/lib/libmoveit_collision_detection_bullet.so
[3.191s] -- Up-to-date: /home/ugv-c7/CodeWorkspace/UGV-Robot/ros2_humble_colcon_ws/install/moveit_core/lib/libmoveit_dynamics_solver.so.2.5.8
[3.191s] -- Up-to-date: /home/ugv-c7/CodeWorkspace/UGV-Robot/ros2_humble_colcon_ws/install/moveit_core/lib/libmoveit_dynamics_solver.so
[3.193s] -- Up-to-date: /home/ugv-c7/CodeWorkspace/UGV-Robot/ros2_humble_colcon_ws/install/moveit_core/lib/libmoveit_constraint_samplers.so.2.5.8
[3.194s] -- Up-to-date: /home/ugv-c7/CodeWorkspace/UGV-Robot/ros2_humble_colcon_ws/install/moveit_core/lib/libmoveit_constraint_samplers.so
[3.196s] -- Up-to-date: /home/ugv-c7/CodeWorkspace/UGV-Robot/ros2_humble_colcon_ws/install/moveit_core/lib/libmoveit_distance_field.so.2.5.8
[3.197s] -- Up-to-date: /home/ugv-c7/CodeWorkspace/UGV-Robot/ros2_humble_colcon_ws/install/moveit_core/lib/libmoveit_distance_field.so
[3.198s] -- Up-to-date: /home/ugv-c7/CodeWorkspace/UGV-Robot/ros2_humble_colcon_ws/install/moveit_core/lib/libmoveit_exceptions.so.2.5.8
[3.198s] -- Up-to-date: /home/ugv-c7/CodeWorkspace/UGV-Robot/ros2_humble_colcon_ws/install/moveit_core/lib/libmoveit_exceptions.so
[3.200s] -- Up-to-date: /home/ugv-c7/CodeWorkspace/UGV-Robot/ros2_humble_colcon_ws/install/moveit_core/lib/libmoveit_kinematics_base.so
[3.203s] -- Up-to-date: /home/ugv-c7/CodeWorkspace/UGV-Robot/ros2_humble_colcon_ws/install/moveit_core/lib/libmoveit_kinematic_constraints.so.2.5.8
[3.203s] -- Up-to-date: /home/ugv-c7/CodeWorkspace/UGV-Robot/ros2_humble_colcon_ws/install/moveit_core/lib/libmoveit_kinematic_constraints.so
[3.205s] -- Up-to-date: /home/ugv-c7/CodeWorkspace/UGV-Robot/ros2_humble_colcon_ws/install/moveit_core/lib/libmoveit_kinematics_metrics.so.2.5.8
[3.206s] -- Up-to-date: /home/ugv-c7/CodeWorkspace/UGV-Robot/ros2_humble_colcon_ws/install/moveit_core/lib/libmoveit_kinematics_metrics.so
[3.208s] -- Up-to-date: /home/ugv-c7/CodeWorkspace/UGV-Robot/ros2_humble_colcon_ws/install/moveit_core/lib/libmoveit_planning_interface.so.2.5.8
[3.208s] -- Up-to-date: /home/ugv-c7/CodeWorkspace/UGV-Robot/ros2_humble_colcon_ws/install/moveit_core/lib/libmoveit_planning_interface.so
[3.211s] -- Up-to-date: /home/ugv-c7/CodeWorkspace/UGV-Robot/ros2_humble_colcon_ws/install/moveit_core/lib/libmoveit_planning_scene.so.2.5.8
[3.211s] -- Up-to-date: /home/ugv-c7/CodeWorkspace/UGV-Robot/ros2_humble_colcon_ws/install/moveit_core/lib/libmoveit_planning_scene.so
[3.213s] -- Up-to-date: /home/ugv-c7/CodeWorkspace/UGV-Robot/ros2_humble_colcon_ws/install/moveit_core/lib/libmoveit_planning_request_adapter.so.2.5.8
[3.213s] -- Up-to-date: /home/ugv-c7/CodeWorkspace/UGV-Robot/ros2_humble_colcon_ws/install/moveit_core/lib/libmoveit_planning_request_adapter.so
[3.216s] -- Up-to-date: /home/ugv-c7/CodeWorkspace/UGV-Robot/ros2_humble_colcon_ws/install/moveit_core/lib/libmoveit_robot_model.so.2.5.8
[3.216s] -- Up-to-date: /home/ugv-c7/CodeWorkspace/UGV-Robot/ros2_humble_colcon_ws/install/moveit_core/lib/libmoveit_robot_model.so
[3.218s] -- Up-to-date: /home/ugv-c7/CodeWorkspace/UGV-Robot/ros2_humble_colcon_ws/install/moveit_core/lib/libmoveit_robot_state.so.2.5.8
[3.219s] -- Up-to-date: /home/ugv-c7/CodeWorkspace/UGV-Robot/ros2_humble_colcon_ws/install/moveit_core/lib/libmoveit_robot_state.so
[3.221s] -- Up-to-date: /home/ugv-c7/CodeWorkspace/UGV-Robot/ros2_humble_colcon_ws/install/moveit_core/lib/libmoveit_robot_trajectory.so.2.5.8
[3.221s] -- Up-to-date: /home/ugv-c7/CodeWorkspace/UGV-Robot/ros2_humble_colcon_ws/install/moveit_core/lib/libmoveit_robot_trajectory.so
[3.222s] -- Up-to-date: /home/ugv-c7/CodeWorkspace/UGV-Robot/ros2_humble_colcon_ws/install/moveit_core/lib/libmoveit_smoothing_base.so.2.5.8
[3.223s] -- Up-to-date: /home/ugv-c7/CodeWorkspace/UGV-Robot/ros2_humble_colcon_ws/install/moveit_core/lib/libmoveit_smoothing_base.so
[3.225s] -- Up-to-date: /home/ugv-c7/CodeWorkspace/UGV-Robot/ros2_humble_colcon_ws/install/moveit_core/lib/libmoveit_test_utils.so.2.5.8
[3.225s] -- Up-to-date: /home/ugv-c7/CodeWorkspace/UGV-Robot/ros2_humble_colcon_ws/install/moveit_core/lib/libmoveit_test_utils.so
[3.227s] -- Up-to-date: /home/ugv-c7/CodeWorkspace/UGV-Robot/ros2_humble_colcon_ws/install/moveit_core/lib/libmoveit_trajectory_processing.so.2.5.8
[3.228s] -- Up-to-date: /home/ugv-c7/CodeWorkspace/UGV-Robot/ros2_humble_colcon_ws/install/moveit_core/lib/libmoveit_trajectory_processing.so
[3.230s] -- Up-to-date: /home/ugv-c7/CodeWorkspace/UGV-Robot/ros2_humble_colcon_ws/install/moveit_core/lib/libmoveit_transforms.so.2.5.8
[3.230s] -- Up-to-date: /home/ugv-c7/CodeWorkspace/UGV-Robot/ros2_humble_colcon_ws/install/moveit_core/lib/libmoveit_transforms.so
[3.231s] -- Up-to-date: /home/ugv-c7/CodeWorkspace/UGV-Robot/ros2_humble_colcon_ws/install/moveit_core/lib/libmoveit_utils.so.2.5.8
[3.232s] -- Up-to-date: /home/ugv-c7/CodeWorkspace/UGV-Robot/ros2_humble_colcon_ws/install/moveit_core/lib/libmoveit_utils.so
[3.232s] -- Up-to-date: /home/ugv-c7/CodeWorkspace/UGV-Robot/ros2_humble_colcon_ws/install/moveit_core/share/moveit_core/environment/library_path.sh
[3.232s] -- Up-to-date: /home/ugv-c7/CodeWorkspace/UGV-Robot/ros2_humble_colcon_ws/install/moveit_core/share/moveit_core/environment/library_path.dsv
[3.232s] -- Up-to-date: /home/ugv-c7/CodeWorkspace/UGV-Robot/ros2_humble_colcon_ws/install/moveit_core/share/moveit_core/collision_detector_fcl_description.xml
[3.232s] -- Up-to-date: /home/ugv-c7/CodeWorkspace/UGV-Robot/ros2_humble_colcon_ws/install/moveit_core/share/moveit_core/collision_detector_bullet_description.xml
[3.233s] -- Up-to-date: /home/ugv-c7/CodeWorkspace/UGV-Robot/ros2_humble_colcon_ws/install/moveit_core/share/moveit_core/filter_plugin_butterworth.xml
[3.233s] -- Up-to-date: /home/ugv-c7/CodeWorkspace/UGV-Robot/ros2_humble_colcon_ws/install/moveit_core/share/ament_index/resource_index/package_run_dependencies/moveit_core
[3.233s] -- Up-to-date: /home/ugv-c7/CodeWorkspace/UGV-Robot/ros2_humble_colcon_ws/install/moveit_core/share/ament_index/resource_index/parent_prefix_path/moveit_core
[3.233s] -- Up-to-date: /home/ugv-c7/CodeWorkspace/UGV-Robot/ros2_humble_colcon_ws/install/moveit_core/share/moveit_core/environment/ament_prefix_path.sh
[3.233s] -- Up-to-date: /home/ugv-c7/CodeWorkspace/UGV-Robot/ros2_humble_colcon_ws/install/moveit_core/share/moveit_core/environment/ament_prefix_path.dsv
[3.234s] -- Up-to-date: /home/ugv-c7/CodeWorkspace/UGV-Robot/ros2_humble_colcon_ws/install/moveit_core/share/moveit_core/environment/path.sh
[3.234s] -- Up-to-date: /home/ugv-c7/CodeWorkspace/UGV-Robot/ros2_humble_colcon_ws/install/moveit_core/share/moveit_core/environment/path.dsv
[3.234s] -- Up-to-date: /home/ugv-c7/CodeWorkspace/UGV-Robot/ros2_humble_colcon_ws/install/moveit_core/share/moveit_core/local_setup.bash
[3.234s] -- Up-to-date: /home/ugv-c7/CodeWorkspace/UGV-Robot/ros2_humble_colcon_ws/install/moveit_core/share/moveit_core/local_setup.sh
[3.234s] -- Up-to-date: /home/ugv-c7/CodeWorkspace/UGV-Robot/ros2_humble_colcon_ws/install/moveit_core/share/moveit_core/local_setup.zsh
[3.234s] -- Up-to-date: /home/ugv-c7/CodeWorkspace/UGV-Robot/ros2_humble_colcon_ws/install/moveit_core/share/moveit_core/local_setup.dsv
[3.234s] -- Installing: /home/ugv-c7/CodeWorkspace/UGV-Robot/ros2_humble_colcon_ws/install/moveit_core/share/moveit_core/package.dsv
[3.235s] -- Up-to-date: /home/ugv-c7/CodeWorkspace/UGV-Robot/ros2_humble_colcon_ws/install/moveit_core/share/ament_index/resource_index/packages/moveit_core
[3.235s] -- Up-to-date: /home/ugv-c7/CodeWorkspace/UGV-Robot/ros2_humble_colcon_ws/install/moveit_core/share/ament_index/resource_index/moveit_core__pluginlib__plugin/moveit_core
[3.238s] -- Up-to-date: /home/ugv-c7/CodeWorkspace/UGV-Robot/ros2_humble_colcon_ws/install/moveit_core/share/moveit_core/cmake/export_moveit_coreExport.cmake
[3.238s] -- Up-to-date: /home/ugv-c7/CodeWorkspace/UGV-Robot/ros2_humble_colcon_ws/install/moveit_core/share/moveit_core/cmake/export_moveit_coreExport-release.cmake
[3.238s] -- Up-to-date: /home/ugv-c7/CodeWorkspace/UGV-Robot/ros2_humble_colcon_ws/install/moveit_core/share/moveit_core/cmake/ConfigExtras.cmake
[3.238s] -- Up-to-date: /home/ugv-c7/CodeWorkspace/UGV-Robot/ros2_humble_colcon_ws/install/moveit_core/share/moveit_core/cmake/ament_cmake_export_targets-extras.cmake
[3.238s] -- Up-to-date: /home/ugv-c7/CodeWorkspace/UGV-Robot/ros2_humble_colcon_ws/install/moveit_core/share/moveit_core/cmake/ament_cmake_export_dependencies-extras.cmake
[3.239s] -- Up-to-date: /home/ugv-c7/CodeWorkspace/UGV-Robot/ros2_humble_colcon_ws/install/moveit_core/share/moveit_core/cmake/moveit_coreConfig.cmake
[3.239s] -- Up-to-date: /home/ugv-c7/CodeWorkspace/UGV-Robot/ros2_humble_colcon_ws/install/moveit_core/share/moveit_core/cmake/moveit_coreConfig-version.cmake
[3.239s] -- Up-to-date: /home/ugv-c7/CodeWorkspace/UGV-Robot/ros2_humble_colcon_ws/install/moveit_core/share/moveit_core/package.xml
[3.247s] Invoked command in '/home/ugv-c7/CodeWorkspace/UGV-Robot/ros2_humble_colcon_ws/build/moveit_core' returned '0': AMENT_PREFIX_PATH=/home/ugv-c7/CodeWorkspace/UGV-Robot/ros2_humble_colcon_ws/install/moveit_resources_panda_moveit_config:/home/ugv-c7/CodeWorkspace/UGV-Robot/ros2_humble_colcon_ws/install/srdfdom:/home/ugv-c7/CodeWorkspace/UGV-Robot/ros2_humble_colcon_ws/install/moveit_resources_pr2_description:/home/ugv-c7/CodeWorkspace/UGV-Robot/ros2_humble_colcon_ws/install/moveit_resources_panda_description:/home/ugv-c7/CodeWorkspace/UGV-Robot/ros2_humble_colcon_ws/install/moveit_common:${AMENT_PREFIX_PATH} CMAKE_PREFIX_PATH=/home/ugv-c7/CodeWorkspace/UGV-Robot/ros2_humble_colcon_ws/install/moveit_resources_panda_moveit_config:/home/ugv-c7/CodeWorkspace/UGV-Robot/ros2_humble_colcon_ws/install/srdfdom:/home/ugv-c7/CodeWorkspace/UGV-Robot/ros2_humble_colcon_ws/install/moveit_resources_pr2_description:/home/ugv-c7/CodeWorkspace/UGV-Robot/ros2_humble_colcon_ws/install/moveit_resources_panda_description:/home/ugv-c7/CodeWorkspace/UGV-Robot/ros2_humble_colcon_ws/install/moveit_common:/opt/ros/humble LD_LIBRARY_PATH=/home/ugv-c7/CodeWorkspace/UGV-Robot/ros2_humble_colcon_ws/install/srdfdom/lib:${LD_LIBRARY_PATH} PYTHONPATH=/home/ugv-c7/CodeWorkspace/UGV-Robot/ros2_humble_colcon_ws/install/srdfdom/local/lib/python3.10/dist-packages:${PYTHONPATH} /usr/bin/cmake --install /home/ugv-c7/CodeWorkspace/UGV-Robot/ros2_humble_colcon_ws/build/moveit_core
