[0.040s] Invoking command in '/home/ugv-c7/CodeWorkspace/UGV-Robot/ros2_humble_colcon_ws/build/moveit_planners_chomp': AMENT_PREFIX_PATH=/home/ugv-c7/CodeWorkspace/UGV-Robot/ros2_humble_colcon_ws/install/chomp_motion_planner:/home/ugv-c7/CodeWorkspace/UGV-Robot/ros2_humble_colcon_ws/install/moveit_core:/home/ugv-c7/CodeWorkspace/UGV-Robot/ros2_humble_colcon_ws/install/moveit_resources_panda_moveit_config:/home/ugv-c7/CodeWorkspace/UGV-Robot/ros2_humble_colcon_ws/install/srdfdom:/home/ugv-c7/CodeWorkspace/UGV-Robot/ros2_humble_colcon_ws/install/moveit_resources_pr2_description:/home/ugv-c7/CodeWorkspace/UGV-Robot/ros2_humble_colcon_ws/install/moveit_resources_panda_description:/home/ugv-c7/CodeWorkspace/UGV-Robot/ros2_humble_colcon_ws/install/moveit_common:${AMENT_PREFIX_PATH} CMAKE_PREFIX_PATH=/home/ugv-c7/CodeWorkspace/UGV-Robot/ros2_humble_colcon_ws/install/chomp_motion_planner:/home/ugv-c7/CodeWorkspace/UGV-Robot/ros2_humble_colcon_ws/install/moveit_core:/home/ugv-c7/CodeWorkspace/UGV-Robot/ros2_humble_colcon_ws/install/moveit_resources_panda_moveit_config:/home/ugv-c7/CodeWorkspace/UGV-Robot/ros2_humble_colcon_ws/install/srdfdom:/home/ugv-c7/CodeWorkspace/UGV-Robot/ros2_humble_colcon_ws/install/moveit_resources_pr2_description:/home/ugv-c7/CodeWorkspace/UGV-Robot/ros2_humble_colcon_ws/install/moveit_resources_panda_description:/home/ugv-c7/CodeWorkspace/UGV-Robot/ros2_humble_colcon_ws/install/moveit_common:/opt/ros/humble LD_LIBRARY_PATH=/home/ugv-c7/CodeWorkspace/UGV-Robot/ros2_humble_colcon_ws/install/chomp_motion_planner/lib:/home/ugv-c7/CodeWorkspace/UGV-Robot/ros2_humble_colcon_ws/install/moveit_core/lib:/home/ugv-c7/CodeWorkspace/UGV-Robot/ros2_humble_colcon_ws/install/srdfdom/lib:${LD_LIBRARY_PATH} PATH=/home/ugv-c7/CodeWorkspace/UGV-Robot/ros2_humble_colcon_ws/install/moveit_core/bin:${PATH} PYTHONPATH=/home/ugv-c7/CodeWorkspace/UGV-Robot/ros2_humble_colcon_ws/install/srdfdom/local/lib/python3.10/dist-packages:${PYTHONPATH} /usr/bin/cmake /home/ugv-c7/CodeWorkspace/UGV-Robot/ros2_humble_colcon_ws/src/moveit2/moveit_planners/chomp/chomp_interface -DCMAKE_INSTALL_PREFIX=/home/ugv-c7/CodeWorkspace/UGV-Robot/ros2_humble_colcon_ws/install/moveit_planners_chomp
[0.194s] -- The C compiler identification is GNU 11.4.0
[0.338s] -- The CXX compiler identification is GNU 11.4.0
[0.357s] -- Detecting C compiler ABI info
[0.556s] -- Detecting C compiler ABI info - done
[0.569s] -- Check for working C compiler: /usr/bin/cc - skipped
[0.570s] -- Detecting C compile features
[0.570s] -- Detecting C compile features - done
[0.577s] -- Detecting CXX compiler ABI info
[0.792s] -- Detecting CXX compiler ABI info - done
[0.808s] -- Check for working CXX compiler: /usr/bin/c++ - skipped
[0.808s] -- Detecting CXX compile features
[0.809s] -- Detecting CXX compile features - done
[0.813s] -- Found moveit_common: 2.5.8 (/home/ugv-c7/CodeWorkspace/UGV-Robot/ros2_humble_colcon_ws/install/moveit_common/share/moveit_common/cmake)
[0.820s] -- Found ament_cmake: 1.3.11 (/opt/ros/humble/share/ament_cmake/cmake)
[1.260s] -- Found Python3: /usr/bin/python3 (found version "3.10.12") found components: Interpreter 
[1.749s] [0mmoveit_planners_chomp: You did not request a specific build type: Choosing 'Release' for maximum performance[0m
[1.750s] -- Found moveit_core: 2.5.8 (/home/ugv-c7/CodeWorkspace/UGV-Robot/ros2_humble_colcon_ws/install/moveit_core/share/moveit_core/cmake)
[2.531s] -- Found Boost: /usr/lib/aarch64-linux-gnu/cmake/Boost-1.74.0/BoostConfig.cmake (found version "1.74.0") found components: chrono date_time filesystem iostreams program_options regex serialization system thread 
[2.676s] -- Found parameter_traits: 0.4.0 (/opt/ros/humble/share/parameter_traits/cmake)
[2.792s] -- Found rosidl_generator_c: 3.1.6 (/opt/ros/humble/share/rosidl_generator_c/cmake)
[2.808s] -- Found rosidl_adapter: 3.1.6 (/opt/ros/humble/share/rosidl_adapter/cmake)
[2.832s] -- Found rosidl_generator_cpp: 3.1.6 (/opt/ros/humble/share/rosidl_generator_cpp/cmake)
[2.867s] -- Using all available rosidl_typesupport_c: rosidl_typesupport_fastrtps_c;rosidl_typesupport_introspection_c
[2.914s] -- Using all available rosidl_typesupport_cpp: rosidl_typesupport_fastrtps_cpp;rosidl_typesupport_introspection_cpp
[3.045s] -- Found rmw_implementation_cmake: 6.1.2 (/opt/ros/humble/share/rmw_implementation_cmake/cmake)
[3.054s] -- Found rmw_fastrtps_cpp: 6.2.7 (/opt/ros/humble/share/rmw_fastrtps_cpp/cmake)
[3.274s] -- Found OpenSSL: /usr/lib/aarch64-linux-gnu/libcrypto.so (found version "3.0.2")  
[3.338s] -- Found FastRTPS: /opt/ros/humble/include  
[3.448s] -- Using RMW implementation 'rmw_fastrtps_cpp' as default
[3.474s] -- Found Threads: TRUE  
[3.621s] -- Found Eigen3: TRUE (found version "3.4.0") 
[3.628s] -- Found rclcpp_lifecycle: 16.0.11 (/opt/ros/humble/share/rclcpp_lifecycle/cmake)
[3.691s] -- Found Boost: /usr/lib/aarch64-linux-gnu/cmake/Boost-1.74.0/BoostConfig.cmake (found version "1.74.0") found components: filesystem 
[3.944s] -- library: /usr/lib/aarch64-linux-gnu/libcurl.so
[4.110s] -- Ensuring Eigen3 include directory is part of orocos-kdl CMake target
[4.734s] -- Found chomp_motion_planner: 2.5.8 (/home/ugv-c7/CodeWorkspace/UGV-Robot/ros2_humble_colcon_ws/install/chomp_motion_planner/share/chomp_motion_planner/cmake)
[4.760s] -- Found ament_lint_auto: 0.12.11 (/opt/ros/humble/share/ament_lint_auto/cmake)
[4.798s] -- Added test 'cppcheck' to perform static code analysis on C / C++ code
[4.799s] -- Configured cppcheck include dirs: /home/ugv-c7/CodeWorkspace/UGV-Robot/ros2_humble_colcon_ws/src/moveit2/moveit_planners/chomp/chomp_interface/include
[4.799s] -- Configured cppcheck exclude dirs and/or files: 
[4.801s] -- Added test 'xmllint' to check XML markup files
[4.806s] -- Configuring done
[4.923s] -- Generating done
[4.958s] -- Build files have been written to: /home/ugv-c7/CodeWorkspace/UGV-Robot/ros2_humble_colcon_ws/build/moveit_planners_chomp
[5.028s] Invoked command in '/home/ugv-c7/CodeWorkspace/UGV-Robot/ros2_humble_colcon_ws/build/moveit_planners_chomp' returned '0': AMENT_PREFIX_PATH=/home/ugv-c7/CodeWorkspace/UGV-Robot/ros2_humble_colcon_ws/install/chomp_motion_planner:/home/ugv-c7/CodeWorkspace/UGV-Robot/ros2_humble_colcon_ws/install/moveit_core:/home/ugv-c7/CodeWorkspace/UGV-Robot/ros2_humble_colcon_ws/install/moveit_resources_panda_moveit_config:/home/ugv-c7/CodeWorkspace/UGV-Robot/ros2_humble_colcon_ws/install/srdfdom:/home/ugv-c7/CodeWorkspace/UGV-Robot/ros2_humble_colcon_ws/install/moveit_resources_pr2_description:/home/ugv-c7/CodeWorkspace/UGV-Robot/ros2_humble_colcon_ws/install/moveit_resources_panda_description:/home/ugv-c7/CodeWorkspace/UGV-Robot/ros2_humble_colcon_ws/install/moveit_common:${AMENT_PREFIX_PATH} CMAKE_PREFIX_PATH=/home/ugv-c7/CodeWorkspace/UGV-Robot/ros2_humble_colcon_ws/install/chomp_motion_planner:/home/ugv-c7/CodeWorkspace/UGV-Robot/ros2_humble_colcon_ws/install/moveit_core:/home/ugv-c7/CodeWorkspace/UGV-Robot/ros2_humble_colcon_ws/install/moveit_resources_panda_moveit_config:/home/ugv-c7/CodeWorkspace/UGV-Robot/ros2_humble_colcon_ws/install/srdfdom:/home/ugv-c7/CodeWorkspace/UGV-Robot/ros2_humble_colcon_ws/install/moveit_resources_pr2_description:/home/ugv-c7/CodeWorkspace/UGV-Robot/ros2_humble_colcon_ws/install/moveit_resources_panda_description:/home/ugv-c7/CodeWorkspace/UGV-Robot/ros2_humble_colcon_ws/install/moveit_common:/opt/ros/humble LD_LIBRARY_PATH=/home/ugv-c7/CodeWorkspace/UGV-Robot/ros2_humble_colcon_ws/install/chomp_motion_planner/lib:/home/ugv-c7/CodeWorkspace/UGV-Robot/ros2_humble_colcon_ws/install/moveit_core/lib:/home/ugv-c7/CodeWorkspace/UGV-Robot/ros2_humble_colcon_ws/install/srdfdom/lib:${LD_LIBRARY_PATH} PATH=/home/ugv-c7/CodeWorkspace/UGV-Robot/ros2_humble_colcon_ws/install/moveit_core/bin:${PATH} PYTHONPATH=/home/ugv-c7/CodeWorkspace/UGV-Robot/ros2_humble_colcon_ws/install/srdfdom/local/lib/python3.10/dist-packages:${PYTHONPATH} /usr/bin/cmake /home/ugv-c7/CodeWorkspace/UGV-Robot/ros2_humble_colcon_ws/src/moveit2/moveit_planners/chomp/chomp_interface -DCMAKE_INSTALL_PREFIX=/home/ugv-c7/CodeWorkspace/UGV-Robot/ros2_humble_colcon_ws/install/moveit_planners_chomp
[5.033s] Invoking command in '/home/ugv-c7/CodeWorkspace/UGV-Robot/ros2_humble_colcon_ws/build/moveit_planners_chomp': AMENT_PREFIX_PATH=/home/ugv-c7/CodeWorkspace/UGV-Robot/ros2_humble_colcon_ws/install/chomp_motion_planner:/home/ugv-c7/CodeWorkspace/UGV-Robot/ros2_humble_colcon_ws/install/moveit_core:/home/ugv-c7/CodeWorkspace/UGV-Robot/ros2_humble_colcon_ws/install/moveit_resources_panda_moveit_config:/home/ugv-c7/CodeWorkspace/UGV-Robot/ros2_humble_colcon_ws/install/srdfdom:/home/ugv-c7/CodeWorkspace/UGV-Robot/ros2_humble_colcon_ws/install/moveit_resources_pr2_description:/home/ugv-c7/CodeWorkspace/UGV-Robot/ros2_humble_colcon_ws/install/moveit_resources_panda_description:/home/ugv-c7/CodeWorkspace/UGV-Robot/ros2_humble_colcon_ws/install/moveit_common:${AMENT_PREFIX_PATH} CMAKE_PREFIX_PATH=/home/ugv-c7/CodeWorkspace/UGV-Robot/ros2_humble_colcon_ws/install/chomp_motion_planner:/home/ugv-c7/CodeWorkspace/UGV-Robot/ros2_humble_colcon_ws/install/moveit_core:/home/ugv-c7/CodeWorkspace/UGV-Robot/ros2_humble_colcon_ws/install/moveit_resources_panda_moveit_config:/home/ugv-c7/CodeWorkspace/UGV-Robot/ros2_humble_colcon_ws/install/srdfdom:/home/ugv-c7/CodeWorkspace/UGV-Robot/ros2_humble_colcon_ws/install/moveit_resources_pr2_description:/home/ugv-c7/CodeWorkspace/UGV-Robot/ros2_humble_colcon_ws/install/moveit_resources_panda_description:/home/ugv-c7/CodeWorkspace/UGV-Robot/ros2_humble_colcon_ws/install/moveit_common:/opt/ros/humble LD_LIBRARY_PATH=/home/ugv-c7/CodeWorkspace/UGV-Robot/ros2_humble_colcon_ws/install/chomp_motion_planner/lib:/home/ugv-c7/CodeWorkspace/UGV-Robot/ros2_humble_colcon_ws/install/moveit_core/lib:/home/ugv-c7/CodeWorkspace/UGV-Robot/ros2_humble_colcon_ws/install/srdfdom/lib:${LD_LIBRARY_PATH} PATH=/home/ugv-c7/CodeWorkspace/UGV-Robot/ros2_humble_colcon_ws/install/moveit_core/bin:${PATH} PYTHONPATH=/home/ugv-c7/CodeWorkspace/UGV-Robot/ros2_humble_colcon_ws/install/srdfdom/local/lib/python3.10/dist-packages:${PYTHONPATH} /usr/bin/cmake --build /home/ugv-c7/CodeWorkspace/UGV-Robot/ros2_humble_colcon_ws/build/moveit_planners_chomp -- -j6 -l6
[5.187s] [ 20%] [32mBuilding CXX object CMakeFiles/moveit_chomp_interface.dir/src/chomp_interface.cpp.o[0m
[33.278s] [ 40%] [32mBuilding CXX object CMakeFiles/moveit_chomp_interface.dir/src/chomp_planning_context.cpp.o[0m
[66.595s] [ 60%] [32m[1mLinking CXX shared library libmoveit_chomp_interface.so[0m
[67.425s] [ 60%] Built target moveit_chomp_interface
[67.576s] [ 80%] [32mBuilding CXX object CMakeFiles/moveit_chomp_planner_plugin.dir/src/chomp_plugin.cpp.o[0m
[108.976s] [100%] [32m[1mLinking CXX shared library libmoveit_chomp_planner_plugin.so[0m
[109.545s] [100%] Built target moveit_chomp_planner_plugin
[109.588s] Invoked command in '/home/ugv-c7/CodeWorkspace/UGV-Robot/ros2_humble_colcon_ws/build/moveit_planners_chomp' returned '0': AMENT_PREFIX_PATH=/home/ugv-c7/CodeWorkspace/UGV-Robot/ros2_humble_colcon_ws/install/chomp_motion_planner:/home/ugv-c7/CodeWorkspace/UGV-Robot/ros2_humble_colcon_ws/install/moveit_core:/home/ugv-c7/CodeWorkspace/UGV-Robot/ros2_humble_colcon_ws/install/moveit_resources_panda_moveit_config:/home/ugv-c7/CodeWorkspace/UGV-Robot/ros2_humble_colcon_ws/install/srdfdom:/home/ugv-c7/CodeWorkspace/UGV-Robot/ros2_humble_colcon_ws/install/moveit_resources_pr2_description:/home/ugv-c7/CodeWorkspace/UGV-Robot/ros2_humble_colcon_ws/install/moveit_resources_panda_description:/home/ugv-c7/CodeWorkspace/UGV-Robot/ros2_humble_colcon_ws/install/moveit_common:${AMENT_PREFIX_PATH} CMAKE_PREFIX_PATH=/home/ugv-c7/CodeWorkspace/UGV-Robot/ros2_humble_colcon_ws/install/chomp_motion_planner:/home/ugv-c7/CodeWorkspace/UGV-Robot/ros2_humble_colcon_ws/install/moveit_core:/home/ugv-c7/CodeWorkspace/UGV-Robot/ros2_humble_colcon_ws/install/moveit_resources_panda_moveit_config:/home/ugv-c7/CodeWorkspace/UGV-Robot/ros2_humble_colcon_ws/install/srdfdom:/home/ugv-c7/CodeWorkspace/UGV-Robot/ros2_humble_colcon_ws/install/moveit_resources_pr2_description:/home/ugv-c7/CodeWorkspace/UGV-Robot/ros2_humble_colcon_ws/install/moveit_resources_panda_description:/home/ugv-c7/CodeWorkspace/UGV-Robot/ros2_humble_colcon_ws/install/moveit_common:/opt/ros/humble LD_LIBRARY_PATH=/home/ugv-c7/CodeWorkspace/UGV-Robot/ros2_humble_colcon_ws/install/chomp_motion_planner/lib:/home/ugv-c7/CodeWorkspace/UGV-Robot/ros2_humble_colcon_ws/install/moveit_core/lib:/home/ugv-c7/CodeWorkspace/UGV-Robot/ros2_humble_colcon_ws/install/srdfdom/lib:${LD_LIBRARY_PATH} PATH=/home/ugv-c7/CodeWorkspace/UGV-Robot/ros2_humble_colcon_ws/install/moveit_core/bin:${PATH} PYTHONPATH=/home/ugv-c7/CodeWorkspace/UGV-Robot/ros2_humble_colcon_ws/install/srdfdom/local/lib/python3.10/dist-packages:${PYTHONPATH} /usr/bin/cmake --build /home/ugv-c7/CodeWorkspace/UGV-Robot/ros2_humble_colcon_ws/build/moveit_planners_chomp -- -j6 -l6
[109.594s] Invoking command in '/home/ugv-c7/CodeWorkspace/UGV-Robot/ros2_humble_colcon_ws/build/moveit_planners_chomp': AMENT_PREFIX_PATH=/home/ugv-c7/CodeWorkspace/UGV-Robot/ros2_humble_colcon_ws/install/chomp_motion_planner:/home/ugv-c7/CodeWorkspace/UGV-Robot/ros2_humble_colcon_ws/install/moveit_core:/home/ugv-c7/CodeWorkspace/UGV-Robot/ros2_humble_colcon_ws/install/moveit_resources_panda_moveit_config:/home/ugv-c7/CodeWorkspace/UGV-Robot/ros2_humble_colcon_ws/install/srdfdom:/home/ugv-c7/CodeWorkspace/UGV-Robot/ros2_humble_colcon_ws/install/moveit_resources_pr2_description:/home/ugv-c7/CodeWorkspace/UGV-Robot/ros2_humble_colcon_ws/install/moveit_resources_panda_description:/home/ugv-c7/CodeWorkspace/UGV-Robot/ros2_humble_colcon_ws/install/moveit_common:${AMENT_PREFIX_PATH} CMAKE_PREFIX_PATH=/home/ugv-c7/CodeWorkspace/UGV-Robot/ros2_humble_colcon_ws/install/chomp_motion_planner:/home/ugv-c7/CodeWorkspace/UGV-Robot/ros2_humble_colcon_ws/install/moveit_core:/home/ugv-c7/CodeWorkspace/UGV-Robot/ros2_humble_colcon_ws/install/moveit_resources_panda_moveit_config:/home/ugv-c7/CodeWorkspace/UGV-Robot/ros2_humble_colcon_ws/install/srdfdom:/home/ugv-c7/CodeWorkspace/UGV-Robot/ros2_humble_colcon_ws/install/moveit_resources_pr2_description:/home/ugv-c7/CodeWorkspace/UGV-Robot/ros2_humble_colcon_ws/install/moveit_resources_panda_description:/home/ugv-c7/CodeWorkspace/UGV-Robot/ros2_humble_colcon_ws/install/moveit_common:/opt/ros/humble LD_LIBRARY_PATH=/home/ugv-c7/CodeWorkspace/UGV-Robot/ros2_humble_colcon_ws/install/chomp_motion_planner/lib:/home/ugv-c7/CodeWorkspace/UGV-Robot/ros2_humble_colcon_ws/install/moveit_core/lib:/home/ugv-c7/CodeWorkspace/UGV-Robot/ros2_humble_colcon_ws/install/srdfdom/lib:${LD_LIBRARY_PATH} PATH=/home/ugv-c7/CodeWorkspace/UGV-Robot/ros2_humble_colcon_ws/install/moveit_core/bin:${PATH} PYTHONPATH=/home/ugv-c7/CodeWorkspace/UGV-Robot/ros2_humble_colcon_ws/install/srdfdom/local/lib/python3.10/dist-packages:${PYTHONPATH} /usr/bin/cmake --install /home/ugv-c7/CodeWorkspace/UGV-Robot/ros2_humble_colcon_ws/build/moveit_planners_chomp
[109.617s] -- Install configuration: "Release"
[109.618s] -- Installing: /home/ugv-c7/CodeWorkspace/UGV-Robot/ros2_humble_colcon_ws/install/moveit_planners_chomp/lib/libmoveit_chomp_interface.so.2.5.8
[109.618s] -- Set runtime path of "/home/ugv-c7/CodeWorkspace/UGV-Robot/ros2_humble_colcon_ws/install/moveit_planners_chomp/lib/libmoveit_chomp_interface.so.2.5.8" to ""
[109.619s] -- Installing: /home/ugv-c7/CodeWorkspace/UGV-Robot/ros2_humble_colcon_ws/install/moveit_planners_chomp/lib/libmoveit_chomp_interface.so
[109.619s] -- Installing: /home/ugv-c7/CodeWorkspace/UGV-Robot/ros2_humble_colcon_ws/install/moveit_planners_chomp/lib/libmoveit_chomp_planner_plugin.so
[109.620s] -- Set runtime path of "/home/ugv-c7/CodeWorkspace/UGV-Robot/ros2_humble_colcon_ws/install/moveit_planners_chomp/lib/libmoveit_chomp_planner_plugin.so" to ""
[109.621s] -- Installing: /home/ugv-c7/CodeWorkspace/UGV-Robot/ros2_humble_colcon_ws/install/moveit_planners_chomp/share/moveit_planners_chomp/environment/library_path.sh
[109.621s] -- Installing: /home/ugv-c7/CodeWorkspace/UGV-Robot/ros2_humble_colcon_ws/install/moveit_planners_chomp/share/moveit_planners_chomp/environment/library_path.dsv
[109.621s] -- Installing: /home/ugv-c7/CodeWorkspace/UGV-Robot/ros2_humble_colcon_ws/install/moveit_planners_chomp/share/moveit_planners_chomp/chomp_interface_plugin_description.xml
[109.623s] -- Installing: /home/ugv-c7/CodeWorkspace/UGV-Robot/ros2_humble_colcon_ws/install/moveit_planners_chomp/share/ament_index/resource_index/package_run_dependencies/moveit_planners_chomp
[109.624s] -- Installing: /home/ugv-c7/CodeWorkspace/UGV-Robot/ros2_humble_colcon_ws/install/moveit_planners_chomp/share/ament_index/resource_index/parent_prefix_path/moveit_planners_chomp
[109.624s] -- Installing: /home/ugv-c7/CodeWorkspace/UGV-Robot/ros2_humble_colcon_ws/install/moveit_planners_chomp/share/moveit_planners_chomp/environment/ament_prefix_path.sh
[109.624s] -- Installing: /home/ugv-c7/CodeWorkspace/UGV-Robot/ros2_humble_colcon_ws/install/moveit_planners_chomp/share/moveit_planners_chomp/environment/ament_prefix_path.dsv
[109.625s] -- Installing: /home/ugv-c7/CodeWorkspace/UGV-Robot/ros2_humble_colcon_ws/install/moveit_planners_chomp/share/moveit_planners_chomp/environment/path.sh
[109.625s] -- Installing: /home/ugv-c7/CodeWorkspace/UGV-Robot/ros2_humble_colcon_ws/install/moveit_planners_chomp/share/moveit_planners_chomp/environment/path.dsv
[109.625s] -- Installing: /home/ugv-c7/CodeWorkspace/UGV-Robot/ros2_humble_colcon_ws/install/moveit_planners_chomp/share/moveit_planners_chomp/local_setup.bash
[109.626s] -- Installing: /home/ugv-c7/CodeWorkspace/UGV-Robot/ros2_humble_colcon_ws/install/moveit_planners_chomp/share/moveit_planners_chomp/local_setup.sh
[109.626s] -- Installing: /home/ugv-c7/CodeWorkspace/UGV-Robot/ros2_humble_colcon_ws/install/moveit_planners_chomp/share/moveit_planners_chomp/local_setup.zsh
[109.626s] -- Installing: /home/ugv-c7/CodeWorkspace/UGV-Robot/ros2_humble_colcon_ws/install/moveit_planners_chomp/share/moveit_planners_chomp/local_setup.dsv
[109.627s] -- Installing: /home/ugv-c7/CodeWorkspace/UGV-Robot/ros2_humble_colcon_ws/install/moveit_planners_chomp/share/moveit_planners_chomp/package.dsv
[109.627s] -- Installing: /home/ugv-c7/CodeWorkspace/UGV-Robot/ros2_humble_colcon_ws/install/moveit_planners_chomp/share/ament_index/resource_index/packages/moveit_planners_chomp
[109.628s] -- Installing: /home/ugv-c7/CodeWorkspace/UGV-Robot/ros2_humble_colcon_ws/install/moveit_planners_chomp/share/ament_index/resource_index/moveit_core__pluginlib__plugin/moveit_planners_chomp
[109.628s] -- Installing: /home/ugv-c7/CodeWorkspace/UGV-Robot/ros2_humble_colcon_ws/install/moveit_planners_chomp/share/moveit_planners_chomp/cmake/moveit_planners_chompTargetsExport.cmake
[109.629s] -- Installing: /home/ugv-c7/CodeWorkspace/UGV-Robot/ros2_humble_colcon_ws/install/moveit_planners_chomp/share/moveit_planners_chomp/cmake/moveit_planners_chompTargetsExport-release.cmake
[109.629s] -- Installing: /home/ugv-c7/CodeWorkspace/UGV-Robot/ros2_humble_colcon_ws/install/moveit_planners_chomp/share/moveit_planners_chomp/cmake/ament_cmake_export_targets-extras.cmake
[109.629s] -- Installing: /home/ugv-c7/CodeWorkspace/UGV-Robot/ros2_humble_colcon_ws/install/moveit_planners_chomp/share/moveit_planners_chomp/cmake/ament_cmake_export_dependencies-extras.cmake
[109.630s] -- Installing: /home/ugv-c7/CodeWorkspace/UGV-Robot/ros2_humble_colcon_ws/install/moveit_planners_chomp/share/moveit_planners_chomp/cmake/moveit_planners_chompConfig.cmake
[109.630s] -- Installing: /home/ugv-c7/CodeWorkspace/UGV-Robot/ros2_humble_colcon_ws/install/moveit_planners_chomp/share/moveit_planners_chomp/cmake/moveit_planners_chompConfig-version.cmake
[109.630s] -- Installing: /home/ugv-c7/CodeWorkspace/UGV-Robot/ros2_humble_colcon_ws/install/moveit_planners_chomp/share/moveit_planners_chomp/package.xml
[109.640s] Invoked command in '/home/ugv-c7/CodeWorkspace/UGV-Robot/ros2_humble_colcon_ws/build/moveit_planners_chomp' returned '0': AMENT_PREFIX_PATH=/home/ugv-c7/CodeWorkspace/UGV-Robot/ros2_humble_colcon_ws/install/chomp_motion_planner:/home/ugv-c7/CodeWorkspace/UGV-Robot/ros2_humble_colcon_ws/install/moveit_core:/home/ugv-c7/CodeWorkspace/UGV-Robot/ros2_humble_colcon_ws/install/moveit_resources_panda_moveit_config:/home/ugv-c7/CodeWorkspace/UGV-Robot/ros2_humble_colcon_ws/install/srdfdom:/home/ugv-c7/CodeWorkspace/UGV-Robot/ros2_humble_colcon_ws/install/moveit_resources_pr2_description:/home/ugv-c7/CodeWorkspace/UGV-Robot/ros2_humble_colcon_ws/install/moveit_resources_panda_description:/home/ugv-c7/CodeWorkspace/UGV-Robot/ros2_humble_colcon_ws/install/moveit_common:${AMENT_PREFIX_PATH} CMAKE_PREFIX_PATH=/home/ugv-c7/CodeWorkspace/UGV-Robot/ros2_humble_colcon_ws/install/chomp_motion_planner:/home/ugv-c7/CodeWorkspace/UGV-Robot/ros2_humble_colcon_ws/install/moveit_core:/home/ugv-c7/CodeWorkspace/UGV-Robot/ros2_humble_colcon_ws/install/moveit_resources_panda_moveit_config:/home/ugv-c7/CodeWorkspace/UGV-Robot/ros2_humble_colcon_ws/install/srdfdom:/home/ugv-c7/CodeWorkspace/UGV-Robot/ros2_humble_colcon_ws/install/moveit_resources_pr2_description:/home/ugv-c7/CodeWorkspace/UGV-Robot/ros2_humble_colcon_ws/install/moveit_resources_panda_description:/home/ugv-c7/CodeWorkspace/UGV-Robot/ros2_humble_colcon_ws/install/moveit_common:/opt/ros/humble LD_LIBRARY_PATH=/home/ugv-c7/CodeWorkspace/UGV-Robot/ros2_humble_colcon_ws/install/chomp_motion_planner/lib:/home/ugv-c7/CodeWorkspace/UGV-Robot/ros2_humble_colcon_ws/install/moveit_core/lib:/home/ugv-c7/CodeWorkspace/UGV-Robot/ros2_humble_colcon_ws/install/srdfdom/lib:${LD_LIBRARY_PATH} PATH=/home/ugv-c7/CodeWorkspace/UGV-Robot/ros2_humble_colcon_ws/install/moveit_core/bin:${PATH} PYTHONPATH=/home/ugv-c7/CodeWorkspace/UGV-Robot/ros2_humble_colcon_ws/install/srdfdom/local/lib/python3.10/dist-packages:${PYTHONPATH} /usr/bin/cmake --install /home/ugv-c7/CodeWorkspace/UGV-Robot/ros2_humble_colcon_ws/build/moveit_planners_chomp
