[1.071s] Invoking command in '/home/jstefan1/CodeWorkspace/UGV-Robot/ros2_humble_colcon_ws/src/py_pub_sub': PYTHONPATH=/home/jstefan1/CodeWorkspace/UGV-Robot/ros2_humble_colcon_ws/build/py_pub_sub/prefix_override:/usr/lib/python3/dist-packages/colcon_core/task/python/colcon_distutils_commands:/home/jstefan1/CodeWorkspace/UGV-Robot/ros2_humble_colcon_ws/install/py_pub_sub/lib/python3.10/site-packages:${PYTHONPATH} /usr/bin/python3 -W ignore:setup.py install is deprecated -W ignore:easy_install command is deprecated setup.py egg_info --egg-base ../../build/py_pub_sub build --build-base /home/jstefan1/CodeWorkspace/UGV-Robot/ros2_humble_colcon_ws/build/py_pub_sub/build install --record /home/jstefan1/CodeWorkspace/UGV-Robot/ros2_humble_colcon_ws/build/py_pub_sub/install.log --single-version-externally-managed install_data
[1.285s] running egg_info
[1.286s] creating ../../build/py_pub_sub/py_pub_sub.egg-info
[1.286s] writing ../../build/py_pub_sub/py_pub_sub.egg-info/PKG-INFO
[1.286s] writing dependency_links to ../../build/py_pub_sub/py_pub_sub.egg-info/dependency_links.txt
[1.286s] writing entry points to ../../build/py_pub_sub/py_pub_sub.egg-info/entry_points.txt
[1.286s] writing requirements to ../../build/py_pub_sub/py_pub_sub.egg-info/requires.txt
[1.286s] writing top-level names to ../../build/py_pub_sub/py_pub_sub.egg-info/top_level.txt
[1.287s] writing manifest file '../../build/py_pub_sub/py_pub_sub.egg-info/SOURCES.txt'
[1.290s] reading manifest file '../../build/py_pub_sub/py_pub_sub.egg-info/SOURCES.txt'
[1.290s] writing manifest file '../../build/py_pub_sub/py_pub_sub.egg-info/SOURCES.txt'
[1.290s] running build
[1.290s] running build_py
[1.290s] creating /home/jstefan1/CodeWorkspace/UGV-Robot/ros2_humble_colcon_ws/build/py_pub_sub/build
[1.290s] creating /home/jstefan1/CodeWorkspace/UGV-Robot/ros2_humble_colcon_ws/build/py_pub_sub/build/lib
[1.290s] creating /home/jstefan1/CodeWorkspace/UGV-Robot/ros2_humble_colcon_ws/build/py_pub_sub/build/lib/py_pub_sub
[1.290s] copying py_pub_sub/py_pub.py -> /home/jstefan1/CodeWorkspace/UGV-Robot/ros2_humble_colcon_ws/build/py_pub_sub/build/lib/py_pub_sub
[1.303s] copying py_pub_sub/__init__.py -> /home/jstefan1/CodeWorkspace/UGV-Robot/ros2_humble_colcon_ws/build/py_pub_sub/build/lib/py_pub_sub
[1.304s] copying py_pub_sub/py_sub.py -> /home/jstefan1/CodeWorkspace/UGV-Robot/ros2_humble_colcon_ws/build/py_pub_sub/build/lib/py_pub_sub
[1.307s] running install
[1.309s] running install_lib
[1.317s] creating /home/jstefan1/CodeWorkspace/UGV-Robot/ros2_humble_colcon_ws/install/py_pub_sub/lib/python3.10/site-packages/py_pub_sub
[1.318s] copying /home/jstefan1/CodeWorkspace/UGV-Robot/ros2_humble_colcon_ws/build/py_pub_sub/build/lib/py_pub_sub/py_pub.py -> /home/jstefan1/CodeWorkspace/UGV-Robot/ros2_humble_colcon_ws/install/py_pub_sub/lib/python3.10/site-packages/py_pub_sub
[1.318s] copying /home/jstefan1/CodeWorkspace/UGV-Robot/ros2_humble_colcon_ws/build/py_pub_sub/build/lib/py_pub_sub/__init__.py -> /home/jstefan1/CodeWorkspace/UGV-Robot/ros2_humble_colcon_ws/install/py_pub_sub/lib/python3.10/site-packages/py_pub_sub
[1.318s] copying /home/jstefan1/CodeWorkspace/UGV-Robot/ros2_humble_colcon_ws/build/py_pub_sub/build/lib/py_pub_sub/py_sub.py -> /home/jstefan1/CodeWorkspace/UGV-Robot/ros2_humble_colcon_ws/install/py_pub_sub/lib/python3.10/site-packages/py_pub_sub
[1.318s] byte-compiling /home/jstefan1/CodeWorkspace/UGV-Robot/ros2_humble_colcon_ws/install/py_pub_sub/lib/python3.10/site-packages/py_pub_sub/py_pub.py to py_pub.cpython-310.pyc
[1.318s] byte-compiling /home/jstefan1/CodeWorkspace/UGV-Robot/ros2_humble_colcon_ws/install/py_pub_sub/lib/python3.10/site-packages/py_pub_sub/__init__.py to __init__.cpython-310.pyc
[1.318s] byte-compiling /home/jstefan1/CodeWorkspace/UGV-Robot/ros2_humble_colcon_ws/install/py_pub_sub/lib/python3.10/site-packages/py_pub_sub/py_sub.py to py_sub.cpython-310.pyc
[1.318s] running install_data
[1.319s] creating /home/jstefan1/CodeWorkspace/UGV-Robot/ros2_humble_colcon_ws/install/py_pub_sub/share/ament_index
[1.319s] creating /home/jstefan1/CodeWorkspace/UGV-Robot/ros2_humble_colcon_ws/install/py_pub_sub/share/ament_index/resource_index
[1.319s] creating /home/jstefan1/CodeWorkspace/UGV-Robot/ros2_humble_colcon_ws/install/py_pub_sub/share/ament_index/resource_index/packages
[1.319s] copying resource/py_pub_sub -> /home/jstefan1/CodeWorkspace/UGV-Robot/ros2_humble_colcon_ws/install/py_pub_sub/share/ament_index/resource_index/packages
[1.319s] copying package.xml -> /home/jstefan1/CodeWorkspace/UGV-Robot/ros2_humble_colcon_ws/install/py_pub_sub/share/py_pub_sub
[1.319s] running install_egg_info
[1.328s] Copying ../../build/py_pub_sub/py_pub_sub.egg-info to /home/jstefan1/CodeWorkspace/UGV-Robot/ros2_humble_colcon_ws/install/py_pub_sub/lib/python3.10/site-packages/py_pub_sub-0.0.0-py3.10.egg-info
[1.328s] running install_scripts
[1.343s] Installing py_pub script to /home/jstefan1/CodeWorkspace/UGV-Robot/ros2_humble_colcon_ws/install/py_pub_sub/lib/py_pub_sub
[1.343s] Installing py_sub script to /home/jstefan1/CodeWorkspace/UGV-Robot/ros2_humble_colcon_ws/install/py_pub_sub/lib/py_pub_sub
[1.343s] writing list of installed files to '/home/jstefan1/CodeWorkspace/UGV-Robot/ros2_humble_colcon_ws/build/py_pub_sub/install.log'
[1.364s] Invoked command in '/home/jstefan1/CodeWorkspace/UGV-Robot/ros2_humble_colcon_ws/src/py_pub_sub' returned '0': PYTHONPATH=/home/jstefan1/CodeWorkspace/UGV-Robot/ros2_humble_colcon_ws/build/py_pub_sub/prefix_override:/usr/lib/python3/dist-packages/colcon_core/task/python/colcon_distutils_commands:/home/jstefan1/CodeWorkspace/UGV-Robot/ros2_humble_colcon_ws/install/py_pub_sub/lib/python3.10/site-packages:${PYTHONPATH} /usr/bin/python3 -W ignore:setup.py install is deprecated -W ignore:easy_install command is deprecated setup.py egg_info --egg-base ../../build/py_pub_sub build --build-base /home/jstefan1/CodeWorkspace/UGV-Robot/ros2_humble_colcon_ws/build/py_pub_sub/build install --record /home/jstefan1/CodeWorkspace/UGV-Robot/ros2_humble_colcon_ws/build/py_pub_sub/install.log --single-version-externally-managed install_data
