Performing C SOURCE FILE Test CMAKE_HAVE_LIBC_PTHREAD failed with the following output:
Change Dir: /home/jstefan1/Documents/CodeWorkspace/UGV-Robot/ros_noetic_catkin_ws/src/ws_livox/build/CMakeFiles/CMakeTmp

Run Build Command(s):/usr/bin/make cmTC_85377/fast && /usr/bin/make -f CMakeFiles/cmTC_85377.dir/build.make CMakeFiles/cmTC_85377.dir/build
make[1]: Entering directory '/home/jstefan1/Documents/CodeWorkspace/UGV-Robot/ros_noetic_catkin_ws/src/ws_livox/build/CMakeFiles/CMakeTmp'
Building C object CMakeFiles/cmTC_85377.dir/src.c.o
/usr/bin/cc   -DCMAKE_HAVE_LIBC_PTHREAD   -o CMakeFiles/cmTC_85377.dir/src.c.o   -c /home/jstefan1/Documents/CodeWorkspace/UGV-Robot/ros_noetic_catkin_ws/src/ws_livox/build/CMakeFiles/CMakeTmp/src.c
Linking C executable cmTC_85377
/usr/bin/cmake -E cmake_link_script CMakeFiles/cmTC_85377.dir/link.txt --verbose=1
/usr/bin/cc  -DCMAKE_HAVE_LIBC_PTHREAD    -rdynamic CMakeFiles/cmTC_85377.dir/src.c.o  -o cmTC_85377 
/usr/bin/ld: CMakeFiles/cmTC_85377.dir/src.c.o: in function `main':
src.c:(.text+0x46): undefined reference to `pthread_create'
/usr/bin/ld: src.c:(.text+0x52): undefined reference to `pthread_detach'
/usr/bin/ld: src.c:(.text+0x63): undefined reference to `pthread_join'
collect2: error: ld returned 1 exit status
make[1]: *** [CMakeFiles/cmTC_85377.dir/build.make:87: cmTC_85377] Error 1
make[1]: Leaving directory '/home/jstefan1/Documents/CodeWorkspace/UGV-Robot/ros_noetic_catkin_ws/src/ws_livox/build/CMakeFiles/CMakeTmp'
make: *** [Makefile:121: cmTC_85377/fast] Error 2


Source file was:
#include <pthread.h>

void* test_func(void* data)
{
  return data;
}

int main(void)
{
  pthread_t thread;
  pthread_create(&thread, NULL, test_func, NULL);
  pthread_detach(thread);
  pthread_join(thread, NULL);
  pthread_atfork(NULL, NULL, NULL);
  pthread_exit(NULL);

  return 0;
}

Determining if the function pthread_create exists in the pthreads failed with the following output:
Change Dir: /home/jstefan1/Documents/CodeWorkspace/UGV-Robot/ros_noetic_catkin_ws/src/ws_livox/build/CMakeFiles/CMakeTmp

Run Build Command(s):/usr/bin/make cmTC_1b0a2/fast && /usr/bin/make -f CMakeFiles/cmTC_1b0a2.dir/build.make CMakeFiles/cmTC_1b0a2.dir/build
make[1]: Entering directory '/home/jstefan1/Documents/CodeWorkspace/UGV-Robot/ros_noetic_catkin_ws/src/ws_livox/build/CMakeFiles/CMakeTmp'
Building C object CMakeFiles/cmTC_1b0a2.dir/CheckFunctionExists.c.o
/usr/bin/cc   -DCHECK_FUNCTION_EXISTS=pthread_create   -o CMakeFiles/cmTC_1b0a2.dir/CheckFunctionExists.c.o   -c /usr/share/cmake-3.16/Modules/CheckFunctionExists.c
Linking C executable cmTC_1b0a2
/usr/bin/cmake -E cmake_link_script CMakeFiles/cmTC_1b0a2.dir/link.txt --verbose=1
/usr/bin/cc  -DCHECK_FUNCTION_EXISTS=pthread_create    -rdynamic CMakeFiles/cmTC_1b0a2.dir/CheckFunctionExists.c.o  -o cmTC_1b0a2  -lpthreads 
/usr/bin/ld: cannot find -lpthreads
collect2: error: ld returned 1 exit status
make[1]: *** [CMakeFiles/cmTC_1b0a2.dir/build.make:87: cmTC_1b0a2] Error 1
make[1]: Leaving directory '/home/jstefan1/Documents/CodeWorkspace/UGV-Robot/ros_noetic_catkin_ws/src/ws_livox/build/CMakeFiles/CMakeTmp'
make: *** [Makefile:121: cmTC_1b0a2/fast] Error 2



Determining if the function sgemm_ exists failed with the following output:
Change Dir: /home/jstefan1/Documents/CodeWorkspace/UGV-Robot/ros_noetic_catkin_ws/src/ws_livox/build/CMakeFiles/CMakeTmp

Run Build Command(s):/usr/bin/make cmTC_47f1e/fast && /usr/bin/make -f CMakeFiles/cmTC_47f1e.dir/build.make CMakeFiles/cmTC_47f1e.dir/build
make[1]: Entering directory '/home/jstefan1/Documents/CodeWorkspace/UGV-Robot/ros_noetic_catkin_ws/src/ws_livox/build/CMakeFiles/CMakeTmp'
Building C object CMakeFiles/cmTC_47f1e.dir/CheckFunctionExists.c.o
/usr/bin/cc   -DCHECK_FUNCTION_EXISTS=sgemm_   -o CMakeFiles/cmTC_47f1e.dir/CheckFunctionExists.c.o   -c /usr/share/cmake-3.16/Modules/CheckFunctionExists.c
Linking C executable cmTC_47f1e
/usr/bin/cmake -E cmake_link_script CMakeFiles/cmTC_47f1e.dir/link.txt --verbose=1
/usr/bin/cc   -DCHECK_FUNCTION_EXISTS=sgemm_    -rdynamic CMakeFiles/cmTC_47f1e.dir/CheckFunctionExists.c.o  -o cmTC_47f1e 
/usr/bin/ld: CMakeFiles/cmTC_47f1e.dir/CheckFunctionExists.c.o: in function `main':
CheckFunctionExists.c:(.text+0x14): undefined reference to `sgemm_'
collect2: error: ld returned 1 exit status
make[1]: *** [CMakeFiles/cmTC_47f1e.dir/build.make:87: cmTC_47f1e] Error 1
make[1]: Leaving directory '/home/jstefan1/Documents/CodeWorkspace/UGV-Robot/ros_noetic_catkin_ws/src/ws_livox/build/CMakeFiles/CMakeTmp'
make: *** [Makefile:121: cmTC_47f1e/fast] Error 2



Determining if the function cheev_ exists failed with the following output:
Change Dir: /home/jstefan1/Documents/CodeWorkspace/UGV-Robot/ros_noetic_catkin_ws/src/ws_livox/build/CMakeFiles/CMakeTmp

Run Build Command(s):/usr/bin/make cmTC_c9108/fast && /usr/bin/make -f CMakeFiles/cmTC_c9108.dir/build.make CMakeFiles/cmTC_c9108.dir/build
make[1]: Entering directory '/home/jstefan1/Documents/CodeWorkspace/UGV-Robot/ros_noetic_catkin_ws/src/ws_livox/build/CMakeFiles/CMakeTmp'
Building C object CMakeFiles/cmTC_c9108.dir/CheckFunctionExists.c.o
/usr/bin/cc   -DCHECK_FUNCTION_EXISTS=cheev_   -o CMakeFiles/cmTC_c9108.dir/CheckFunctionExists.c.o   -c /usr/share/cmake-3.16/Modules/CheckFunctionExists.c
Linking C executable cmTC_c9108
/usr/bin/cmake -E cmake_link_script CMakeFiles/cmTC_c9108.dir/link.txt --verbose=1
/usr/bin/cc   -DCHECK_FUNCTION_EXISTS=cheev_    -rdynamic CMakeFiles/cmTC_c9108.dir/CheckFunctionExists.c.o  -o cmTC_c9108  /usr/lib/x86_64-linux-gnu/libblas.so 
/usr/bin/ld: CMakeFiles/cmTC_c9108.dir/CheckFunctionExists.c.o: in function `main':
CheckFunctionExists.c:(.text+0x14): undefined reference to `cheev_'
collect2: error: ld returned 1 exit status
make[1]: *** [CMakeFiles/cmTC_c9108.dir/build.make:88: cmTC_c9108] Error 1
make[1]: Leaving directory '/home/jstefan1/Documents/CodeWorkspace/UGV-Robot/ros_noetic_catkin_ws/src/ws_livox/build/CMakeFiles/CMakeTmp'
make: *** [Makefile:121: cmTC_c9108/fast] Error 2



