[0.088s] Invoking command in '/home/ugv-c7/CodeWorkspace/UGV-Robot/ros2_humble_colcon_ws/build/app_bringup': AMENT_PREFIX_PATH=/home/ugv-c7/CodeWorkspace/UGV-Robot/ros2_humble_colcon_ws/install/py_pub_sub:${AMENT_PREFIX_PATH} CMAKE_PREFIX_PATH=/opt/ros/humble PYTHONPATH=/home/ugv-c7/CodeWorkspace/UGV-Robot/ros2_humble_colcon_ws/install/py_pub_sub/lib/python3.10/site-packages:${PYTHONPATH} /usr/bin/cmake --build /home/ugv-c7/CodeWorkspace/UGV-Robot/ros2_humble_colcon_ws/build/app_bringup -- -j6 -l6
[87.158s] Invoked command in '/home/ugv-c7/CodeWorkspace/UGV-Robot/ros2_humble_colcon_ws/build/app_bringup' returned '0': AMENT_PREFIX_PATH=/home/ugv-c7/CodeWorkspace/UGV-Robot/ros2_humble_colcon_ws/install/py_pub_sub:${AMENT_PREFIX_PATH} CMAKE_PREFIX_PATH=/opt/ros/humble PYTHONPATH=/home/ugv-c7/CodeWorkspace/UGV-Robot/ros2_humble_colcon_ws/install/py_pub_sub/lib/python3.10/site-packages:${PYTHONPATH} /usr/bin/cmake --build /home/ugv-c7/CodeWorkspace/UGV-Robot/ros2_humble_colcon_ws/build/app_bringup -- -j6 -l6
[87.177s] Invoking command in '/home/ugv-c7/CodeWorkspace/UGV-Robot/ros2_humble_colcon_ws/build/app_bringup': AMENT_PREFIX_PATH=/home/ugv-c7/CodeWorkspace/UGV-Robot/ros2_humble_colcon_ws/install/py_pub_sub:${AMENT_PREFIX_PATH} CMAKE_PREFIX_PATH=/opt/ros/humble PYTHONPATH=/home/ugv-c7/CodeWorkspace/UGV-Robot/ros2_humble_colcon_ws/install/py_pub_sub/lib/python3.10/site-packages:${PYTHONPATH} /usr/bin/cmake --install /home/ugv-c7/CodeWorkspace/UGV-Robot/ros2_humble_colcon_ws/build/app_bringup
[87.324s] -- Install configuration: ""
[87.324s] -- Up-to-date: /home/ugv-c7/CodeWorkspace/UGV-Robot/ros2_humble_colcon_ws/install/app_bringup/share/app_bringup/launch
[87.324s] -- Up-to-date: /home/ugv-c7/CodeWorkspace/UGV-Robot/ros2_humble_colcon_ws/install/app_bringup/share/app_bringup/launch/app.launch.py
[87.324s] -- Up-to-date: /home/ugv-c7/CodeWorkspace/UGV-Robot/ros2_humble_colcon_ws/install/app_bringup/share/ament_index/resource_index/package_run_dependencies/app_bringup
[87.325s] -- Up-to-date: /home/ugv-c7/CodeWorkspace/UGV-Robot/ros2_humble_colcon_ws/install/app_bringup/share/ament_index/resource_index/parent_prefix_path/app_bringup
[87.325s] -- Up-to-date: /home/ugv-c7/CodeWorkspace/UGV-Robot/ros2_humble_colcon_ws/install/app_bringup/share/app_bringup/environment/ament_prefix_path.sh
[87.325s] -- Up-to-date: /home/ugv-c7/CodeWorkspace/UGV-Robot/ros2_humble_colcon_ws/install/app_bringup/share/app_bringup/environment/ament_prefix_path.dsv
[87.325s] -- Up-to-date: /home/ugv-c7/CodeWorkspace/UGV-Robot/ros2_humble_colcon_ws/install/app_bringup/share/app_bringup/environment/path.sh
[87.325s] -- Up-to-date: /home/ugv-c7/CodeWorkspace/UGV-Robot/ros2_humble_colcon_ws/install/app_bringup/share/app_bringup/environment/path.dsv
[87.325s] -- Up-to-date: /home/ugv-c7/CodeWorkspace/UGV-Robot/ros2_humble_colcon_ws/install/app_bringup/share/app_bringup/local_setup.bash
[87.325s] -- Up-to-date: /home/ugv-c7/CodeWorkspace/UGV-Robot/ros2_humble_colcon_ws/install/app_bringup/share/app_bringup/local_setup.sh
[87.325s] -- Up-to-date: /home/ugv-c7/CodeWorkspace/UGV-Robot/ros2_humble_colcon_ws/install/app_bringup/share/app_bringup/local_setup.zsh
[87.326s] -- Up-to-date: /home/ugv-c7/CodeWorkspace/UGV-Robot/ros2_humble_colcon_ws/install/app_bringup/share/app_bringup/local_setup.dsv
[87.326s] -- Installing: /home/ugv-c7/CodeWorkspace/UGV-Robot/ros2_humble_colcon_ws/install/app_bringup/share/app_bringup/package.dsv
[87.326s] -- Up-to-date: /home/ugv-c7/CodeWorkspace/UGV-Robot/ros2_humble_colcon_ws/install/app_bringup/share/ament_index/resource_index/packages/app_bringup
[87.326s] -- Up-to-date: /home/ugv-c7/CodeWorkspace/UGV-Robot/ros2_humble_colcon_ws/install/app_bringup/share/app_bringup/cmake/app_bringupConfig.cmake
[87.326s] -- Up-to-date: /home/ugv-c7/CodeWorkspace/UGV-Robot/ros2_humble_colcon_ws/install/app_bringup/share/app_bringup/cmake/app_bringupConfig-version.cmake
[87.326s] -- Up-to-date: /home/ugv-c7/CodeWorkspace/UGV-Robot/ros2_humble_colcon_ws/install/app_bringup/share/app_bringup/package.xml
[87.595s] Invoked command in '/home/ugv-c7/CodeWorkspace/UGV-Robot/ros2_humble_colcon_ws/build/app_bringup' returned '0': AMENT_PREFIX_PATH=/home/ugv-c7/CodeWorkspace/UGV-Robot/ros2_humble_colcon_ws/install/py_pub_sub:${AMENT_PREFIX_PATH} CMAKE_PREFIX_PATH=/opt/ros/humble PYTHONPATH=/home/ugv-c7/CodeWorkspace/UGV-Robot/ros2_humble_colcon_ws/install/py_pub_sub/lib/python3.10/site-packages:${PYTHONPATH} /usr/bin/cmake --install /home/ugv-c7/CodeWorkspace/UGV-Robot/ros2_humble_colcon_ws/build/app_bringup
