[0.045s] Invoking command in '/home/ugv-c7/CodeWorkspace/UGV-Robot/ros2_humble_colcon_ws/build/moveit_core': AMENT_PREFIX_PATH=/home/ugv-c7/CodeWorkspace/UGV-Robot/ros2_humble_colcon_ws/install/moveit_resources_panda_moveit_config:/home/ugv-c7/CodeWorkspace/UGV-Robot/ros2_humble_colcon_ws/install/srdfdom:/home/ugv-c7/CodeWorkspace/UGV-Robot/ros2_humble_colcon_ws/install/moveit_resources_pr2_description:/home/ugv-c7/CodeWorkspace/UGV-Robot/ros2_humble_colcon_ws/install/moveit_resources_panda_description:/home/ugv-c7/CodeWorkspace/UGV-Robot/ros2_humble_colcon_ws/install/moveit_common:${AMENT_PREFIX_PATH} CMAKE_PREFIX_PATH=/home/ugv-c7/CodeWorkspace/UGV-Robot/ros2_humble_colcon_ws/install/moveit_resources_panda_moveit_config:/home/ugv-c7/CodeWorkspace/UGV-Robot/ros2_humble_colcon_ws/install/srdfdom:/home/ugv-c7/CodeWorkspace/UGV-Robot/ros2_humble_colcon_ws/install/moveit_resources_pr2_description:/home/ugv-c7/CodeWorkspace/UGV-Robot/ros2_humble_colcon_ws/install/moveit_resources_panda_description:/home/ugv-c7/CodeWorkspace/UGV-Robot/ros2_humble_colcon_ws/install/moveit_common:/opt/ros/humble LD_LIBRARY_PATH=/home/ugv-c7/CodeWorkspace/UGV-Robot/ros2_humble_colcon_ws/install/srdfdom/lib:${LD_LIBRARY_PATH} PYTHONPATH=/home/ugv-c7/CodeWorkspace/UGV-Robot/ros2_humble_colcon_ws/install/srdfdom/local/lib/python3.10/dist-packages:${PYTHONPATH} /usr/bin/cmake /home/ugv-c7/CodeWorkspace/UGV-Robot/ros2_humble_colcon_ws/src/moveit2/moveit_core -DCMAKE_BUILD_TYPE=Release -DCMAKE_INSTALL_PREFIX=/home/ugv-c7/CodeWorkspace/UGV-Robot/ros2_humble_colcon_ws/install/moveit_core
[0.077s] -- Found moveit_common: 2.5.8 (/home/ugv-c7/CodeWorkspace/UGV-Robot/ros2_humble_colcon_ws/install/moveit_common/share/moveit_common/cmake)
[0.077s] -- Found ament_cmake: 1.3.11 (/opt/ros/humble/share/ament_cmake/cmake)
[0.587s] -- Found angles: 1.15.0 (/opt/ros/humble/share/angles/cmake)
[0.664s] -- Found common_interfaces: 4.2.4 (/opt/ros/humble/share/common_interfaces/cmake)
[0.666s] -- Found eigen_stl_containers: 1.1.0 (/opt/ros/humble/share/eigen_stl_containers/cmake)
[0.676s] -- Found eigen3_cmake_module: 0.1.1 (/opt/ros/humble/share/eigen3_cmake_module/cmake)
[0.687s] -- Found generate_parameter_library: 0.4.0 (/opt/ros/humble/share/generate_parameter_library/cmake)
[0.691s] -- Found parameter_traits: 0.4.0 (/opt/ros/humble/share/parameter_traits/cmake)
[0.752s] -- Found rosidl_generator_c: 3.1.6 (/opt/ros/humble/share/rosidl_generator_c/cmake)
[0.757s] -- Found rosidl_adapter: 3.1.6 (/opt/ros/humble/share/rosidl_adapter/cmake)
[0.769s] -- Found rosidl_generator_cpp: 3.1.6 (/opt/ros/humble/share/rosidl_generator_cpp/cmake)
[0.792s] -- Using all available rosidl_typesupport_c: rosidl_typesupport_fastrtps_c;rosidl_typesupport_introspection_c
[0.821s] -- Using all available rosidl_typesupport_cpp: rosidl_typesupport_fastrtps_cpp;rosidl_typesupport_introspection_cpp
[0.889s] -- Found rmw_implementation_cmake: 6.1.2 (/opt/ros/humble/share/rmw_implementation_cmake/cmake)
[0.892s] -- Found rmw_fastrtps_cpp: 6.2.7 (/opt/ros/humble/share/rmw_fastrtps_cpp/cmake)
[1.097s] -- Using RMW implementation 'rmw_fastrtps_cpp' as default
[1.231s] -- Found rclcpp_lifecycle: 16.0.11 (/opt/ros/humble/share/rclcpp_lifecycle/cmake)
[1.290s] -- Found geometric_shapes: 2.3.2 (/opt/ros/humble/share/geometric_shapes/cmake)
[1.309s] -- Found Boost: /usr/lib/aarch64-linux-gnu/cmake/Boost-1.74.0/BoostConfig.cmake (found version "1.74.0") found components: filesystem 
[1.428s] -- library: /usr/lib/aarch64-linux-gnu/libcurl.so
[1.541s] -- Found kdl_parser: 2.6.4 (/opt/ros/humble/share/kdl_parser/cmake)
[1.553s] -- Ensuring Eigen3 include directory is part of orocos-kdl CMake target
[1.558s] -- Found moveit_msgs: 2.2.1 (/opt/ros/humble/share/moveit_msgs/cmake)
[1.774s] -- Found pluginlib: 5.1.0 (/opt/ros/humble/share/pluginlib/cmake)
[1.810s] -- Found srdfdom: 2.0.7 (/home/ugv-c7/CodeWorkspace/UGV-Robot/ros2_humble_colcon_ws/install/srdfdom/share/srdfdom/cmake)
[1.825s] -- Found tf2_eigen: 0.25.12 (/opt/ros/humble/share/tf2_eigen/cmake)
[1.952s] -- Found tf2_geometry_msgs: 0.25.12 (/opt/ros/humble/share/tf2_geometry_msgs/cmake)
[1.963s] -- Found tf2_kdl: 0.25.12 (/opt/ros/humble/share/tf2_kdl/cmake)
[2.034s] -- Found Boost: /usr/lib/aarch64-linux-gnu/cmake/Boost-1.74.0/BoostConfig.cmake (found version "1.74.0") found components: chrono date_time filesystem iostreams program_options regex serialization system thread 
[2.038s] --  *** Building MoveIt 2.5.8-Alpha ***
[2.064s] -- Found ament_cmake_gtest: 1.3.11 (/opt/ros/humble/share/ament_cmake_gtest/cmake)
[2.066s] -- Found gtest sources under '/opt/ros/humble/src/gtest_vendor': C++ tests using 'Google Test' will be built
[2.090s] -- Found ament_cmake_gmock: 1.3.11 (/opt/ros/humble/share/ament_cmake_gmock/cmake)
[2.098s] -- Found gmock sources under '/opt/ros/humble/src/gmock_vendor': C++ tests using 'Google Mock' will be built
[2.107s] -- Found ament_cmake_gtest: 1.3.11 (/opt/ros/humble/share/ament_cmake_gtest/cmake)
[2.109s] -- Found gtest sources under '/opt/ros/humble/src/gtest_vendor': C++ tests using 'Google Test' will be built
[2.130s] -- Found ament_cmake_gtest: 1.3.11 (/opt/ros/humble/share/ament_cmake_gtest/cmake)
[2.132s] -- Found gtest sources under '/opt/ros/humble/src/gtest_vendor': C++ tests using 'Google Test' will be built
[2.193s] -- Found ament_cmake_gtest: 1.3.11 (/opt/ros/humble/share/ament_cmake_gtest/cmake)
[2.195s] -- Found gtest sources under '/opt/ros/humble/src/gtest_vendor': C++ tests using 'Google Test' will be built
[2.227s] -- Found ament_lint_auto: 0.12.11 (/opt/ros/humble/share/ament_lint_auto/cmake)
[2.229s] -- Found ament_cmake_gtest: 1.3.11 (/opt/ros/humble/share/ament_cmake_gtest/cmake)
[2.230s] -- Found gtest sources under '/opt/ros/humble/src/gtest_vendor': C++ tests using 'Google Test' will be built
[2.267s] -- Found ament_cmake_gtest: 1.3.11 (/opt/ros/humble/share/ament_cmake_gtest/cmake)
[2.269s] -- Found gtest sources under '/opt/ros/humble/src/gtest_vendor': C++ tests using 'Google Test' will be built
[2.294s] -- Found ament_cmake_gtest: 1.3.11 (/opt/ros/humble/share/ament_cmake_gtest/cmake)
[2.295s] -- Found gtest sources under '/opt/ros/humble/src/gtest_vendor': C++ tests using 'Google Test' will be built
[2.363s] -- Found ament_cmake_gtest: 1.3.11 (/opt/ros/humble/share/ament_cmake_gtest/cmake)
[2.366s] -- Found gmock sources under '/opt/ros/humble/src/gmock_vendor': C++ tests using 'Google Mock' will be built
[2.367s] -- Found gtest sources under '/opt/ros/humble/src/gtest_vendor': C++ tests using 'Google Test' will be built
[2.437s] -- Found gtest sources under '/opt/ros/humble/src/gtest_vendor': C++ tests using 'Google Test' will be built
[2.511s] -- Found gtest sources under '/opt/ros/humble/src/gtest_vendor': C++ tests using 'Google Test' will be built
[2.542s] -- Found ament_cmake_gtest: 1.3.11 (/opt/ros/humble/share/ament_cmake_gtest/cmake)
[2.544s] -- Found gtest sources under '/opt/ros/humble/src/gtest_vendor': C++ tests using 'Google Test' will be built
[2.591s] -- Found gtest sources under '/opt/ros/humble/src/gtest_vendor': C++ tests using 'Google Test' will be built
[2.623s] -- Found gtest sources under '/opt/ros/humble/src/gtest_vendor': C++ tests using 'Google Test' will be built
[2.650s] -- Found gtest sources under '/opt/ros/humble/src/gtest_vendor': C++ tests using 'Google Test' will be built
[2.667s] -- Found ament_lint_auto: 0.12.11 (/opt/ros/humble/share/ament_lint_auto/cmake)
[2.744s] -- Added test 'cppcheck' to perform static code analysis on C / C++ code
[2.747s] -- Configured cppcheck include dirs: /home/ugv-c7/CodeWorkspace/UGV-Robot/ros2_humble_colcon_ws/src/moveit2/moveit_core/exceptions/include;/home/ugv-c7/CodeWorkspace/UGV-Robot/ros2_humble_colcon_ws/src/moveit2/moveit_core/collision_detection/include;/home/ugv-c7/CodeWorkspace/UGV-Robot/ros2_humble_colcon_ws/src/moveit2/moveit_core/collision_detection_fcl/include;/home/ugv-c7/CodeWorkspace/UGV-Robot/ros2_humble_colcon_ws/src/moveit2/moveit_core/collision_detection_bullet/include;/home/ugv-c7/CodeWorkspace/UGV-Robot/ros2_humble_colcon_ws/src/moveit2/moveit_core/constraint_samplers/include;/home/ugv-c7/CodeWorkspace/UGV-Robot/ros2_humble_colcon_ws/src/moveit2/moveit_core/controller_manager/include;/home/ugv-c7/CodeWorkspace/UGV-Robot/ros2_humble_colcon_ws/src/moveit2/moveit_core/distance_field/include;/home/ugv-c7/CodeWorkspace/UGV-Robot/ros2_humble_colcon_ws/src/moveit2/moveit_core/collision_distance_field/include;/home/ugv-c7/CodeWorkspace/UGV-Robot/ros2_humble_colcon_ws/src/moveit2/moveit_core/dynamics_solver/include;/home/ugv-c7/CodeWorkspace/UGV-Robot/ros2_humble_colcon_ws/src/moveit2/moveit_core/kinematics_base/include;/home/ugv-c7/CodeWorkspace/UGV-Robot/ros2_humble_colcon_ws/src/moveit2/moveit_core/kinematics_metrics/include;/home/ugv-c7/CodeWorkspace/UGV-Robot/ros2_humble_colcon_ws/src/moveit2/moveit_core/robot_model/include;/home/ugv-c7/CodeWorkspace/UGV-Robot/ros2_humble_colcon_ws/src/moveit2/moveit_core/transforms/include;/home/ugv-c7/CodeWorkspace/UGV-Robot/ros2_humble_colcon_ws/src/moveit2/moveit_core/robot_state/include;/home/ugv-c7/CodeWorkspace/UGV-Robot/ros2_humble_colcon_ws/src/moveit2/moveit_core/robot_trajectory/include;/home/ugv-c7/CodeWorkspace/UGV-Robot/ros2_humble_colcon_ws/src/moveit2/moveit_core/kinematic_constraints/include;/home/ugv-c7/CodeWorkspace/UGV-Robot/ros2_humble_colcon_ws/src/moveit2/moveit_core/macros/include;/home/ugv-c7/CodeWorkspace/UGV-Robot/ros2_humble_colcon_ws/src/moveit2/moveit_core/online_signal_smoothing/include;/home/ugv-c7/CodeWorkspace/UGV-Robot/ros2_humble_colcon_ws/src/moveit2/moveit_core/planning_interface/include;/home/ugv-c7/CodeWorkspace/UGV-Robot/ros2_humble_colcon_ws/src/moveit2/moveit_core/planning_request_adapter/include;/home/ugv-c7/CodeWorkspace/UGV-Robot/ros2_humble_colcon_ws/src/moveit2/moveit_core/planning_scene/include;/home/ugv-c7/CodeWorkspace/UGV-Robot/ros2_humble_colcon_ws/src/moveit2/moveit_core/sensor_manager/include;/home/ugv-c7/CodeWorkspace/UGV-Robot/ros2_humble_colcon_ws/src/moveit2/moveit_core/trajectory_processing/include;/home/ugv-c7/CodeWorkspace/UGV-Robot/ros2_humble_colcon_ws/src/moveit2/moveit_core/utils/include
[2.747s] -- Configured cppcheck exclude dirs and/or files: 
[2.754s] -- Added test 'pep257' to check Python code against some of the docstring style conventions in PEP 257
[2.760s] -- Added test 'xmllint' to check XML markup files
[2.770s] -- Configuring done
[4.842s] -- Generating done
[5.279s] -- Build files have been written to: /home/ugv-c7/CodeWorkspace/UGV-Robot/ros2_humble_colcon_ws/build/moveit_core
[5.448s] Invoked command in '/home/ugv-c7/CodeWorkspace/UGV-Robot/ros2_humble_colcon_ws/build/moveit_core' returned '0': AMENT_PREFIX_PATH=/home/ugv-c7/CodeWorkspace/UGV-Robot/ros2_humble_colcon_ws/install/moveit_resources_panda_moveit_config:/home/ugv-c7/CodeWorkspace/UGV-Robot/ros2_humble_colcon_ws/install/srdfdom:/home/ugv-c7/CodeWorkspace/UGV-Robot/ros2_humble_colcon_ws/install/moveit_resources_pr2_description:/home/ugv-c7/CodeWorkspace/UGV-Robot/ros2_humble_colcon_ws/install/moveit_resources_panda_description:/home/ugv-c7/CodeWorkspace/UGV-Robot/ros2_humble_colcon_ws/install/moveit_common:${AMENT_PREFIX_PATH} CMAKE_PREFIX_PATH=/home/ugv-c7/CodeWorkspace/UGV-Robot/ros2_humble_colcon_ws/install/moveit_resources_panda_moveit_config:/home/ugv-c7/CodeWorkspace/UGV-Robot/ros2_humble_colcon_ws/install/srdfdom:/home/ugv-c7/CodeWorkspace/UGV-Robot/ros2_humble_colcon_ws/install/moveit_resources_pr2_description:/home/ugv-c7/CodeWorkspace/UGV-Robot/ros2_humble_colcon_ws/install/moveit_resources_panda_description:/home/ugv-c7/CodeWorkspace/UGV-Robot/ros2_humble_colcon_ws/install/moveit_common:/opt/ros/humble LD_LIBRARY_PATH=/home/ugv-c7/CodeWorkspace/UGV-Robot/ros2_humble_colcon_ws/install/srdfdom/lib:${LD_LIBRARY_PATH} PYTHONPATH=/home/ugv-c7/CodeWorkspace/UGV-Robot/ros2_humble_colcon_ws/install/srdfdom/local/lib/python3.10/dist-packages:${PYTHONPATH} /usr/bin/cmake /home/ugv-c7/CodeWorkspace/UGV-Robot/ros2_humble_colcon_ws/src/moveit2/moveit_core -DCMAKE_BUILD_TYPE=Release -DCMAKE_INSTALL_PREFIX=/home/ugv-c7/CodeWorkspace/UGV-Robot/ros2_humble_colcon_ws/install/moveit_core
[5.454s] Invoking command in '/home/ugv-c7/CodeWorkspace/UGV-Robot/ros2_humble_colcon_ws/build/moveit_core': AMENT_PREFIX_PATH=/home/ugv-c7/CodeWorkspace/UGV-Robot/ros2_humble_colcon_ws/install/moveit_resources_panda_moveit_config:/home/ugv-c7/CodeWorkspace/UGV-Robot/ros2_humble_colcon_ws/install/srdfdom:/home/ugv-c7/CodeWorkspace/UGV-Robot/ros2_humble_colcon_ws/install/moveit_resources_pr2_description:/home/ugv-c7/CodeWorkspace/UGV-Robot/ros2_humble_colcon_ws/install/moveit_resources_panda_description:/home/ugv-c7/CodeWorkspace/UGV-Robot/ros2_humble_colcon_ws/install/moveit_common:${AMENT_PREFIX_PATH} CMAKE_PREFIX_PATH=/home/ugv-c7/CodeWorkspace/UGV-Robot/ros2_humble_colcon_ws/install/moveit_resources_panda_moveit_config:/home/ugv-c7/CodeWorkspace/UGV-Robot/ros2_humble_colcon_ws/install/srdfdom:/home/ugv-c7/CodeWorkspace/UGV-Robot/ros2_humble_colcon_ws/install/moveit_resources_pr2_description:/home/ugv-c7/CodeWorkspace/UGV-Robot/ros2_humble_colcon_ws/install/moveit_resources_panda_description:/home/ugv-c7/CodeWorkspace/UGV-Robot/ros2_humble_colcon_ws/install/moveit_common:/opt/ros/humble LD_LIBRARY_PATH=/home/ugv-c7/CodeWorkspace/UGV-Robot/ros2_humble_colcon_ws/install/srdfdom/lib:${LD_LIBRARY_PATH} PYTHONPATH=/home/ugv-c7/CodeWorkspace/UGV-Robot/ros2_humble_colcon_ws/install/srdfdom/local/lib/python3.10/dist-packages:${PYTHONPATH} /usr/bin/cmake --build /home/ugv-c7/CodeWorkspace/UGV-Robot/ros2_humble_colcon_ws/build/moveit_core -- -j6 -l6
[5.578s] [35m[1mConsolidate compiler generated dependencies of target gtest[0m
[5.579s] [35m[1mConsolidate compiler generated dependencies of target moveit_exceptions[0m
[5.585s] [35m[1mConsolidate compiler generated dependencies of target moveit_transforms[0m
[5.586s] [35m[1mConsolidate compiler generated dependencies of target moveit_kinematics_base[0m
[5.591s] [35m[1mConsolidate compiler generated dependencies of target moveit_utils[0m
[5.596s] [35m[1mConsolidate compiler generated dependencies of target moveit_distance_field[0m
[5.614s] [  2%] Built target moveit_exceptions
[5.615s] [  2%] Built target gtest
[5.638s] [  5%] Built target moveit_utils
[5.640s] [35m[1mConsolidate compiler generated dependencies of target gtest_main[0m
[5.644s] [35m[1mConsolidate compiler generated dependencies of target gmock[0m
[5.663s] [  6%] [32m[1mLinking CXX shared library libmoveit_kinematics_base.so[0m
[5.663s] [  6%] Built target moveit_transforms
[5.665s] [35m[1mConsolidate compiler generated dependencies of target gmock_main[0m
[5.677s] [  7%] Built target gtest_main
[5.692s] [35m[1mConsolidate compiler generated dependencies of target moveit_smoothing_base[0m
[5.701s] [ 10%] Built target gmock
[5.701s] [ 10%] Built target gmock_main
[5.716s] [ 13%] Built target moveit_distance_field
[5.730s] [ 15%] Built target moveit_butterworth_parameters
[5.733s] [35m[1mConsolidate compiler generated dependencies of target test_transforms[0m
[5.734s] [35m[1mConsolidate compiler generated dependencies of target moveit_version[0m
[5.747s] [35m[1mConsolidate compiler generated dependencies of target test_voxel_grid[0m
[5.748s] [ 16%] Built target moveit_smoothing_base
[5.767s] [35m[1mConsolidate compiler generated dependencies of target test_distance_field[0m
[5.773s] [ 17%] Built target moveit_version
[5.784s] [ 18%] Built target test_transforms
[5.800s] [ 19%] Built target test_voxel_grid
[5.833s] [ 20%] Built target test_distance_field
[6.012s] [ 21%] Built target moveit_kinematics_base
[6.065s] [35m[1mConsolidate compiler generated dependencies of target moveit_robot_model[0m
[6.165s] [ 22%] [32m[1mLinking CXX shared library libmoveit_robot_model.so[0m
[6.635s] [ 27%] Built target moveit_robot_model
[6.667s] [35m[1mConsolidate compiler generated dependencies of target moveit_test_utils[0m
[6.669s] [35m[1mConsolidate compiler generated dependencies of target moveit_butterworth_filter[0m
[6.677s] [35m[1mConsolidate compiler generated dependencies of target moveit_robot_state[0m
[6.763s] [ 28%] [32m[1mLinking CXX shared library libmoveit_butterworth_filter.so[0m
[6.763s] [ 28%] [32m[1mLinking CXX shared library libmoveit_robot_state.so[0m
[6.764s] [ 29%] [32m[1mLinking CXX shared library libmoveit_test_utils.so[0m
[7.243s] [ 30%] Built target moveit_test_utils
[7.264s] [ 31%] Built target moveit_butterworth_filter
[7.269s] [35m[1mConsolidate compiler generated dependencies of target test_robot_model[0m
[7.294s] [35m[1mConsolidate compiler generated dependencies of target test_butterworth_filter[0m
[7.309s] [ 33%] Built target moveit_robot_state
[7.321s] [ 33%] [32m[1mLinking CXX executable test_robot_model[0m
[7.343s] [35m[1mConsolidate compiler generated dependencies of target moveit_dynamics_solver[0m
[7.344s] [35m[1mConsolidate compiler generated dependencies of target moveit_kinematics_metrics[0m
[7.344s] [ 34%] [32m[1mLinking CXX executable test_butterworth_filter[0m
[7.345s] [35m[1mConsolidate compiler generated dependencies of target moveit_robot_trajectory[0m
[7.391s] [35m[1mConsolidate compiler generated dependencies of target moveit_collision_detection[0m
[7.405s] [ 34%] [32m[1mLinking CXX shared library libmoveit_kinematics_metrics.so[0m
[7.405s] [ 34%] [32m[1mLinking CXX shared library libmoveit_robot_trajectory.so[0m
[7.414s] [ 35%] [32m[1mLinking CXX shared library libmoveit_dynamics_solver.so[0m
[7.507s] [ 35%] [32m[1mLinking CXX shared library libmoveit_collision_detection.so[0m
[7.885s] [ 35%] Built target test_butterworth_filter
[7.914s] [35m[1mConsolidate compiler generated dependencies of target test_robot_state[0m
[7.951s] [ 35%] Built target moveit_dynamics_solver
[7.974s] [ 38%] Built target moveit_robot_trajectory
[7.975s] [ 38%] [32m[1mLinking CXX executable test_robot_state[0m
[7.975s] [ 38%] Built target moveit_kinematics_metrics
[7.990s] [35m[1mConsolidate compiler generated dependencies of target test_robot_state_benchmark[0m
[8.003s] [35m[1mConsolidate compiler generated dependencies of target test_robot_state_complex[0m
[8.027s] [35m[1mConsolidate compiler generated dependencies of target test_aabb[0m
[8.055s] [ 39%] [32m[1mLinking CXX executable test_robot_state_benchmark[0m
[8.060s] [ 40%] [32m[1mLinking CXX executable test_robot_state_complex[0m
[8.091s] [ 41%] [32m[1mLinking CXX executable test_aabb[0m
[8.217s] [ 46%] Built target moveit_collision_detection
[8.260s] [35m[1mConsolidate compiler generated dependencies of target test_cartesian_interpolator[0m
[8.313s] [ 47%] Built target test_robot_model
[8.325s] [ 47%] [32m[1mLinking CXX executable test_cartesian_interpolator[0m
[8.353s] [35m[1mConsolidate compiler generated dependencies of target test_robot_trajectory[0m
[8.417s] [ 47%] [32m[1mLinking CXX executable test_robot_trajectory[0m
[8.929s] [ 48%] Built target test_robot_state
[8.961s] [35m[1mConsolidate compiler generated dependencies of target test_world[0m
[8.974s] [ 48%] Built target test_robot_state_complex
[8.975s] [ 48%] Built target test_robot_state_benchmark
[9.004s] [ 48%] [32m[1mLinking CXX executable test_world[0m
[9.008s] [35m[1mConsolidate compiler generated dependencies of target test_world_diff[0m
[9.009s] [35m[1mConsolidate compiler generated dependencies of target test_all_valid[0m
[9.060s] [ 49%] [32m[1mLinking CXX executable test_world_diff[0m
[9.089s] [ 49%] [32m[1mLinking CXX executable test_all_valid[0m
[9.089s] [ 49%] Built target test_aabb
[9.162s] [35m[1mConsolidate compiler generated dependencies of target moveit_collision_detection_bullet[0m
[9.174s] [ 50%] Built target test_cartesian_interpolator
[9.238s] [35m[1mConsolidate compiler generated dependencies of target moveit_collision_detection_fcl[0m
[9.296s] [ 50%] [32m[1mLinking CXX shared library libmoveit_collision_detection_bullet.so[0m
[9.346s] [ 51%] [32m[1mLinking CXX shared library libmoveit_collision_detection_fcl.so[0m
[9.426s] [ 52%] Built target test_robot_trajectory
[9.484s] [35m[1mConsolidate compiler generated dependencies of target moveit_trajectory_processing[0m
[9.591s] [ 53%] [32m[1mLinking CXX shared library libmoveit_trajectory_processing.so[0m
[9.853s] [ 54%] Built target test_world
[9.893s] [35m[1mConsolidate compiler generated dependencies of target moveit_planning_interface[0m
[9.976s] [ 54%] [32m[1mLinking CXX shared library libmoveit_planning_interface.so[0m
[9.989s] [ 55%] Built target test_world_diff
[9.991s] [ 56%] Built target test_all_valid
[10.003s] [ 61%] Built target moveit_collision_detection_bullet
[10.038s] [35m[1mConsolidate compiler generated dependencies of target test_bullet_continuous_collision_checking[0m
[10.039s] [35m[1mConsolidate compiler generated dependencies of target test_bullet_collision_detection_panda[0m
[10.039s] [35m[1mConsolidate compiler generated dependencies of target test_bullet_collision_detection[0m
[10.112s] [ 62%] [32m[1mLinking CXX executable test_bullet_collision_detection[0m
[10.113s] [ 62%] [32m[1mLinking CXX executable test_bullet_collision_detection_panda[0m
[10.127s] [ 63%] [32m[1mLinking CXX executable test_bullet_continuous_collision_checking[0m
[10.198s] [ 65%] Built target moveit_trajectory_processing
[10.228s] [ 66%] Built target moveit_collision_detection_fcl
[10.260s] [35m[1mConsolidate compiler generated dependencies of target test_time_parameterization[0m
[10.270s] [35m[1mConsolidate compiler generated dependencies of target test_time_optimal_trajectory_generation[0m
[10.340s] [ 68%] [32m[1mLinking CXX executable test_time_optimal_trajectory_generation[0m
[10.341s] [ 68%] [32m[1mLinking CXX executable test_time_parameterization[0m
[10.514s] [ 70%] Built target moveit_planning_interface
[10.559s] [35m[1mConsolidate compiler generated dependencies of target test_ruckig_traj_smoothing[0m
[10.623s] [ 70%] [32m[1mLinking CXX executable test_ruckig_traj_smoothing[0m
[11.229s] [ 71%] Built target test_bullet_collision_detection_panda
[11.262s] [35m[1mConsolidate compiler generated dependencies of target test_fcl_collision_env[0m
[11.303s] [ 71%] Built target test_time_parameterization
[11.335s] [ 72%] [32m[1mLinking CXX executable test_fcl_collision_env[0m
[11.336s] [ 72%] Built target test_bullet_continuous_collision_checking
[11.343s] [35m[1mConsolidate compiler generated dependencies of target test_fcl_collision_detection[0m
[11.343s] [ 73%] Built target test_bullet_collision_detection
[11.377s] [35m[1mConsolidate compiler generated dependencies of target test_fcl_collision_detection_panda[0m
[11.396s] [35m[1mConsolidate compiler generated dependencies of target moveit_kinematic_constraints[0m
[11.411s] [ 74%] [32m[1mLinking CXX executable test_fcl_collision_detection[0m
[11.412s] [ 74%] Built target test_time_optimal_trajectory_generation
[11.455s] [ 75%] [32m[1mLinking CXX executable test_fcl_collision_detection_panda[0m
[11.483s] [ 76%] [32m[1mLinking CXX shared library libmoveit_kinematic_constraints.so[0m
[11.532s] [ 77%] Built target test_ruckig_traj_smoothing
[12.259s] [ 78%] Built target moveit_kinematic_constraints
[12.295s] [35m[1mConsolidate compiler generated dependencies of target test_orientation_constraints[0m
[12.299s] [35m[1mConsolidate compiler generated dependencies of target test_constraints[0m
[12.300s] [35m[1mConsolidate compiler generated dependencies of target moveit_planning_scene[0m
[12.357s] [ 79%] [32m[1mLinking CXX executable test_orientation_constraints[0m
[12.358s] [ 79%] [32m[1mLinking CXX executable test_constraints[0m
[12.383s] [ 80%] [32m[1mLinking CXX shared library libmoveit_planning_scene.so[0m
[12.518s] [ 80%] Built target test_fcl_collision_env
[12.546s] [ 81%] Built target test_fcl_collision_detection_panda
[12.581s] [ 82%] Built target test_fcl_collision_detection
[13.228s] [ 83%] Built target moveit_planning_scene
[13.267s] [35m[1mConsolidate compiler generated dependencies of target test_planning_scene[0m
[13.268s] [35m[1mConsolidate compiler generated dependencies of target moveit_planning_request_adapter[0m
[13.286s] [35m[1mConsolidate compiler generated dependencies of target moveit_collision_distance_field[0m
[13.288s] [35m[1mConsolidate compiler generated dependencies of target moveit_constraint_samplers[0m
[13.335s] [ 83%] [32m[1mLinking CXX shared library libmoveit_planning_request_adapter.so[0m
[13.342s] [ 83%] [32m[1mLinking CXX executable test_planning_scene[0m
[13.389s] [ 84%] [32m[1mLinking CXX shared library libmoveit_constraint_samplers.so[0m
[13.390s] [ 84%] Built target test_orientation_constraints
[13.402s] [ 85%] [32m[1mLinking CXX shared library libmoveit_collision_distance_field.so[0m
[13.425s] [35m[1mConsolidate compiler generated dependencies of target test_collision_objects[0m
[13.494s] [ 85%] [32m[1mLinking CXX executable test_collision_objects[0m
[13.523s] [ 85%] Built target test_constraints
[13.566s] [35m[1mConsolidate compiler generated dependencies of target test_multi_threaded[0m
[13.645s] [ 86%] [32m[1mLinking CXX executable test_multi_threaded[0m
[13.900s] [ 87%] Built target moveit_planning_request_adapter
[13.935s] [35m[1mConsolidate compiler generated dependencies of target collision_detector_bullet_plugin[0m
[13.999s] [ 88%] [32m[1mLinking CXX shared library libcollision_detector_bullet_plugin.so[0m
[14.152s] [ 91%] Built target moveit_constraint_samplers
[14.189s] [35m[1mConsolidate compiler generated dependencies of target collision_detector_fcl_plugin[0m
[14.269s] [ 92%] [32m[1mLinking CXX shared library libcollision_detector_fcl_plugin.so[0m
[14.294s] [ 94%] Built target moveit_collision_distance_field
[14.329s] [35m[1mConsolidate compiler generated dependencies of target test_collision_distance_field[0m
[14.399s] [ 94%] [32m[1mLinking CXX executable test_collision_distance_field[0m
[14.471s] [ 94%] Built target collision_detector_bullet_plugin
[14.518s] [35m[1mConsolidate compiler generated dependencies of target test_constraint_samplers[0m
[14.615s] [ 95%] [32m[1mLinking CXX executable test_constraint_samplers[0m
[14.643s] [ 96%] Built target test_collision_objects
[14.729s] [ 97%] Built target test_planning_scene
[14.753s] [ 97%] Built target collision_detector_fcl_plugin
[14.795s] [ 97%] Built target test_multi_threaded
[15.429s] [ 98%] Built target test_collision_distance_field
[15.745s] [100%] Built target test_constraint_samplers
[15.780s] Invoked command in '/home/ugv-c7/CodeWorkspace/UGV-Robot/ros2_humble_colcon_ws/build/moveit_core' returned '0': AMENT_PREFIX_PATH=/home/ugv-c7/CodeWorkspace/UGV-Robot/ros2_humble_colcon_ws/install/moveit_resources_panda_moveit_config:/home/ugv-c7/CodeWorkspace/UGV-Robot/ros2_humble_colcon_ws/install/srdfdom:/home/ugv-c7/CodeWorkspace/UGV-Robot/ros2_humble_colcon_ws/install/moveit_resources_pr2_description:/home/ugv-c7/CodeWorkspace/UGV-Robot/ros2_humble_colcon_ws/install/moveit_resources_panda_description:/home/ugv-c7/CodeWorkspace/UGV-Robot/ros2_humble_colcon_ws/install/moveit_common:${AMENT_PREFIX_PATH} CMAKE_PREFIX_PATH=/home/ugv-c7/CodeWorkspace/UGV-Robot/ros2_humble_colcon_ws/install/moveit_resources_panda_moveit_config:/home/ugv-c7/CodeWorkspace/UGV-Robot/ros2_humble_colcon_ws/install/srdfdom:/home/ugv-c7/CodeWorkspace/UGV-Robot/ros2_humble_colcon_ws/install/moveit_resources_pr2_description:/home/ugv-c7/CodeWorkspace/UGV-Robot/ros2_humble_colcon_ws/install/moveit_resources_panda_description:/home/ugv-c7/CodeWorkspace/UGV-Robot/ros2_humble_colcon_ws/install/moveit_common:/opt/ros/humble LD_LIBRARY_PATH=/home/ugv-c7/CodeWorkspace/UGV-Robot/ros2_humble_colcon_ws/install/srdfdom/lib:${LD_LIBRARY_PATH} PYTHONPATH=/home/ugv-c7/CodeWorkspace/UGV-Robot/ros2_humble_colcon_ws/install/srdfdom/local/lib/python3.10/dist-packages:${PYTHONPATH} /usr/bin/cmake --build /home/ugv-c7/CodeWorkspace/UGV-Robot/ros2_humble_colcon_ws/build/moveit_core -- -j6 -l6
[15.788s] Invoking command in '/home/ugv-c7/CodeWorkspace/UGV-Robot/ros2_humble_colcon_ws/build/moveit_core': AMENT_PREFIX_PATH=/home/ugv-c7/CodeWorkspace/UGV-Robot/ros2_humble_colcon_ws/install/moveit_resources_panda_moveit_config:/home/ugv-c7/CodeWorkspace/UGV-Robot/ros2_humble_colcon_ws/install/srdfdom:/home/ugv-c7/CodeWorkspace/UGV-Robot/ros2_humble_colcon_ws/install/moveit_resources_pr2_description:/home/ugv-c7/CodeWorkspace/UGV-Robot/ros2_humble_colcon_ws/install/moveit_resources_panda_description:/home/ugv-c7/CodeWorkspace/UGV-Robot/ros2_humble_colcon_ws/install/moveit_common:${AMENT_PREFIX_PATH} CMAKE_PREFIX_PATH=/home/ugv-c7/CodeWorkspace/UGV-Robot/ros2_humble_colcon_ws/install/moveit_resources_panda_moveit_config:/home/ugv-c7/CodeWorkspace/UGV-Robot/ros2_humble_colcon_ws/install/srdfdom:/home/ugv-c7/CodeWorkspace/UGV-Robot/ros2_humble_colcon_ws/install/moveit_resources_pr2_description:/home/ugv-c7/CodeWorkspace/UGV-Robot/ros2_humble_colcon_ws/install/moveit_resources_panda_description:/home/ugv-c7/CodeWorkspace/UGV-Robot/ros2_humble_colcon_ws/install/moveit_common:/opt/ros/humble LD_LIBRARY_PATH=/home/ugv-c7/CodeWorkspace/UGV-Robot/ros2_humble_colcon_ws/install/srdfdom/lib:${LD_LIBRARY_PATH} PYTHONPATH=/home/ugv-c7/CodeWorkspace/UGV-Robot/ros2_humble_colcon_ws/install/srdfdom/local/lib/python3.10/dist-packages:${PYTHONPATH} /usr/bin/cmake --install /home/ugv-c7/CodeWorkspace/UGV-Robot/ros2_humble_colcon_ws/build/moveit_core
[15.810s] -- Install configuration: "Release"
[15.811s] -- Up-to-date: /home/ugv-c7/CodeWorkspace/UGV-Robot/ros2_humble_colcon_ws/install/moveit_core/include/moveit/version.h
[15.812s] -- Up-to-date: /home/ugv-c7/CodeWorkspace/UGV-Robot/ros2_humble_colcon_ws/install/moveit_core/include
[15.812s] -- Up-to-date: /home/ugv-c7/CodeWorkspace/UGV-Robot/ros2_humble_colcon_ws/install/moveit_core/include/moveit
[15.812s] -- Up-to-date: /home/ugv-c7/CodeWorkspace/UGV-Robot/ros2_humble_colcon_ws/install/moveit_core/include/moveit/collision_distance_field
[15.813s] -- Up-to-date: /home/ugv-c7/CodeWorkspace/UGV-Robot/ros2_humble_colcon_ws/install/moveit_core/include/moveit/collision_distance_field/collision_env_distance_field.h
[15.813s] -- Up-to-date: /home/ugv-c7/CodeWorkspace/UGV-Robot/ros2_humble_colcon_ws/install/moveit_core/include/moveit/collision_distance_field/collision_detector_allocator_distance_field.h
[15.813s] -- Up-to-date: /home/ugv-c7/CodeWorkspace/UGV-Robot/ros2_humble_colcon_ws/install/moveit_core/include/moveit/collision_distance_field/collision_env_hybrid.h
[15.813s] -- Up-to-date: /home/ugv-c7/CodeWorkspace/UGV-Robot/ros2_humble_colcon_ws/install/moveit_core/include/moveit/collision_distance_field/collision_common_distance_field.h
[15.814s] -- Up-to-date: /home/ugv-c7/CodeWorkspace/UGV-Robot/ros2_humble_colcon_ws/install/moveit_core/include/moveit/collision_distance_field/collision_distance_field_types.h
[15.814s] -- Up-to-date: /home/ugv-c7/CodeWorkspace/UGV-Robot/ros2_humble_colcon_ws/install/moveit_core/include/moveit/collision_distance_field/collision_detector_allocator_hybrid.h
[15.814s] -- Up-to-date: /home/ugv-c7/CodeWorkspace/UGV-Robot/ros2_humble_colcon_ws/install/moveit_core/include/moveit_collision_distance_field_export.h
[15.815s] -- Up-to-date: /home/ugv-c7/CodeWorkspace/UGV-Robot/ros2_humble_colcon_ws/install/moveit_core/include
[15.815s] -- Up-to-date: /home/ugv-c7/CodeWorkspace/UGV-Robot/ros2_humble_colcon_ws/install/moveit_core/include/moveit
[15.815s] -- Up-to-date: /home/ugv-c7/CodeWorkspace/UGV-Robot/ros2_humble_colcon_ws/install/moveit_core/include/moveit/constraint_samplers
[15.816s] -- Up-to-date: /home/ugv-c7/CodeWorkspace/UGV-Robot/ros2_humble_colcon_ws/install/moveit_core/include/moveit/constraint_samplers/union_constraint_sampler.h
[15.816s] -- Up-to-date: /home/ugv-c7/CodeWorkspace/UGV-Robot/ros2_humble_colcon_ws/install/moveit_core/include/moveit/constraint_samplers/constraint_sampler_tools.h
[15.816s] -- Up-to-date: /home/ugv-c7/CodeWorkspace/UGV-Robot/ros2_humble_colcon_ws/install/moveit_core/include/moveit/constraint_samplers/default_constraint_samplers.h
[15.816s] -- Up-to-date: /home/ugv-c7/CodeWorkspace/UGV-Robot/ros2_humble_colcon_ws/install/moveit_core/include/moveit/constraint_samplers/constraint_sampler_manager.h
[15.817s] -- Up-to-date: /home/ugv-c7/CodeWorkspace/UGV-Robot/ros2_humble_colcon_ws/install/moveit_core/include/moveit/constraint_samplers/constraint_sampler.h
[15.817s] -- Up-to-date: /home/ugv-c7/CodeWorkspace/UGV-Robot/ros2_humble_colcon_ws/install/moveit_core/include/moveit/constraint_samplers/constraint_sampler_allocator.h
[15.817s] -- Up-to-date: /home/ugv-c7/CodeWorkspace/UGV-Robot/ros2_humble_colcon_ws/install/moveit_core/include
[15.818s] -- Up-to-date: /home/ugv-c7/CodeWorkspace/UGV-Robot/ros2_humble_colcon_ws/install/moveit_core/include/moveit
[15.818s] -- Up-to-date: /home/ugv-c7/CodeWorkspace/UGV-Robot/ros2_humble_colcon_ws/install/moveit_core/include/moveit/controller_manager
[15.818s] -- Up-to-date: /home/ugv-c7/CodeWorkspace/UGV-Robot/ros2_humble_colcon_ws/install/moveit_core/include/moveit/controller_manager/controller_manager.h
[15.818s] -- Up-to-date: /home/ugv-c7/CodeWorkspace/UGV-Robot/ros2_humble_colcon_ws/install/moveit_core/include
[15.819s] -- Up-to-date: /home/ugv-c7/CodeWorkspace/UGV-Robot/ros2_humble_colcon_ws/install/moveit_core/include/moveit
[15.819s] -- Up-to-date: /home/ugv-c7/CodeWorkspace/UGV-Robot/ros2_humble_colcon_ws/install/moveit_core/include/moveit/distance_field
[15.819s] -- Up-to-date: /home/ugv-c7/CodeWorkspace/UGV-Robot/ros2_humble_colcon_ws/install/moveit_core/include/moveit/distance_field/voxel_grid.h
[15.819s] -- Up-to-date: /home/ugv-c7/CodeWorkspace/UGV-Robot/ros2_humble_colcon_ws/install/moveit_core/include/moveit/distance_field/propagation_distance_field.h
[15.820s] -- Up-to-date: /home/ugv-c7/CodeWorkspace/UGV-Robot/ros2_humble_colcon_ws/install/moveit_core/include/moveit/distance_field/distance_field.h
[15.820s] -- Up-to-date: /home/ugv-c7/CodeWorkspace/UGV-Robot/ros2_humble_colcon_ws/install/moveit_core/include/moveit/distance_field/find_internal_points.h
[15.820s] -- Up-to-date: /home/ugv-c7/CodeWorkspace/UGV-Robot/ros2_humble_colcon_ws/install/moveit_core/include
[15.821s] -- Up-to-date: /home/ugv-c7/CodeWorkspace/UGV-Robot/ros2_humble_colcon_ws/install/moveit_core/include/moveit
[15.821s] -- Up-to-date: /home/ugv-c7/CodeWorkspace/UGV-Robot/ros2_humble_colcon_ws/install/moveit_core/include/moveit/dynamics_solver
[15.821s] -- Up-to-date: /home/ugv-c7/CodeWorkspace/UGV-Robot/ros2_humble_colcon_ws/install/moveit_core/include/moveit/dynamics_solver/dynamics_solver.h
[15.821s] -- Up-to-date: /home/ugv-c7/CodeWorkspace/UGV-Robot/ros2_humble_colcon_ws/install/moveit_core/include
[15.822s] -- Up-to-date: /home/ugv-c7/CodeWorkspace/UGV-Robot/ros2_humble_colcon_ws/install/moveit_core/include/moveit
[15.822s] -- Up-to-date: /home/ugv-c7/CodeWorkspace/UGV-Robot/ros2_humble_colcon_ws/install/moveit_core/include/moveit/exceptions
[15.822s] -- Up-to-date: /home/ugv-c7/CodeWorkspace/UGV-Robot/ros2_humble_colcon_ws/install/moveit_core/include/moveit/exceptions/exceptions.h
[15.823s] -- Up-to-date: /home/ugv-c7/CodeWorkspace/UGV-Robot/ros2_humble_colcon_ws/install/moveit_core/include
[15.823s] -- Up-to-date: /home/ugv-c7/CodeWorkspace/UGV-Robot/ros2_humble_colcon_ws/install/moveit_core/include/moveit
[15.823s] -- Up-to-date: /home/ugv-c7/CodeWorkspace/UGV-Robot/ros2_humble_colcon_ws/install/moveit_core/include/moveit/kinematics_base
[15.823s] -- Up-to-date: /home/ugv-c7/CodeWorkspace/UGV-Robot/ros2_humble_colcon_ws/install/moveit_core/include/moveit/kinematics_base/kinematics_base.h
[15.824s] -- Up-to-date: /home/ugv-c7/CodeWorkspace/UGV-Robot/ros2_humble_colcon_ws/install/moveit_core/include/moveit_kinematics_base_export.h
[15.824s] -- Up-to-date: /home/ugv-c7/CodeWorkspace/UGV-Robot/ros2_humble_colcon_ws/install/moveit_core/include
[15.824s] -- Up-to-date: /home/ugv-c7/CodeWorkspace/UGV-Robot/ros2_humble_colcon_ws/install/moveit_core/include/moveit
[15.825s] -- Up-to-date: /home/ugv-c7/CodeWorkspace/UGV-Robot/ros2_humble_colcon_ws/install/moveit_core/include/moveit/kinematic_constraints
[15.825s] -- Up-to-date: /home/ugv-c7/CodeWorkspace/UGV-Robot/ros2_humble_colcon_ws/install/moveit_core/include/moveit/kinematic_constraints/kinematic_constraint.h
[15.825s] -- Up-to-date: /home/ugv-c7/CodeWorkspace/UGV-Robot/ros2_humble_colcon_ws/install/moveit_core/include/moveit/kinematic_constraints/utils.h
[15.825s] -- Up-to-date: /home/ugv-c7/CodeWorkspace/UGV-Robot/ros2_humble_colcon_ws/install/moveit_core/include
[15.826s] -- Up-to-date: /home/ugv-c7/CodeWorkspace/UGV-Robot/ros2_humble_colcon_ws/install/moveit_core/include/moveit
[15.826s] -- Up-to-date: /home/ugv-c7/CodeWorkspace/UGV-Robot/ros2_humble_colcon_ws/install/moveit_core/include/moveit/kinematics_metrics
[15.826s] -- Up-to-date: /home/ugv-c7/CodeWorkspace/UGV-Robot/ros2_humble_colcon_ws/install/moveit_core/include/moveit/kinematics_metrics/kinematics_metrics.h
[15.827s] -- Up-to-date: /home/ugv-c7/CodeWorkspace/UGV-Robot/ros2_humble_colcon_ws/install/moveit_core/include
[15.827s] -- Up-to-date: /home/ugv-c7/CodeWorkspace/UGV-Robot/ros2_humble_colcon_ws/install/moveit_core/include/moveit
[15.827s] -- Up-to-date: /home/ugv-c7/CodeWorkspace/UGV-Robot/ros2_humble_colcon_ws/install/moveit_core/include/moveit/macros
[15.827s] -- Up-to-date: /home/ugv-c7/CodeWorkspace/UGV-Robot/ros2_humble_colcon_ws/install/moveit_core/include/moveit/macros/console_colors.h
[15.828s] -- Up-to-date: /home/ugv-c7/CodeWorkspace/UGV-Robot/ros2_humble_colcon_ws/install/moveit_core/include/moveit/macros/class_forward.h
[15.828s] -- Up-to-date: /home/ugv-c7/CodeWorkspace/UGV-Robot/ros2_humble_colcon_ws/install/moveit_core/include/moveit/macros/declare_ptr.h
[15.828s] -- Up-to-date: /home/ugv-c7/CodeWorkspace/UGV-Robot/ros2_humble_colcon_ws/install/moveit_core/include/moveit/macros/deprecation.h
[15.829s] -- Up-to-date: /home/ugv-c7/CodeWorkspace/UGV-Robot/ros2_humble_colcon_ws/install/moveit_core/include/moveit_core
[15.829s] -- Up-to-date: /home/ugv-c7/CodeWorkspace/UGV-Robot/ros2_humble_colcon_ws/install/moveit_core/include/moveit_core/moveit_butterworth_parameters.hpp
[15.829s] -- Up-to-date: /home/ugv-c7/CodeWorkspace/UGV-Robot/ros2_humble_colcon_ws/install/moveit_core/include
[15.830s] -- Up-to-date: /home/ugv-c7/CodeWorkspace/UGV-Robot/ros2_humble_colcon_ws/install/moveit_core/include/moveit
[15.830s] -- Up-to-date: /home/ugv-c7/CodeWorkspace/UGV-Robot/ros2_humble_colcon_ws/install/moveit_core/include/moveit/online_signal_smoothing
[15.830s] -- Up-to-date: /home/ugv-c7/CodeWorkspace/UGV-Robot/ros2_humble_colcon_ws/install/moveit_core/include/moveit/online_signal_smoothing/butterworth_filter.h
[15.830s] -- Up-to-date: /home/ugv-c7/CodeWorkspace/UGV-Robot/ros2_humble_colcon_ws/install/moveit_core/include/moveit/online_signal_smoothing/smoothing_base_class.h
[15.831s] -- Up-to-date: /home/ugv-c7/CodeWorkspace/UGV-Robot/ros2_humble_colcon_ws/install/moveit_core/include/moveit_smoothing_base_export.h
[15.831s] -- Up-to-date: /home/ugv-c7/CodeWorkspace/UGV-Robot/ros2_humble_colcon_ws/install/moveit_core/include/moveit_butterworth_filter_export.h
[15.831s] -- Up-to-date: /home/ugv-c7/CodeWorkspace/UGV-Robot/ros2_humble_colcon_ws/install/moveit_core/include
[15.832s] -- Up-to-date: /home/ugv-c7/CodeWorkspace/UGV-Robot/ros2_humble_colcon_ws/install/moveit_core/include/moveit
[15.832s] -- Up-to-date: /home/ugv-c7/CodeWorkspace/UGV-Robot/ros2_humble_colcon_ws/install/moveit_core/include/moveit/planning_interface
[15.832s] -- Up-to-date: /home/ugv-c7/CodeWorkspace/UGV-Robot/ros2_humble_colcon_ws/install/moveit_core/include/moveit/planning_interface/planning_interface.h
[15.832s] -- Up-to-date: /home/ugv-c7/CodeWorkspace/UGV-Robot/ros2_humble_colcon_ws/install/moveit_core/include/moveit/planning_interface/planning_response.h
[15.833s] -- Up-to-date: /home/ugv-c7/CodeWorkspace/UGV-Robot/ros2_humble_colcon_ws/install/moveit_core/include/moveit/planning_interface/planning_request.h
[15.833s] -- Up-to-date: /home/ugv-c7/CodeWorkspace/UGV-Robot/ros2_humble_colcon_ws/install/moveit_core/include
[15.833s] -- Up-to-date: /home/ugv-c7/CodeWorkspace/UGV-Robot/ros2_humble_colcon_ws/install/moveit_core/include/moveit
[15.833s] -- Up-to-date: /home/ugv-c7/CodeWorkspace/UGV-Robot/ros2_humble_colcon_ws/install/moveit_core/include/moveit/planning_request_adapter
[15.834s] -- Up-to-date: /home/ugv-c7/CodeWorkspace/UGV-Robot/ros2_humble_colcon_ws/install/moveit_core/include/moveit/planning_request_adapter/planning_request_adapter.h
[15.834s] -- Up-to-date: /home/ugv-c7/CodeWorkspace/UGV-Robot/ros2_humble_colcon_ws/install/moveit_core/include
[15.834s] -- Up-to-date: /home/ugv-c7/CodeWorkspace/UGV-Robot/ros2_humble_colcon_ws/install/moveit_core/include/moveit
[15.835s] -- Up-to-date: /home/ugv-c7/CodeWorkspace/UGV-Robot/ros2_humble_colcon_ws/install/moveit_core/include/moveit/planning_scene
[15.835s] -- Up-to-date: /home/ugv-c7/CodeWorkspace/UGV-Robot/ros2_humble_colcon_ws/install/moveit_core/include/moveit/planning_scene/planning_scene.h
[15.835s] -- Up-to-date: /home/ugv-c7/CodeWorkspace/UGV-Robot/ros2_humble_colcon_ws/install/moveit_core/include/moveit_planning_scene_export.h
[15.836s] -- Up-to-date: /home/ugv-c7/CodeWorkspace/UGV-Robot/ros2_humble_colcon_ws/install/moveit_core/include
[15.836s] -- Up-to-date: /home/ugv-c7/CodeWorkspace/UGV-Robot/ros2_humble_colcon_ws/install/moveit_core/include/moveit
[15.836s] -- Up-to-date: /home/ugv-c7/CodeWorkspace/UGV-Robot/ros2_humble_colcon_ws/install/moveit_core/include/moveit/robot_model
[15.836s] -- Up-to-date: /home/ugv-c7/CodeWorkspace/UGV-Robot/ros2_humble_colcon_ws/install/moveit_core/include/moveit/robot_model/prismatic_joint_model.h
[15.836s] -- Up-to-date: /home/ugv-c7/CodeWorkspace/UGV-Robot/ros2_humble_colcon_ws/install/moveit_core/include/moveit/robot_model/joint_model_group.h
[15.837s] -- Up-to-date: /home/ugv-c7/CodeWorkspace/UGV-Robot/ros2_humble_colcon_ws/install/moveit_core/include/moveit/robot_model/revolute_joint_model.h
[15.837s] -- Up-to-date: /home/ugv-c7/CodeWorkspace/UGV-Robot/ros2_humble_colcon_ws/install/moveit_core/include/moveit/robot_model/robot_model.h
[15.837s] -- Up-to-date: /home/ugv-c7/CodeWorkspace/UGV-Robot/ros2_humble_colcon_ws/install/moveit_core/include/moveit/robot_model/floating_joint_model.h
[15.838s] -- Up-to-date: /home/ugv-c7/CodeWorkspace/UGV-Robot/ros2_humble_colcon_ws/install/moveit_core/include/moveit/robot_model/fixed_joint_model.h
[15.838s] -- Up-to-date: /home/ugv-c7/CodeWorkspace/UGV-Robot/ros2_humble_colcon_ws/install/moveit_core/include/moveit/robot_model/joint_model.h
[15.838s] -- Up-to-date: /home/ugv-c7/CodeWorkspace/UGV-Robot/ros2_humble_colcon_ws/install/moveit_core/include/moveit/robot_model/aabb.h
[15.839s] -- Up-to-date: /home/ugv-c7/CodeWorkspace/UGV-Robot/ros2_humble_colcon_ws/install/moveit_core/include/moveit/robot_model/link_model.h
[15.839s] -- Up-to-date: /home/ugv-c7/CodeWorkspace/UGV-Robot/ros2_humble_colcon_ws/install/moveit_core/include/moveit/robot_model/planar_joint_model.h
[15.839s] -- Up-to-date: /home/ugv-c7/CodeWorkspace/UGV-Robot/ros2_humble_colcon_ws/install/moveit_core/include
[15.840s] -- Up-to-date: /home/ugv-c7/CodeWorkspace/UGV-Robot/ros2_humble_colcon_ws/install/moveit_core/include/moveit
[15.840s] -- Up-to-date: /home/ugv-c7/CodeWorkspace/UGV-Robot/ros2_humble_colcon_ws/install/moveit_core/include/moveit/robot_state
[15.840s] -- Up-to-date: /home/ugv-c7/CodeWorkspace/UGV-Robot/ros2_humble_colcon_ws/install/moveit_core/include/moveit/robot_state/cartesian_interpolator.h
[15.840s] -- Up-to-date: /home/ugv-c7/CodeWorkspace/UGV-Robot/ros2_humble_colcon_ws/install/moveit_core/include/moveit/robot_state/attached_body.h
[15.841s] -- Up-to-date: /home/ugv-c7/CodeWorkspace/UGV-Robot/ros2_humble_colcon_ws/install/moveit_core/include/moveit/robot_state/conversions.h
[15.841s] -- Up-to-date: /home/ugv-c7/CodeWorkspace/UGV-Robot/ros2_humble_colcon_ws/install/moveit_core/include/moveit/robot_state/robot_state.h
[15.841s] -- Up-to-date: /home/ugv-c7/CodeWorkspace/UGV-Robot/ros2_humble_colcon_ws/install/moveit_core/include
[15.842s] -- Up-to-date: /home/ugv-c7/CodeWorkspace/UGV-Robot/ros2_humble_colcon_ws/install/moveit_core/include/moveit
[15.842s] -- Up-to-date: /home/ugv-c7/CodeWorkspace/UGV-Robot/ros2_humble_colcon_ws/install/moveit_core/include/moveit/robot_trajectory
[15.842s] -- Up-to-date: /home/ugv-c7/CodeWorkspace/UGV-Robot/ros2_humble_colcon_ws/install/moveit_core/include/moveit/robot_trajectory/robot_trajectory.h
[15.843s] -- Up-to-date: /home/ugv-c7/CodeWorkspace/UGV-Robot/ros2_humble_colcon_ws/install/moveit_core/include
[15.843s] -- Up-to-date: /home/ugv-c7/CodeWorkspace/UGV-Robot/ros2_humble_colcon_ws/install/moveit_core/include/moveit
[15.843s] -- Up-to-date: /home/ugv-c7/CodeWorkspace/UGV-Robot/ros2_humble_colcon_ws/install/moveit_core/include/moveit/sensor_manager
[15.843s] -- Up-to-date: /home/ugv-c7/CodeWorkspace/UGV-Robot/ros2_humble_colcon_ws/install/moveit_core/include/moveit/sensor_manager/sensor_manager.h
[15.843s] -- Up-to-date: /home/ugv-c7/CodeWorkspace/UGV-Robot/ros2_humble_colcon_ws/install/moveit_core/include
[15.844s] -- Up-to-date: /home/ugv-c7/CodeWorkspace/UGV-Robot/ros2_humble_colcon_ws/install/moveit_core/include/moveit
[15.844s] -- Up-to-date: /home/ugv-c7/CodeWorkspace/UGV-Robot/ros2_humble_colcon_ws/install/moveit_core/include/moveit/trajectory_processing
[15.844s] -- Up-to-date: /home/ugv-c7/CodeWorkspace/UGV-Robot/ros2_humble_colcon_ws/install/moveit_core/include/moveit/trajectory_processing/time_parameterization.h
[15.844s] -- Up-to-date: /home/ugv-c7/CodeWorkspace/UGV-Robot/ros2_humble_colcon_ws/install/moveit_core/include/moveit/trajectory_processing/iterative_spline_parameterization.h
[15.845s] -- Up-to-date: /home/ugv-c7/CodeWorkspace/UGV-Robot/ros2_humble_colcon_ws/install/moveit_core/include/moveit/trajectory_processing/time_optimal_trajectory_generation.h
[15.845s] -- Up-to-date: /home/ugv-c7/CodeWorkspace/UGV-Robot/ros2_humble_colcon_ws/install/moveit_core/include/moveit/trajectory_processing/iterative_time_parameterization.h
[15.845s] -- Up-to-date: /home/ugv-c7/CodeWorkspace/UGV-Robot/ros2_humble_colcon_ws/install/moveit_core/include/moveit/trajectory_processing/ruckig_traj_smoothing.h
[15.845s] -- Up-to-date: /home/ugv-c7/CodeWorkspace/UGV-Robot/ros2_humble_colcon_ws/install/moveit_core/include/moveit/trajectory_processing/trajectory_tools.h
[15.846s] -- Up-to-date: /home/ugv-c7/CodeWorkspace/UGV-Robot/ros2_humble_colcon_ws/install/moveit_core/include
[15.846s] -- Up-to-date: /home/ugv-c7/CodeWorkspace/UGV-Robot/ros2_humble_colcon_ws/install/moveit_core/include/moveit
[15.846s] -- Up-to-date: /home/ugv-c7/CodeWorkspace/UGV-Robot/ros2_humble_colcon_ws/install/moveit_core/include/moveit/transforms
[15.846s] -- Up-to-date: /home/ugv-c7/CodeWorkspace/UGV-Robot/ros2_humble_colcon_ws/install/moveit_core/include/moveit/transforms/transforms.h
[15.847s] -- Up-to-date: /home/ugv-c7/CodeWorkspace/UGV-Robot/ros2_humble_colcon_ws/install/moveit_core/include
[15.847s] -- Up-to-date: /home/ugv-c7/CodeWorkspace/UGV-Robot/ros2_humble_colcon_ws/install/moveit_core/include/moveit
[15.847s] -- Up-to-date: /home/ugv-c7/CodeWorkspace/UGV-Robot/ros2_humble_colcon_ws/install/moveit_core/include/moveit/utils
[15.847s] -- Up-to-date: /home/ugv-c7/CodeWorkspace/UGV-Robot/ros2_humble_colcon_ws/install/moveit_core/include/moveit/utils/robot_model_test_utils.h
[15.848s] -- Up-to-date: /home/ugv-c7/CodeWorkspace/UGV-Robot/ros2_humble_colcon_ws/install/moveit_core/include/moveit/utils/message_checks.h
[15.848s] -- Up-to-date: /home/ugv-c7/CodeWorkspace/UGV-Robot/ros2_humble_colcon_ws/install/moveit_core/include/moveit/utils/rclcpp_utils.h
[15.848s] -- Up-to-date: /home/ugv-c7/CodeWorkspace/UGV-Robot/ros2_humble_colcon_ws/install/moveit_core/include/moveit/utils/moveit_error_code.h
[15.848s] -- Up-to-date: /home/ugv-c7/CodeWorkspace/UGV-Robot/ros2_humble_colcon_ws/install/moveit_core/include/moveit/utils/lexical_casts.h
[15.848s] -- Up-to-date: /home/ugv-c7/CodeWorkspace/UGV-Robot/ros2_humble_colcon_ws/install/moveit_core/bin/moveit_version
[15.849s] -- Up-to-date: /home/ugv-c7/CodeWorkspace/UGV-Robot/ros2_humble_colcon_ws/install/moveit_core/include
[15.849s] -- Up-to-date: /home/ugv-c7/CodeWorkspace/UGV-Robot/ros2_humble_colcon_ws/install/moveit_core/include/moveit
[15.849s] -- Up-to-date: /home/ugv-c7/CodeWorkspace/UGV-Robot/ros2_humble_colcon_ws/install/moveit_core/include/moveit/collision_detection
[15.849s] -- Up-to-date: /home/ugv-c7/CodeWorkspace/UGV-Robot/ros2_humble_colcon_ws/install/moveit_core/include/moveit/collision_detection/collision_plugin.h
[15.850s] -- Up-to-date: /home/ugv-c7/CodeWorkspace/UGV-Robot/ros2_humble_colcon_ws/install/moveit_core/include/moveit/collision_detection/collision_detector_allocator.h
[15.850s] -- Up-to-date: /home/ugv-c7/CodeWorkspace/UGV-Robot/ros2_humble_colcon_ws/install/moveit_core/include/moveit/collision_detection/collision_matrix.h
[15.850s] -- Up-to-date: /home/ugv-c7/CodeWorkspace/UGV-Robot/ros2_humble_colcon_ws/install/moveit_core/include/moveit/collision_detection/allvalid
[15.850s] -- Up-to-date: /home/ugv-c7/CodeWorkspace/UGV-Robot/ros2_humble_colcon_ws/install/moveit_core/include/moveit/collision_detection/allvalid/collision_env_allvalid.h
[15.851s] -- Up-to-date: /home/ugv-c7/CodeWorkspace/UGV-Robot/ros2_humble_colcon_ws/install/moveit_core/include/moveit/collision_detection/allvalid/collision_detector_allocator_allvalid.h
[15.851s] -- Up-to-date: /home/ugv-c7/CodeWorkspace/UGV-Robot/ros2_humble_colcon_ws/install/moveit_core/include/moveit/collision_detection/collision_env.h
[15.851s] -- Up-to-date: /home/ugv-c7/CodeWorkspace/UGV-Robot/ros2_humble_colcon_ws/install/moveit_core/include/moveit/collision_detection/collision_octomap_filter.h
[15.851s] -- Up-to-date: /home/ugv-c7/CodeWorkspace/UGV-Robot/ros2_humble_colcon_ws/install/moveit_core/include/moveit/collision_detection/collision_tools.h
[15.851s] -- Up-to-date: /home/ugv-c7/CodeWorkspace/UGV-Robot/ros2_humble_colcon_ws/install/moveit_core/include/moveit/collision_detection/world.h
[15.852s] -- Up-to-date: /home/ugv-c7/CodeWorkspace/UGV-Robot/ros2_humble_colcon_ws/install/moveit_core/include/moveit/collision_detection/occupancy_map.h
[15.852s] -- Up-to-date: /home/ugv-c7/CodeWorkspace/UGV-Robot/ros2_humble_colcon_ws/install/moveit_core/include/moveit/collision_detection/world_diff.h
[15.852s] -- Up-to-date: /home/ugv-c7/CodeWorkspace/UGV-Robot/ros2_humble_colcon_ws/install/moveit_core/include/moveit/collision_detection/collision_common.h
[15.852s] -- Up-to-date: /home/ugv-c7/CodeWorkspace/UGV-Robot/ros2_humble_colcon_ws/install/moveit_core/include/moveit/collision_detection/collision_plugin_cache.h
[15.853s] -- Up-to-date: /home/ugv-c7/CodeWorkspace/UGV-Robot/ros2_humble_colcon_ws/install/moveit_core/include/moveit/collision_detection/test_collision_common_panda.h
[15.853s] -- Up-to-date: /home/ugv-c7/CodeWorkspace/UGV-Robot/ros2_humble_colcon_ws/install/moveit_core/include/moveit/collision_detection/test_collision_common_pr2.h
[15.853s] -- Up-to-date: /home/ugv-c7/CodeWorkspace/UGV-Robot/ros2_humble_colcon_ws/install/moveit_core/include/moveit_collision_detection_export.h
[15.853s] -- Up-to-date: /home/ugv-c7/CodeWorkspace/UGV-Robot/ros2_humble_colcon_ws/install/moveit_core/include
[15.853s] -- Up-to-date: /home/ugv-c7/CodeWorkspace/UGV-Robot/ros2_humble_colcon_ws/install/moveit_core/include/moveit
[15.854s] -- Up-to-date: /home/ugv-c7/CodeWorkspace/UGV-Robot/ros2_humble_colcon_ws/install/moveit_core/include/moveit/collision_detection_bullet
[15.854s] -- Up-to-date: /home/ugv-c7/CodeWorkspace/UGV-Robot/ros2_humble_colcon_ws/install/moveit_core/include/moveit/collision_detection_bullet/collision_env_bullet.h
[15.854s] -- Up-to-date: /home/ugv-c7/CodeWorkspace/UGV-Robot/ros2_humble_colcon_ws/install/moveit_core/include/moveit/collision_detection_bullet/collision_detector_bullet_plugin_loader.h
[15.855s] -- Up-to-date: /home/ugv-c7/CodeWorkspace/UGV-Robot/ros2_humble_colcon_ws/install/moveit_core/include/moveit/collision_detection_bullet/collision_detector_allocator_bullet.h
[15.855s] -- Up-to-date: /home/ugv-c7/CodeWorkspace/UGV-Robot/ros2_humble_colcon_ws/install/moveit_core/include/moveit/collision_detection_bullet/bullet_integration
[15.855s] -- Up-to-date: /home/ugv-c7/CodeWorkspace/UGV-Robot/ros2_humble_colcon_ws/install/moveit_core/include/moveit/collision_detection_bullet/bullet_integration/contact_checker_common.h
[15.855s] -- Up-to-date: /home/ugv-c7/CodeWorkspace/UGV-Robot/ros2_humble_colcon_ws/install/moveit_core/include/moveit/collision_detection_bullet/bullet_integration/bullet_cast_bvh_manager.h
[15.855s] -- Up-to-date: /home/ugv-c7/CodeWorkspace/UGV-Robot/ros2_humble_colcon_ws/install/moveit_core/include/moveit/collision_detection_bullet/bullet_integration/basic_types.h
[15.856s] -- Up-to-date: /home/ugv-c7/CodeWorkspace/UGV-Robot/ros2_humble_colcon_ws/install/moveit_core/include/moveit/collision_detection_bullet/bullet_integration/bullet_utils.h
[15.856s] -- Up-to-date: /home/ugv-c7/CodeWorkspace/UGV-Robot/ros2_humble_colcon_ws/install/moveit_core/include/moveit/collision_detection_bullet/bullet_integration/bullet_discrete_bvh_manager.h
[15.856s] -- Up-to-date: /home/ugv-c7/CodeWorkspace/UGV-Robot/ros2_humble_colcon_ws/install/moveit_core/include/moveit/collision_detection_bullet/bullet_integration/ros_bullet_utils.h
[15.856s] -- Up-to-date: /home/ugv-c7/CodeWorkspace/UGV-Robot/ros2_humble_colcon_ws/install/moveit_core/include/moveit/collision_detection_bullet/bullet_integration/bullet_bvh_manager.h
[15.857s] -- Up-to-date: /home/ugv-c7/CodeWorkspace/UGV-Robot/ros2_humble_colcon_ws/install/moveit_core/include/moveit_collision_detection_bullet_export.h
[15.857s] -- Up-to-date: /home/ugv-c7/CodeWorkspace/UGV-Robot/ros2_humble_colcon_ws/install/moveit_core/include
[15.857s] -- Up-to-date: /home/ugv-c7/CodeWorkspace/UGV-Robot/ros2_humble_colcon_ws/install/moveit_core/include/moveit
[15.857s] -- Up-to-date: /home/ugv-c7/CodeWorkspace/UGV-Robot/ros2_humble_colcon_ws/install/moveit_core/include/moveit/collision_detection_fcl
[15.857s] -- Up-to-date: /home/ugv-c7/CodeWorkspace/UGV-Robot/ros2_humble_colcon_ws/install/moveit_core/include/moveit/collision_detection_fcl/collision_detector_allocator_fcl.h
[15.858s] -- Up-to-date: /home/ugv-c7/CodeWorkspace/UGV-Robot/ros2_humble_colcon_ws/install/moveit_core/include/moveit/collision_detection_fcl/collision_detector_fcl_plugin_loader.h
[15.858s] -- Up-to-date: /home/ugv-c7/CodeWorkspace/UGV-Robot/ros2_humble_colcon_ws/install/moveit_core/include/moveit/collision_detection_fcl/collision_env_fcl.h
[15.858s] -- Up-to-date: /home/ugv-c7/CodeWorkspace/UGV-Robot/ros2_humble_colcon_ws/install/moveit_core/include/moveit/collision_detection_fcl/collision_common.h
[15.858s] -- Up-to-date: /home/ugv-c7/CodeWorkspace/UGV-Robot/ros2_humble_colcon_ws/install/moveit_core/include/moveit/collision_detection_fcl/fcl_compat.h
[15.859s] -- Up-to-date: /home/ugv-c7/CodeWorkspace/UGV-Robot/ros2_humble_colcon_ws/install/moveit_core/include/moveit_collision_detection_fcl_export.h
[15.859s] -- Installing: /home/ugv-c7/CodeWorkspace/UGV-Robot/ros2_humble_colcon_ws/install/moveit_core/lib/libcollision_detector_bullet_plugin.so.2.5.8
[15.859s] -- Set runtime path of "/home/ugv-c7/CodeWorkspace/UGV-Robot/ros2_humble_colcon_ws/install/moveit_core/lib/libcollision_detector_bullet_plugin.so.2.5.8" to ""
[15.859s] -- Up-to-date: /home/ugv-c7/CodeWorkspace/UGV-Robot/ros2_humble_colcon_ws/install/moveit_core/lib/libcollision_detector_bullet_plugin.so
[15.859s] -- Installing: /home/ugv-c7/CodeWorkspace/UGV-Robot/ros2_humble_colcon_ws/install/moveit_core/lib/libmoveit_butterworth_filter.so.2.5.8
[15.860s] -- Set runtime path of "/home/ugv-c7/CodeWorkspace/UGV-Robot/ros2_humble_colcon_ws/install/moveit_core/lib/libmoveit_butterworth_filter.so.2.5.8" to ""
[15.860s] -- Up-to-date: /home/ugv-c7/CodeWorkspace/UGV-Robot/ros2_humble_colcon_ws/install/moveit_core/lib/libmoveit_butterworth_filter.so
[15.860s] -- Installing: /home/ugv-c7/CodeWorkspace/UGV-Robot/ros2_humble_colcon_ws/install/moveit_core/lib/libmoveit_collision_distance_field.so.2.5.8
[15.860s] -- Set runtime path of "/home/ugv-c7/CodeWorkspace/UGV-Robot/ros2_humble_colcon_ws/install/moveit_core/lib/libmoveit_collision_distance_field.so.2.5.8" to ""
[15.861s] -- Up-to-date: /home/ugv-c7/CodeWorkspace/UGV-Robot/ros2_humble_colcon_ws/install/moveit_core/lib/libmoveit_collision_distance_field.so
[15.861s] -- Installing: /home/ugv-c7/CodeWorkspace/UGV-Robot/ros2_humble_colcon_ws/install/moveit_core/lib/libmoveit_collision_detection.so.2.5.8
[15.861s] -- Set runtime path of "/home/ugv-c7/CodeWorkspace/UGV-Robot/ros2_humble_colcon_ws/install/moveit_core/lib/libmoveit_collision_detection.so.2.5.8" to ""
[15.861s] -- Up-to-date: /home/ugv-c7/CodeWorkspace/UGV-Robot/ros2_humble_colcon_ws/install/moveit_core/lib/libmoveit_collision_detection.so
[15.862s] -- Installing: /home/ugv-c7/CodeWorkspace/UGV-Robot/ros2_humble_colcon_ws/install/moveit_core/lib/libmoveit_collision_detection_fcl.so.2.5.8
[15.862s] -- Set runtime path of "/home/ugv-c7/CodeWorkspace/UGV-Robot/ros2_humble_colcon_ws/install/moveit_core/lib/libmoveit_collision_detection_fcl.so.2.5.8" to ""
[15.862s] -- Up-to-date: /home/ugv-c7/CodeWorkspace/UGV-Robot/ros2_humble_colcon_ws/install/moveit_core/lib/libmoveit_collision_detection_fcl.so
[15.862s] -- Installing: /home/ugv-c7/CodeWorkspace/UGV-Robot/ros2_humble_colcon_ws/install/moveit_core/lib/libmoveit_collision_detection_bullet.so.2.5.8
[15.862s] -- Set runtime path of "/home/ugv-c7/CodeWorkspace/UGV-Robot/ros2_humble_colcon_ws/install/moveit_core/lib/libmoveit_collision_detection_bullet.so.2.5.8" to ""
[15.863s] -- Up-to-date: /home/ugv-c7/CodeWorkspace/UGV-Robot/ros2_humble_colcon_ws/install/moveit_core/lib/libmoveit_collision_detection_bullet.so
[15.863s] -- Installing: /home/ugv-c7/CodeWorkspace/UGV-Robot/ros2_humble_colcon_ws/install/moveit_core/lib/libmoveit_dynamics_solver.so.2.5.8
[15.863s] -- Set runtime path of "/home/ugv-c7/CodeWorkspace/UGV-Robot/ros2_humble_colcon_ws/install/moveit_core/lib/libmoveit_dynamics_solver.so.2.5.8" to ""
[15.864s] -- Up-to-date: /home/ugv-c7/CodeWorkspace/UGV-Robot/ros2_humble_colcon_ws/install/moveit_core/lib/libmoveit_dynamics_solver.so
[15.864s] -- Installing: /home/ugv-c7/CodeWorkspace/UGV-Robot/ros2_humble_colcon_ws/install/moveit_core/lib/libmoveit_constraint_samplers.so.2.5.8
[15.864s] -- Set runtime path of "/home/ugv-c7/CodeWorkspace/UGV-Robot/ros2_humble_colcon_ws/install/moveit_core/lib/libmoveit_constraint_samplers.so.2.5.8" to ""
[15.864s] -- Up-to-date: /home/ugv-c7/CodeWorkspace/UGV-Robot/ros2_humble_colcon_ws/install/moveit_core/lib/libmoveit_constraint_samplers.so
[15.865s] -- Up-to-date: /home/ugv-c7/CodeWorkspace/UGV-Robot/ros2_humble_colcon_ws/install/moveit_core/lib/libmoveit_distance_field.so.2.5.8
[15.865s] -- Up-to-date: /home/ugv-c7/CodeWorkspace/UGV-Robot/ros2_humble_colcon_ws/install/moveit_core/lib/libmoveit_distance_field.so
[15.865s] -- Up-to-date: /home/ugv-c7/CodeWorkspace/UGV-Robot/ros2_humble_colcon_ws/install/moveit_core/lib/libmoveit_exceptions.so.2.5.8
[15.865s] -- Up-to-date: /home/ugv-c7/CodeWorkspace/UGV-Robot/ros2_humble_colcon_ws/install/moveit_core/lib/libmoveit_exceptions.so
[15.865s] -- Installing: /home/ugv-c7/CodeWorkspace/UGV-Robot/ros2_humble_colcon_ws/install/moveit_core/lib/libmoveit_kinematics_base.so
[15.866s] -- Set runtime path of "/home/ugv-c7/CodeWorkspace/UGV-Robot/ros2_humble_colcon_ws/install/moveit_core/lib/libmoveit_kinematics_base.so" to ""
[15.866s] -- Installing: /home/ugv-c7/CodeWorkspace/UGV-Robot/ros2_humble_colcon_ws/install/moveit_core/lib/libmoveit_kinematic_constraints.so.2.5.8
[15.867s] -- Set runtime path of "/home/ugv-c7/CodeWorkspace/UGV-Robot/ros2_humble_colcon_ws/install/moveit_core/lib/libmoveit_kinematic_constraints.so.2.5.8" to ""
[15.868s] -- Up-to-date: /home/ugv-c7/CodeWorkspace/UGV-Robot/ros2_humble_colcon_ws/install/moveit_core/lib/libmoveit_kinematic_constraints.so
[15.870s] -- Installing: /home/ugv-c7/CodeWorkspace/UGV-Robot/ros2_humble_colcon_ws/install/moveit_core/lib/libmoveit_kinematics_metrics.so.2.5.8
[15.871s] -- Set runtime path of "/home/ugv-c7/CodeWorkspace/UGV-Robot/ros2_humble_colcon_ws/install/moveit_core/lib/libmoveit_kinematics_metrics.so.2.5.8" to ""
[15.871s] -- Up-to-date: /home/ugv-c7/CodeWorkspace/UGV-Robot/ros2_humble_colcon_ws/install/moveit_core/lib/libmoveit_kinematics_metrics.so
[15.873s] -- Installing: /home/ugv-c7/CodeWorkspace/UGV-Robot/ros2_humble_colcon_ws/install/moveit_core/lib/libmoveit_planning_interface.so.2.5.8
[15.874s] -- Set runtime path of "/home/ugv-c7/CodeWorkspace/UGV-Robot/ros2_humble_colcon_ws/install/moveit_core/lib/libmoveit_planning_interface.so.2.5.8" to ""
[15.875s] -- Up-to-date: /home/ugv-c7/CodeWorkspace/UGV-Robot/ros2_humble_colcon_ws/install/moveit_core/lib/libmoveit_planning_interface.so
[15.875s] -- Installing: /home/ugv-c7/CodeWorkspace/UGV-Robot/ros2_humble_colcon_ws/install/moveit_core/lib/libmoveit_planning_scene.so.2.5.8
[15.877s] -- Set runtime path of "/home/ugv-c7/CodeWorkspace/UGV-Robot/ros2_humble_colcon_ws/install/moveit_core/lib/libmoveit_planning_scene.so.2.5.8" to ""
[15.877s] -- Up-to-date: /home/ugv-c7/CodeWorkspace/UGV-Robot/ros2_humble_colcon_ws/install/moveit_core/lib/libmoveit_planning_scene.so
[15.879s] -- Installing: /home/ugv-c7/CodeWorkspace/UGV-Robot/ros2_humble_colcon_ws/install/moveit_core/lib/libmoveit_planning_request_adapter.so.2.5.8
[15.880s] -- Set runtime path of "/home/ugv-c7/CodeWorkspace/UGV-Robot/ros2_humble_colcon_ws/install/moveit_core/lib/libmoveit_planning_request_adapter.so.2.5.8" to ""
[15.880s] -- Up-to-date: /home/ugv-c7/CodeWorkspace/UGV-Robot/ros2_humble_colcon_ws/install/moveit_core/lib/libmoveit_planning_request_adapter.so
[15.880s] -- Installing: /home/ugv-c7/CodeWorkspace/UGV-Robot/ros2_humble_colcon_ws/install/moveit_core/lib/libmoveit_robot_model.so.2.5.8
[15.882s] -- Set runtime path of "/home/ugv-c7/CodeWorkspace/UGV-Robot/ros2_humble_colcon_ws/install/moveit_core/lib/libmoveit_robot_model.so.2.5.8" to ""
[15.882s] -- Up-to-date: /home/ugv-c7/CodeWorkspace/UGV-Robot/ros2_humble_colcon_ws/install/moveit_core/lib/libmoveit_robot_model.so
[15.883s] -- Installing: /home/ugv-c7/CodeWorkspace/UGV-Robot/ros2_humble_colcon_ws/install/moveit_core/lib/libmoveit_robot_state.so.2.5.8
[15.885s] -- Set runtime path of "/home/ugv-c7/CodeWorkspace/UGV-Robot/ros2_humble_colcon_ws/install/moveit_core/lib/libmoveit_robot_state.so.2.5.8" to ""
[15.885s] -- Up-to-date: /home/ugv-c7/CodeWorkspace/UGV-Robot/ros2_humble_colcon_ws/install/moveit_core/lib/libmoveit_robot_state.so
[15.885s] -- Installing: /home/ugv-c7/CodeWorkspace/UGV-Robot/ros2_humble_colcon_ws/install/moveit_core/lib/libmoveit_robot_trajectory.so.2.5.8
[15.886s] -- Set runtime path of "/home/ugv-c7/CodeWorkspace/UGV-Robot/ros2_humble_colcon_ws/install/moveit_core/lib/libmoveit_robot_trajectory.so.2.5.8" to ""
[15.887s] -- Up-to-date: /home/ugv-c7/CodeWorkspace/UGV-Robot/ros2_humble_colcon_ws/install/moveit_core/lib/libmoveit_robot_trajectory.so
[15.887s] -- Up-to-date: /home/ugv-c7/CodeWorkspace/UGV-Robot/ros2_humble_colcon_ws/install/moveit_core/lib/libmoveit_smoothing_base.so.2.5.8
[15.887s] -- Up-to-date: /home/ugv-c7/CodeWorkspace/UGV-Robot/ros2_humble_colcon_ws/install/moveit_core/lib/libmoveit_smoothing_base.so
[15.888s] -- Installing: /home/ugv-c7/CodeWorkspace/UGV-Robot/ros2_humble_colcon_ws/install/moveit_core/lib/libmoveit_test_utils.so.2.5.8
[15.889s] -- Set runtime path of "/home/ugv-c7/CodeWorkspace/UGV-Robot/ros2_humble_colcon_ws/install/moveit_core/lib/libmoveit_test_utils.so.2.5.8" to ""
[15.889s] -- Up-to-date: /home/ugv-c7/CodeWorkspace/UGV-Robot/ros2_humble_colcon_ws/install/moveit_core/lib/libmoveit_test_utils.so
[15.890s] -- Installing: /home/ugv-c7/CodeWorkspace/UGV-Robot/ros2_humble_colcon_ws/install/moveit_core/lib/libmoveit_trajectory_processing.so.2.5.8
[15.891s] -- Set runtime path of "/home/ugv-c7/CodeWorkspace/UGV-Robot/ros2_humble_colcon_ws/install/moveit_core/lib/libmoveit_trajectory_processing.so.2.5.8" to ""
[15.891s] -- Up-to-date: /home/ugv-c7/CodeWorkspace/UGV-Robot/ros2_humble_colcon_ws/install/moveit_core/lib/libmoveit_trajectory_processing.so
[15.892s] -- Up-to-date: /home/ugv-c7/CodeWorkspace/UGV-Robot/ros2_humble_colcon_ws/install/moveit_core/lib/libmoveit_transforms.so.2.5.8
[15.892s] -- Up-to-date: /home/ugv-c7/CodeWorkspace/UGV-Robot/ros2_humble_colcon_ws/install/moveit_core/lib/libmoveit_transforms.so
[15.892s] -- Up-to-date: /home/ugv-c7/CodeWorkspace/UGV-Robot/ros2_humble_colcon_ws/install/moveit_core/lib/libmoveit_utils.so.2.5.8
[15.893s] -- Up-to-date: /home/ugv-c7/CodeWorkspace/UGV-Robot/ros2_humble_colcon_ws/install/moveit_core/lib/libmoveit_utils.so
[15.893s] -- Up-to-date: /home/ugv-c7/CodeWorkspace/UGV-Robot/ros2_humble_colcon_ws/install/moveit_core/share/moveit_core/environment/library_path.sh
[15.893s] -- Installing: /home/ugv-c7/CodeWorkspace/UGV-Robot/ros2_humble_colcon_ws/install/moveit_core/share/moveit_core/environment/library_path.dsv
[15.893s] -- Up-to-date: /home/ugv-c7/CodeWorkspace/UGV-Robot/ros2_humble_colcon_ws/install/moveit_core/share/moveit_core/collision_detector_fcl_description.xml
[15.894s] -- Up-to-date: /home/ugv-c7/CodeWorkspace/UGV-Robot/ros2_humble_colcon_ws/install/moveit_core/share/moveit_core/collision_detector_bullet_description.xml
[15.894s] -- Up-to-date: /home/ugv-c7/CodeWorkspace/UGV-Robot/ros2_humble_colcon_ws/install/moveit_core/share/moveit_core/filter_plugin_butterworth.xml
[15.894s] -- Up-to-date: /home/ugv-c7/CodeWorkspace/UGV-Robot/ros2_humble_colcon_ws/install/moveit_core/share/ament_index/resource_index/package_run_dependencies/moveit_core
[15.895s] -- Installing: /home/ugv-c7/CodeWorkspace/UGV-Robot/ros2_humble_colcon_ws/install/moveit_core/share/ament_index/resource_index/parent_prefix_path/moveit_core
[15.896s] -- Up-to-date: /home/ugv-c7/CodeWorkspace/UGV-Robot/ros2_humble_colcon_ws/install/moveit_core/share/moveit_core/environment/ament_prefix_path.sh
[15.896s] -- Installing: /home/ugv-c7/CodeWorkspace/UGV-Robot/ros2_humble_colcon_ws/install/moveit_core/share/moveit_core/environment/ament_prefix_path.dsv
[15.896s] -- Up-to-date: /home/ugv-c7/CodeWorkspace/UGV-Robot/ros2_humble_colcon_ws/install/moveit_core/share/moveit_core/environment/path.sh
[15.896s] -- Installing: /home/ugv-c7/CodeWorkspace/UGV-Robot/ros2_humble_colcon_ws/install/moveit_core/share/moveit_core/environment/path.dsv
[15.897s] -- Up-to-date: /home/ugv-c7/CodeWorkspace/UGV-Robot/ros2_humble_colcon_ws/install/moveit_core/share/moveit_core/local_setup.bash
[15.897s] -- Up-to-date: /home/ugv-c7/CodeWorkspace/UGV-Robot/ros2_humble_colcon_ws/install/moveit_core/share/moveit_core/local_setup.sh
[15.897s] -- Up-to-date: /home/ugv-c7/CodeWorkspace/UGV-Robot/ros2_humble_colcon_ws/install/moveit_core/share/moveit_core/local_setup.zsh
[15.898s] -- Installing: /home/ugv-c7/CodeWorkspace/UGV-Robot/ros2_humble_colcon_ws/install/moveit_core/share/moveit_core/local_setup.dsv
[15.898s] -- Installing: /home/ugv-c7/CodeWorkspace/UGV-Robot/ros2_humble_colcon_ws/install/moveit_core/share/moveit_core/package.dsv
[15.898s] -- Up-to-date: /home/ugv-c7/CodeWorkspace/UGV-Robot/ros2_humble_colcon_ws/install/moveit_core/share/ament_index/resource_index/packages/moveit_core
[15.898s] -- Up-to-date: /home/ugv-c7/CodeWorkspace/UGV-Robot/ros2_humble_colcon_ws/install/moveit_core/share/ament_index/resource_index/moveit_core__pluginlib__plugin/moveit_core
[15.899s] -- Up-to-date: /home/ugv-c7/CodeWorkspace/UGV-Robot/ros2_humble_colcon_ws/install/moveit_core/share/moveit_core/cmake/export_moveit_coreExport.cmake
[15.899s] -- Up-to-date: /home/ugv-c7/CodeWorkspace/UGV-Robot/ros2_humble_colcon_ws/install/moveit_core/share/moveit_core/cmake/export_moveit_coreExport-release.cmake
[15.900s] -- Up-to-date: /home/ugv-c7/CodeWorkspace/UGV-Robot/ros2_humble_colcon_ws/install/moveit_core/share/moveit_core/cmake/ConfigExtras.cmake
[15.900s] -- Up-to-date: /home/ugv-c7/CodeWorkspace/UGV-Robot/ros2_humble_colcon_ws/install/moveit_core/share/moveit_core/cmake/ament_cmake_export_targets-extras.cmake
[15.900s] -- Up-to-date: /home/ugv-c7/CodeWorkspace/UGV-Robot/ros2_humble_colcon_ws/install/moveit_core/share/moveit_core/cmake/ament_cmake_export_dependencies-extras.cmake
[15.900s] -- Up-to-date: /home/ugv-c7/CodeWorkspace/UGV-Robot/ros2_humble_colcon_ws/install/moveit_core/share/moveit_core/cmake/moveit_coreConfig.cmake
[15.900s] -- Up-to-date: /home/ugv-c7/CodeWorkspace/UGV-Robot/ros2_humble_colcon_ws/install/moveit_core/share/moveit_core/cmake/moveit_coreConfig-version.cmake
[15.901s] -- Up-to-date: /home/ugv-c7/CodeWorkspace/UGV-Robot/ros2_humble_colcon_ws/install/moveit_core/share/moveit_core/package.xml
[15.908s] Invoked command in '/home/ugv-c7/CodeWorkspace/UGV-Robot/ros2_humble_colcon_ws/build/moveit_core' returned '0': AMENT_PREFIX_PATH=/home/ugv-c7/CodeWorkspace/UGV-Robot/ros2_humble_colcon_ws/install/moveit_resources_panda_moveit_config:/home/ugv-c7/CodeWorkspace/UGV-Robot/ros2_humble_colcon_ws/install/srdfdom:/home/ugv-c7/CodeWorkspace/UGV-Robot/ros2_humble_colcon_ws/install/moveit_resources_pr2_description:/home/ugv-c7/CodeWorkspace/UGV-Robot/ros2_humble_colcon_ws/install/moveit_resources_panda_description:/home/ugv-c7/CodeWorkspace/UGV-Robot/ros2_humble_colcon_ws/install/moveit_common:${AMENT_PREFIX_PATH} CMAKE_PREFIX_PATH=/home/ugv-c7/CodeWorkspace/UGV-Robot/ros2_humble_colcon_ws/install/moveit_resources_panda_moveit_config:/home/ugv-c7/CodeWorkspace/UGV-Robot/ros2_humble_colcon_ws/install/srdfdom:/home/ugv-c7/CodeWorkspace/UGV-Robot/ros2_humble_colcon_ws/install/moveit_resources_pr2_description:/home/ugv-c7/CodeWorkspace/UGV-Robot/ros2_humble_colcon_ws/install/moveit_resources_panda_description:/home/ugv-c7/CodeWorkspace/UGV-Robot/ros2_humble_colcon_ws/install/moveit_common:/opt/ros/humble LD_LIBRARY_PATH=/home/ugv-c7/CodeWorkspace/UGV-Robot/ros2_humble_colcon_ws/install/srdfdom/lib:${LD_LIBRARY_PATH} PYTHONPATH=/home/ugv-c7/CodeWorkspace/UGV-Robot/ros2_humble_colcon_ws/install/srdfdom/local/lib/python3.10/dist-packages:${PYTHONPATH} /usr/bin/cmake --install /home/ugv-c7/CodeWorkspace/UGV-Robot/ros2_humble_colcon_ws/build/moveit_core
