[0.339s] DEBUG:colcon:Command line arguments: ['/usr/bin/colcon', 'build']
[0.339s] DEBUG:colcon:Parsed command line arguments: Namespace(log_base=None, log_level=None, verb_name='build', build_base='build', install_base='install', merge_install=False, symlink_install=False, test_result_base=None, continue_on_error=False, executor='parallel', parallel_workers=4, event_handlers=None, ignore_user_meta=False, metas=['./colcon.meta'], base_paths=['.'], packages_ignore=None, packages_ignore_regex=None, paths=None, packages_up_to=None, packages_up_to_regex=None, packages_above=None, packages_above_and_dependencies=None, packages_above_depth=None, packages_select_by_dep=None, packages_skip_by_dep=None, packages_skip_up_to=None, packages_select_build_failed=False, packages_skip_build_finished=False, packages_select_test_failures=False, packages_skip_test_passed=False, packages_select=None, packages_skip=None, packages_select_regex=None, packages_skip_regex=None, packages_start=None, packages_end=None, allow_overriding=[], cmake_args=None, cmake_target=None, cmake_target_skip_unavailable=False, cmake_clean_cache=False, cmake_clean_first=False, cmake_force_configure=False, ament_cmake_args=None, catkin_cmake_args=None, catkin_skip_building_tests=False, mixin_files=None, mixin=None, verb_parser=<colcon_mixin.mixin.mixin_argument.MixinArgumentDecorator object at 0x7ba45294ebf0>, verb_extension=<colcon_core.verb.build.BuildVerb object at 0x7ba45294e5c0>, main=<bound method BuildVerb.main of <colcon_core.verb.build.BuildVerb object at 0x7ba45294e5c0>>, mixin_verb=('build',))
[0.502s] Level 1:colcon.colcon_core.package_discovery:discover_packages(colcon_meta) check parameters
[0.502s] Level 1:colcon.colcon_core.package_discovery:discover_packages(recursive) check parameters
[0.502s] Level 1:colcon.colcon_core.package_discovery:discover_packages(ignore) check parameters
[0.502s] Level 1:colcon.colcon_core.package_discovery:discover_packages(path) check parameters
[0.502s] Level 1:colcon.colcon_core.package_discovery:discover_packages(colcon_meta) discover
[0.502s] Level 1:colcon.colcon_core.package_discovery:discover_packages(recursive) discover
[0.502s] INFO:colcon.colcon_core.package_discovery:Crawling recursively for packages in '/home/jstefan1/CodeWorkspace/UGV-Robot/ros2_humble_colcon_ws'
[0.502s] Level 1:colcon.colcon_core.package_identification:_identify(.) by extensions ['ignore', 'ignore_ament_install']
[0.502s] Level 1:colcon.colcon_core.package_identification:_identify(.) by extension 'ignore'
[0.502s] Level 1:colcon.colcon_core.package_identification:_identify(.) by extension 'ignore_ament_install'
[0.503s] Level 1:colcon.colcon_core.package_identification:_identify(.) by extensions ['colcon_pkg']
[0.503s] Level 1:colcon.colcon_core.package_identification:_identify(.) by extension 'colcon_pkg'
[0.503s] Level 1:colcon.colcon_core.package_identification:_identify(.) by extensions ['colcon_meta']
[0.503s] Level 1:colcon.colcon_core.package_identification:_identify(.) by extension 'colcon_meta'
[0.503s] Level 1:colcon.colcon_core.package_identification:_identify(.) by extensions ['ros']
[0.503s] Level 1:colcon.colcon_core.package_identification:_identify(.) by extension 'ros'
[0.512s] Level 1:colcon.colcon_core.package_identification:_identify(.) by extensions ['cmake', 'python']
[0.512s] Level 1:colcon.colcon_core.package_identification:_identify(.) by extension 'cmake'
[0.513s] Level 1:colcon.colcon_core.package_identification:_identify(.) by extension 'python'
[0.513s] Level 1:colcon.colcon_core.package_identification:_identify(.) by extensions ['python_setup_py']
[0.513s] Level 1:colcon.colcon_core.package_identification:_identify(.) by extension 'python_setup_py'
[0.513s] Level 1:colcon.colcon_core.package_identification:_identify(build) by extensions ['ignore', 'ignore_ament_install']
[0.513s] Level 1:colcon.colcon_core.package_identification:_identify(build) by extension 'ignore'
[0.513s] Level 1:colcon.colcon_core.package_identification:_identify(build) ignored
[0.513s] Level 1:colcon.colcon_core.package_identification:_identify(install) by extensions ['ignore', 'ignore_ament_install']
[0.513s] Level 1:colcon.colcon_core.package_identification:_identify(install) by extension 'ignore'
[0.513s] Level 1:colcon.colcon_core.package_identification:_identify(install) ignored
[0.513s] Level 1:colcon.colcon_core.package_identification:_identify(log) by extensions ['ignore', 'ignore_ament_install']
[0.513s] Level 1:colcon.colcon_core.package_identification:_identify(log) by extension 'ignore'
[0.513s] Level 1:colcon.colcon_core.package_identification:_identify(log) ignored
[0.513s] Level 1:colcon.colcon_core.package_identification:_identify(src) by extensions ['ignore', 'ignore_ament_install']
[0.513s] Level 1:colcon.colcon_core.package_identification:_identify(src) by extension 'ignore'
[0.513s] Level 1:colcon.colcon_core.package_identification:_identify(src) by extension 'ignore_ament_install'
[0.513s] Level 1:colcon.colcon_core.package_identification:_identify(src) by extensions ['colcon_pkg']
[0.513s] Level 1:colcon.colcon_core.package_identification:_identify(src) by extension 'colcon_pkg'
[0.513s] Level 1:colcon.colcon_core.package_identification:_identify(src) by extensions ['colcon_meta']
[0.513s] Level 1:colcon.colcon_core.package_identification:_identify(src) by extension 'colcon_meta'
[0.513s] Level 1:colcon.colcon_core.package_identification:_identify(src) by extensions ['ros']
[0.514s] Level 1:colcon.colcon_core.package_identification:_identify(src) by extension 'ros'
[0.514s] Level 1:colcon.colcon_core.package_identification:_identify(src) by extensions ['cmake', 'python']
[0.514s] Level 1:colcon.colcon_core.package_identification:_identify(src) by extension 'cmake'
[0.514s] Level 1:colcon.colcon_core.package_identification:_identify(src) by extension 'python'
[0.514s] Level 1:colcon.colcon_core.package_identification:_identify(src) by extensions ['python_setup_py']
[0.514s] Level 1:colcon.colcon_core.package_identification:_identify(src) by extension 'python_setup_py'
[0.515s] Level 1:colcon.colcon_core.package_identification:_identify(src/app_bringup) by extensions ['ignore', 'ignore_ament_install']
[0.515s] Level 1:colcon.colcon_core.package_identification:_identify(src/app_bringup) by extension 'ignore'
[0.515s] Level 1:colcon.colcon_core.package_identification:_identify(src/app_bringup) by extension 'ignore_ament_install'
[0.515s] Level 1:colcon.colcon_core.package_identification:_identify(src/app_bringup) by extensions ['colcon_pkg']
[0.515s] Level 1:colcon.colcon_core.package_identification:_identify(src/app_bringup) by extension 'colcon_pkg'
[0.515s] Level 1:colcon.colcon_core.package_identification:_identify(src/app_bringup) by extensions ['colcon_meta']
[0.515s] Level 1:colcon.colcon_core.package_identification:_identify(src/app_bringup) by extension 'colcon_meta'
[0.515s] Level 1:colcon.colcon_core.package_identification:_identify(src/app_bringup) by extensions ['ros']
[0.515s] Level 1:colcon.colcon_core.package_identification:_identify(src/app_bringup) by extension 'ros'
[0.518s] DEBUG:colcon.colcon_core.package_identification:Package 'src/app_bringup' with type 'ros.ament_cmake' and name 'app_bringup'
[0.519s] Level 1:colcon.colcon_core.package_identification:_identify(src/py_pub_sub) by extensions ['ignore', 'ignore_ament_install']
[0.519s] Level 1:colcon.colcon_core.package_identification:_identify(src/py_pub_sub) by extension 'ignore'
[0.519s] Level 1:colcon.colcon_core.package_identification:_identify(src/py_pub_sub) by extension 'ignore_ament_install'
[0.519s] Level 1:colcon.colcon_core.package_identification:_identify(src/py_pub_sub) by extensions ['colcon_pkg']
[0.519s] Level 1:colcon.colcon_core.package_identification:_identify(src/py_pub_sub) by extension 'colcon_pkg'
[0.519s] Level 1:colcon.colcon_core.package_identification:_identify(src/py_pub_sub) by extensions ['colcon_meta']
[0.519s] Level 1:colcon.colcon_core.package_identification:_identify(src/py_pub_sub) by extension 'colcon_meta'
[0.519s] Level 1:colcon.colcon_core.package_identification:_identify(src/py_pub_sub) by extensions ['ros']
[0.519s] Level 1:colcon.colcon_core.package_identification:_identify(src/py_pub_sub) by extension 'ros'
[0.521s] DEBUG:colcon.colcon_core.package_identification:Package 'src/py_pub_sub' with type 'ros.ament_python' and name 'py_pub_sub'
[0.521s] Level 1:colcon.colcon_core.package_discovery:discover_packages(recursive) using defaults
[0.521s] Level 1:colcon.colcon_core.package_discovery:discover_packages(ignore) discover
[0.521s] Level 1:colcon.colcon_core.package_discovery:discover_packages(ignore) using defaults
[0.521s] Level 1:colcon.colcon_core.package_discovery:discover_packages(path) discover
[0.521s] Level 1:colcon.colcon_core.package_discovery:discover_packages(path) using defaults
[0.579s] Level 1:colcon.colcon_core.package_discovery:discover_packages(prefix_path) check parameters
[0.579s] Level 1:colcon.colcon_core.package_discovery:discover_packages(prefix_path) discover
[0.584s] WARNING:colcon.colcon_ros.prefix_path.ament:The path '/home/jstefan1/CodeWorkspace/UGV-Robot/ros2_humble_colcon_ws/install/pilz_industrial_motion_planner_testutils' in the environment variable AMENT_PREFIX_PATH doesn't exist
[0.584s] WARNING:colcon.colcon_ros.prefix_path.ament:The path '/home/jstefan1/CodeWorkspace/UGV-Robot/ros2_humble_colcon_ws/install/moveit_runtime' in the environment variable AMENT_PREFIX_PATH doesn't exist
[0.584s] WARNING:colcon.colcon_ros.prefix_path.ament:The path '/home/jstefan1/CodeWorkspace/UGV-Robot/ros2_humble_colcon_ws/install/moveit2_tutorials' in the environment variable AMENT_PREFIX_PATH doesn't exist
[0.584s] WARNING:colcon.colcon_ros.prefix_path.ament:The path '/home/jstefan1/CodeWorkspace/UGV-Robot/ros2_humble_colcon_ws/install/moveit' in the environment variable AMENT_PREFIX_PATH doesn't exist
[0.584s] WARNING:colcon.colcon_ros.prefix_path.ament:The path '/home/jstefan1/CodeWorkspace/UGV-Robot/ros2_humble_colcon_ws/install/moveit_planners' in the environment variable AMENT_PREFIX_PATH doesn't exist
[0.585s] WARNING:colcon.colcon_ros.prefix_path.ament:The path '/home/jstefan1/CodeWorkspace/UGV-Robot/ros2_humble_colcon_ws/install/pilz_industrial_motion_planner' in the environment variable AMENT_PREFIX_PATH doesn't exist
[0.585s] WARNING:colcon.colcon_ros.prefix_path.ament:The path '/home/jstefan1/CodeWorkspace/UGV-Robot/ros2_humble_colcon_ws/install/moveit_visual_tools' in the environment variable AMENT_PREFIX_PATH doesn't exist
[0.585s] WARNING:colcon.colcon_ros.prefix_path.ament:The path '/home/jstefan1/CodeWorkspace/UGV-Robot/ros2_humble_colcon_ws/install/moveit_task_constructor_visualization' in the environment variable AMENT_PREFIX_PATH doesn't exist
[0.585s] WARNING:colcon.colcon_ros.prefix_path.ament:The path '/home/jstefan1/CodeWorkspace/UGV-Robot/ros2_humble_colcon_ws/install/moveit_task_constructor_demo' in the environment variable AMENT_PREFIX_PATH doesn't exist
[0.585s] WARNING:colcon.colcon_ros.prefix_path.ament:The path '/home/jstefan1/CodeWorkspace/UGV-Robot/ros2_humble_colcon_ws/install/moveit_task_constructor_capabilities' in the environment variable AMENT_PREFIX_PATH doesn't exist
[0.585s] WARNING:colcon.colcon_ros.prefix_path.ament:The path '/home/jstefan1/CodeWorkspace/UGV-Robot/ros2_humble_colcon_ws/install/moveit_task_constructor_core' in the environment variable AMENT_PREFIX_PATH doesn't exist
[0.585s] WARNING:colcon.colcon_ros.prefix_path.ament:The path '/home/jstefan1/CodeWorkspace/UGV-Robot/ros2_humble_colcon_ws/install/moveit_ros_control_interface' in the environment variable AMENT_PREFIX_PATH doesn't exist
[0.585s] WARNING:colcon.colcon_ros.prefix_path.ament:The path '/home/jstefan1/CodeWorkspace/UGV-Robot/ros2_humble_colcon_ws/install/moveit_plugins' in the environment variable AMENT_PREFIX_PATH doesn't exist
[0.585s] WARNING:colcon.colcon_ros.prefix_path.ament:The path '/home/jstefan1/CodeWorkspace/UGV-Robot/ros2_humble_colcon_ws/install/moveit_simple_controller_manager' in the environment variable AMENT_PREFIX_PATH doesn't exist
[0.585s] WARNING:colcon.colcon_ros.prefix_path.ament:The path '/home/jstefan1/CodeWorkspace/UGV-Robot/ros2_humble_colcon_ws/install/moveit_setup_assistant' in the environment variable AMENT_PREFIX_PATH doesn't exist
[0.585s] WARNING:colcon.colcon_ros.prefix_path.ament:The path '/home/jstefan1/CodeWorkspace/UGV-Robot/ros2_humble_colcon_ws/install/moveit_setup_srdf_plugins' in the environment variable AMENT_PREFIX_PATH doesn't exist
[0.585s] WARNING:colcon.colcon_ros.prefix_path.ament:The path '/home/jstefan1/CodeWorkspace/UGV-Robot/ros2_humble_colcon_ws/install/moveit_setup_core_plugins' in the environment variable AMENT_PREFIX_PATH doesn't exist
[0.585s] WARNING:colcon.colcon_ros.prefix_path.ament:The path '/home/jstefan1/CodeWorkspace/UGV-Robot/ros2_humble_colcon_ws/install/moveit_setup_controllers' in the environment variable AMENT_PREFIX_PATH doesn't exist
[0.585s] WARNING:colcon.colcon_ros.prefix_path.ament:The path '/home/jstefan1/CodeWorkspace/UGV-Robot/ros2_humble_colcon_ws/install/moveit_setup_app_plugins' in the environment variable AMENT_PREFIX_PATH doesn't exist
[0.585s] WARNING:colcon.colcon_ros.prefix_path.ament:The path '/home/jstefan1/CodeWorkspace/UGV-Robot/ros2_humble_colcon_ws/install/moveit_setup_framework' in the environment variable AMENT_PREFIX_PATH doesn't exist
[0.585s] WARNING:colcon.colcon_ros.prefix_path.ament:The path '/home/jstefan1/CodeWorkspace/UGV-Robot/ros2_humble_colcon_ws/install/moveit_servo' in the environment variable AMENT_PREFIX_PATH doesn't exist
[0.585s] WARNING:colcon.colcon_ros.prefix_path.ament:The path '/home/jstefan1/CodeWorkspace/UGV-Robot/ros2_humble_colcon_ws/install/moveit_ros' in the environment variable AMENT_PREFIX_PATH doesn't exist
[0.585s] WARNING:colcon.colcon_ros.prefix_path.ament:The path '/home/jstefan1/CodeWorkspace/UGV-Robot/ros2_humble_colcon_ws/install/moveit_ros_visualization' in the environment variable AMENT_PREFIX_PATH doesn't exist
[0.585s] WARNING:colcon.colcon_ros.prefix_path.ament:The path '/home/jstefan1/CodeWorkspace/UGV-Robot/ros2_humble_colcon_ws/install/moveit_hybrid_planning' in the environment variable AMENT_PREFIX_PATH doesn't exist
[0.585s] WARNING:colcon.colcon_ros.prefix_path.ament:The path '/home/jstefan1/CodeWorkspace/UGV-Robot/ros2_humble_colcon_ws/install/moveit_ros_planning_interface' in the environment variable AMENT_PREFIX_PATH doesn't exist
[0.585s] WARNING:colcon.colcon_ros.prefix_path.ament:The path '/home/jstefan1/CodeWorkspace/UGV-Robot/ros2_humble_colcon_ws/install/moveit_ros_benchmarks' in the environment variable AMENT_PREFIX_PATH doesn't exist
[0.585s] WARNING:colcon.colcon_ros.prefix_path.ament:The path '/home/jstefan1/CodeWorkspace/UGV-Robot/ros2_humble_colcon_ws/install/moveit_ros_warehouse' in the environment variable AMENT_PREFIX_PATH doesn't exist
[0.585s] WARNING:colcon.colcon_ros.prefix_path.ament:The path '/home/jstefan1/CodeWorkspace/UGV-Robot/ros2_humble_colcon_ws/install/moveit_ros_robot_interaction' in the environment variable AMENT_PREFIX_PATH doesn't exist
[0.585s] WARNING:colcon.colcon_ros.prefix_path.ament:The path '/home/jstefan1/CodeWorkspace/UGV-Robot/ros2_humble_colcon_ws/install/moveit_ros_perception' in the environment variable AMENT_PREFIX_PATH doesn't exist
[0.585s] WARNING:colcon.colcon_ros.prefix_path.ament:The path '/home/jstefan1/CodeWorkspace/UGV-Robot/ros2_humble_colcon_ws/install/moveit_resources_prbt_pg70_support' in the environment variable AMENT_PREFIX_PATH doesn't exist
[0.585s] WARNING:colcon.colcon_ros.prefix_path.ament:The path '/home/jstefan1/CodeWorkspace/UGV-Robot/ros2_humble_colcon_ws/install/moveit_resources_prbt_moveit_config' in the environment variable AMENT_PREFIX_PATH doesn't exist
[0.585s] WARNING:colcon.colcon_ros.prefix_path.ament:The path '/home/jstefan1/CodeWorkspace/UGV-Robot/ros2_humble_colcon_ws/install/moveit_ros_move_group' in the environment variable AMENT_PREFIX_PATH doesn't exist
[0.585s] WARNING:colcon.colcon_ros.prefix_path.ament:The path '/home/jstefan1/CodeWorkspace/UGV-Robot/ros2_humble_colcon_ws/install/moveit_planners_ompl' in the environment variable AMENT_PREFIX_PATH doesn't exist
[0.585s] WARNING:colcon.colcon_ros.prefix_path.ament:The path '/home/jstefan1/CodeWorkspace/UGV-Robot/ros2_humble_colcon_ws/install/moveit_ros_planning' in the environment variable AMENT_PREFIX_PATH doesn't exist
[0.585s] WARNING:colcon.colcon_ros.prefix_path.ament:The path '/home/jstefan1/CodeWorkspace/UGV-Robot/ros2_humble_colcon_ws/install/moveit_ros_occupancy_map_monitor' in the environment variable AMENT_PREFIX_PATH doesn't exist
[0.585s] WARNING:colcon.colcon_ros.prefix_path.ament:The path '/home/jstefan1/CodeWorkspace/UGV-Robot/ros2_humble_colcon_ws/install/moveit_resources_prbt_ikfast_manipulator_plugin' in the environment variable AMENT_PREFIX_PATH doesn't exist
[0.585s] WARNING:colcon.colcon_ros.prefix_path.ament:The path '/home/jstefan1/CodeWorkspace/UGV-Robot/ros2_humble_colcon_ws/install/moveit_planners_chomp' in the environment variable AMENT_PREFIX_PATH doesn't exist
[0.585s] WARNING:colcon.colcon_ros.prefix_path.ament:The path '/home/jstefan1/CodeWorkspace/UGV-Robot/ros2_humble_colcon_ws/install/moveit_kinematics' in the environment variable AMENT_PREFIX_PATH doesn't exist
[0.586s] WARNING:colcon.colcon_ros.prefix_path.ament:The path '/home/jstefan1/CodeWorkspace/UGV-Robot/ros2_humble_colcon_ws/install/moveit_chomp_optimizer_adapter' in the environment variable AMENT_PREFIX_PATH doesn't exist
[0.586s] WARNING:colcon.colcon_ros.prefix_path.ament:The path '/home/jstefan1/CodeWorkspace/UGV-Robot/ros2_humble_colcon_ws/install/chomp_motion_planner' in the environment variable AMENT_PREFIX_PATH doesn't exist
[0.586s] WARNING:colcon.colcon_ros.prefix_path.ament:The path '/home/jstefan1/CodeWorkspace/UGV-Robot/ros2_humble_colcon_ws/install/moveit_core' in the environment variable AMENT_PREFIX_PATH doesn't exist
[0.586s] WARNING:colcon.colcon_ros.prefix_path.ament:The path '/home/jstefan1/CodeWorkspace/UGV-Robot/ros2_humble_colcon_ws/install/moveit_configs_utils' in the environment variable AMENT_PREFIX_PATH doesn't exist
[0.586s] WARNING:colcon.colcon_ros.prefix_path.ament:The path '/home/jstefan1/CodeWorkspace/UGV-Robot/ros2_humble_colcon_ws/install/srdfdom' in the environment variable AMENT_PREFIX_PATH doesn't exist
[0.586s] WARNING:colcon.colcon_ros.prefix_path.ament:The path '/home/jstefan1/CodeWorkspace/UGV-Robot/ros2_humble_colcon_ws/install/rviz_marker_tools' in the environment variable AMENT_PREFIX_PATH doesn't exist
[0.586s] WARNING:colcon.colcon_ros.prefix_path.ament:The path '/home/jstefan1/CodeWorkspace/UGV-Robot/ros2_humble_colcon_ws/install/rosparam_shortcuts' in the environment variable AMENT_PREFIX_PATH doesn't exist
[0.586s] WARNING:colcon.colcon_ros.prefix_path.ament:The path '/home/jstefan1/CodeWorkspace/UGV-Robot/ros2_humble_colcon_ws/install/app_bringup' in the environment variable AMENT_PREFIX_PATH doesn't exist
[0.586s] WARNING:colcon.colcon_ros.prefix_path.ament:The path '/home/jstefan1/CodeWorkspace/UGV-Robot/ros2_humble_colcon_ws/install/py_pub_sub' in the environment variable AMENT_PREFIX_PATH doesn't exist
[0.586s] WARNING:colcon.colcon_ros.prefix_path.ament:The path '/home/jstefan1/CodeWorkspace/UGV-Robot/ros2_humble_colcon_ws/install/moveit_task_constructor_msgs' in the environment variable AMENT_PREFIX_PATH doesn't exist
[0.586s] WARNING:colcon.colcon_ros.prefix_path.ament:The path '/home/jstefan1/CodeWorkspace/UGV-Robot/ros2_humble_colcon_ws/install/moveit_resources_prbt_support' in the environment variable AMENT_PREFIX_PATH doesn't exist
[0.586s] WARNING:colcon.colcon_ros.prefix_path.ament:The path '/home/jstefan1/CodeWorkspace/UGV-Robot/ros2_humble_colcon_ws/install/moveit_resources' in the environment variable AMENT_PREFIX_PATH doesn't exist
[0.586s] WARNING:colcon.colcon_ros.prefix_path.ament:The path '/home/jstefan1/CodeWorkspace/UGV-Robot/ros2_humble_colcon_ws/install/moveit_resources_pr2_description' in the environment variable AMENT_PREFIX_PATH doesn't exist
[0.586s] WARNING:colcon.colcon_ros.prefix_path.ament:The path '/home/jstefan1/CodeWorkspace/UGV-Robot/ros2_humble_colcon_ws/install/moveit_resources_panda_moveit_config' in the environment variable AMENT_PREFIX_PATH doesn't exist
[0.586s] WARNING:colcon.colcon_ros.prefix_path.ament:The path '/home/jstefan1/CodeWorkspace/UGV-Robot/ros2_humble_colcon_ws/install/moveit_resources_panda_description' in the environment variable AMENT_PREFIX_PATH doesn't exist
[0.586s] WARNING:colcon.colcon_ros.prefix_path.ament:The path '/home/jstefan1/CodeWorkspace/UGV-Robot/ros2_humble_colcon_ws/install/moveit_resources_fanuc_moveit_config' in the environment variable AMENT_PREFIX_PATH doesn't exist
[0.586s] WARNING:colcon.colcon_ros.prefix_path.ament:The path '/home/jstefan1/CodeWorkspace/UGV-Robot/ros2_humble_colcon_ws/install/moveit_resources_fanuc_description' in the environment variable AMENT_PREFIX_PATH doesn't exist
[0.586s] WARNING:colcon.colcon_ros.prefix_path.ament:The path '/home/jstefan1/CodeWorkspace/UGV-Robot/ros2_humble_colcon_ws/install/moveit_common' in the environment variable AMENT_PREFIX_PATH doesn't exist
[0.586s] WARNING:colcon.colcon_ros.prefix_path.ament:The path '/home/jstefan1/CodeWorkspace/UGV-Robot/ros2_humble_colcon_ws/install/launch_param_builder' in the environment variable AMENT_PREFIX_PATH doesn't exist
[0.586s] WARNING:colcon.colcon_ros.prefix_path.catkin:The path '/home/jstefan1/CodeWorkspace/UGV-Robot/ros2_humble_colcon_ws/install/pilz_industrial_motion_planner_testutils' in the environment variable CMAKE_PREFIX_PATH doesn't exist
[0.586s] WARNING:colcon.colcon_ros.prefix_path.catkin:The path '/home/jstefan1/CodeWorkspace/UGV-Robot/ros2_humble_colcon_ws/install/moveit_runtime' in the environment variable CMAKE_PREFIX_PATH doesn't exist
[0.586s] WARNING:colcon.colcon_ros.prefix_path.catkin:The path '/home/jstefan1/CodeWorkspace/UGV-Robot/ros2_humble_colcon_ws/install/moveit2_tutorials' in the environment variable CMAKE_PREFIX_PATH doesn't exist
[0.586s] WARNING:colcon.colcon_ros.prefix_path.catkin:The path '/home/jstefan1/CodeWorkspace/UGV-Robot/ros2_humble_colcon_ws/install/moveit' in the environment variable CMAKE_PREFIX_PATH doesn't exist
[0.586s] WARNING:colcon.colcon_ros.prefix_path.catkin:The path '/home/jstefan1/CodeWorkspace/UGV-Robot/ros2_humble_colcon_ws/install/moveit_planners' in the environment variable CMAKE_PREFIX_PATH doesn't exist
[0.586s] WARNING:colcon.colcon_ros.prefix_path.catkin:The path '/home/jstefan1/CodeWorkspace/UGV-Robot/ros2_humble_colcon_ws/install/pilz_industrial_motion_planner' in the environment variable CMAKE_PREFIX_PATH doesn't exist
[0.586s] WARNING:colcon.colcon_ros.prefix_path.catkin:The path '/home/jstefan1/CodeWorkspace/UGV-Robot/ros2_humble_colcon_ws/install/moveit_visual_tools' in the environment variable CMAKE_PREFIX_PATH doesn't exist
[0.587s] WARNING:colcon.colcon_ros.prefix_path.catkin:The path '/home/jstefan1/CodeWorkspace/UGV-Robot/ros2_humble_colcon_ws/install/moveit_task_constructor_visualization' in the environment variable CMAKE_PREFIX_PATH doesn't exist
[0.587s] WARNING:colcon.colcon_ros.prefix_path.catkin:The path '/home/jstefan1/CodeWorkspace/UGV-Robot/ros2_humble_colcon_ws/install/moveit_task_constructor_demo' in the environment variable CMAKE_PREFIX_PATH doesn't exist
[0.587s] WARNING:colcon.colcon_ros.prefix_path.catkin:The path '/home/jstefan1/CodeWorkspace/UGV-Robot/ros2_humble_colcon_ws/install/moveit_task_constructor_capabilities' in the environment variable CMAKE_PREFIX_PATH doesn't exist
[0.588s] WARNING:colcon.colcon_ros.prefix_path.catkin:The path '/home/jstefan1/CodeWorkspace/UGV-Robot/ros2_humble_colcon_ws/install/moveit_task_constructor_core' in the environment variable CMAKE_PREFIX_PATH doesn't exist
[0.588s] WARNING:colcon.colcon_ros.prefix_path.catkin:The path '/home/jstefan1/CodeWorkspace/UGV-Robot/ros2_humble_colcon_ws/install/moveit_ros_control_interface' in the environment variable CMAKE_PREFIX_PATH doesn't exist
[0.588s] WARNING:colcon.colcon_ros.prefix_path.catkin:The path '/home/jstefan1/CodeWorkspace/UGV-Robot/ros2_humble_colcon_ws/install/moveit_plugins' in the environment variable CMAKE_PREFIX_PATH doesn't exist
[0.588s] WARNING:colcon.colcon_ros.prefix_path.catkin:The path '/home/jstefan1/CodeWorkspace/UGV-Robot/ros2_humble_colcon_ws/install/moveit_simple_controller_manager' in the environment variable CMAKE_PREFIX_PATH doesn't exist
[0.588s] WARNING:colcon.colcon_ros.prefix_path.catkin:The path '/home/jstefan1/CodeWorkspace/UGV-Robot/ros2_humble_colcon_ws/install/moveit_setup_assistant' in the environment variable CMAKE_PREFIX_PATH doesn't exist
[0.588s] WARNING:colcon.colcon_ros.prefix_path.catkin:The path '/home/jstefan1/CodeWorkspace/UGV-Robot/ros2_humble_colcon_ws/install/moveit_setup_srdf_plugins' in the environment variable CMAKE_PREFIX_PATH doesn't exist
[0.588s] WARNING:colcon.colcon_ros.prefix_path.catkin:The path '/home/jstefan1/CodeWorkspace/UGV-Robot/ros2_humble_colcon_ws/install/moveit_setup_core_plugins' in the environment variable CMAKE_PREFIX_PATH doesn't exist
[0.588s] WARNING:colcon.colcon_ros.prefix_path.catkin:The path '/home/jstefan1/CodeWorkspace/UGV-Robot/ros2_humble_colcon_ws/install/moveit_setup_controllers' in the environment variable CMAKE_PREFIX_PATH doesn't exist
[0.588s] WARNING:colcon.colcon_ros.prefix_path.catkin:The path '/home/jstefan1/CodeWorkspace/UGV-Robot/ros2_humble_colcon_ws/install/moveit_setup_app_plugins' in the environment variable CMAKE_PREFIX_PATH doesn't exist
[0.588s] WARNING:colcon.colcon_ros.prefix_path.catkin:The path '/home/jstefan1/CodeWorkspace/UGV-Robot/ros2_humble_colcon_ws/install/moveit_setup_framework' in the environment variable CMAKE_PREFIX_PATH doesn't exist
[0.588s] WARNING:colcon.colcon_ros.prefix_path.catkin:The path '/home/jstefan1/CodeWorkspace/UGV-Robot/ros2_humble_colcon_ws/install/moveit_servo' in the environment variable CMAKE_PREFIX_PATH doesn't exist
[0.588s] WARNING:colcon.colcon_ros.prefix_path.catkin:The path '/home/jstefan1/CodeWorkspace/UGV-Robot/ros2_humble_colcon_ws/install/moveit_ros' in the environment variable CMAKE_PREFIX_PATH doesn't exist
[0.588s] WARNING:colcon.colcon_ros.prefix_path.catkin:The path '/home/jstefan1/CodeWorkspace/UGV-Robot/ros2_humble_colcon_ws/install/moveit_ros_visualization' in the environment variable CMAKE_PREFIX_PATH doesn't exist
[0.588s] WARNING:colcon.colcon_ros.prefix_path.catkin:The path '/home/jstefan1/CodeWorkspace/UGV-Robot/ros2_humble_colcon_ws/install/moveit_hybrid_planning' in the environment variable CMAKE_PREFIX_PATH doesn't exist
[0.588s] WARNING:colcon.colcon_ros.prefix_path.catkin:The path '/home/jstefan1/CodeWorkspace/UGV-Robot/ros2_humble_colcon_ws/install/moveit_ros_planning_interface' in the environment variable CMAKE_PREFIX_PATH doesn't exist
[0.588s] WARNING:colcon.colcon_ros.prefix_path.catkin:The path '/home/jstefan1/CodeWorkspace/UGV-Robot/ros2_humble_colcon_ws/install/moveit_ros_benchmarks' in the environment variable CMAKE_PREFIX_PATH doesn't exist
[0.588s] WARNING:colcon.colcon_ros.prefix_path.catkin:The path '/home/jstefan1/CodeWorkspace/UGV-Robot/ros2_humble_colcon_ws/install/moveit_ros_warehouse' in the environment variable CMAKE_PREFIX_PATH doesn't exist
[0.588s] WARNING:colcon.colcon_ros.prefix_path.catkin:The path '/home/jstefan1/CodeWorkspace/UGV-Robot/ros2_humble_colcon_ws/install/moveit_ros_robot_interaction' in the environment variable CMAKE_PREFIX_PATH doesn't exist
[0.588s] WARNING:colcon.colcon_ros.prefix_path.catkin:The path '/home/jstefan1/CodeWorkspace/UGV-Robot/ros2_humble_colcon_ws/install/moveit_ros_perception' in the environment variable CMAKE_PREFIX_PATH doesn't exist
[0.588s] WARNING:colcon.colcon_ros.prefix_path.catkin:The path '/home/jstefan1/CodeWorkspace/UGV-Robot/ros2_humble_colcon_ws/install/moveit_resources_prbt_pg70_support' in the environment variable CMAKE_PREFIX_PATH doesn't exist
[0.588s] WARNING:colcon.colcon_ros.prefix_path.catkin:The path '/home/jstefan1/CodeWorkspace/UGV-Robot/ros2_humble_colcon_ws/install/moveit_resources_prbt_moveit_config' in the environment variable CMAKE_PREFIX_PATH doesn't exist
[0.588s] WARNING:colcon.colcon_ros.prefix_path.catkin:The path '/home/jstefan1/CodeWorkspace/UGV-Robot/ros2_humble_colcon_ws/install/moveit_ros_move_group' in the environment variable CMAKE_PREFIX_PATH doesn't exist
[0.588s] WARNING:colcon.colcon_ros.prefix_path.catkin:The path '/home/jstefan1/CodeWorkspace/UGV-Robot/ros2_humble_colcon_ws/install/moveit_planners_ompl' in the environment variable CMAKE_PREFIX_PATH doesn't exist
[0.588s] WARNING:colcon.colcon_ros.prefix_path.catkin:The path '/home/jstefan1/CodeWorkspace/UGV-Robot/ros2_humble_colcon_ws/install/moveit_ros_planning' in the environment variable CMAKE_PREFIX_PATH doesn't exist
[0.588s] WARNING:colcon.colcon_ros.prefix_path.catkin:The path '/home/jstefan1/CodeWorkspace/UGV-Robot/ros2_humble_colcon_ws/install/moveit_ros_occupancy_map_monitor' in the environment variable CMAKE_PREFIX_PATH doesn't exist
[0.588s] WARNING:colcon.colcon_ros.prefix_path.catkin:The path '/home/jstefan1/CodeWorkspace/UGV-Robot/ros2_humble_colcon_ws/install/moveit_resources_prbt_ikfast_manipulator_plugin' in the environment variable CMAKE_PREFIX_PATH doesn't exist
[0.588s] WARNING:colcon.colcon_ros.prefix_path.catkin:The path '/home/jstefan1/CodeWorkspace/UGV-Robot/ros2_humble_colcon_ws/install/moveit_planners_chomp' in the environment variable CMAKE_PREFIX_PATH doesn't exist
[0.588s] WARNING:colcon.colcon_ros.prefix_path.catkin:The path '/home/jstefan1/CodeWorkspace/UGV-Robot/ros2_humble_colcon_ws/install/moveit_kinematics' in the environment variable CMAKE_PREFIX_PATH doesn't exist
[0.588s] WARNING:colcon.colcon_ros.prefix_path.catkin:The path '/home/jstefan1/CodeWorkspace/UGV-Robot/ros2_humble_colcon_ws/install/moveit_chomp_optimizer_adapter' in the environment variable CMAKE_PREFIX_PATH doesn't exist
[0.588s] WARNING:colcon.colcon_ros.prefix_path.catkin:The path '/home/jstefan1/CodeWorkspace/UGV-Robot/ros2_humble_colcon_ws/install/chomp_motion_planner' in the environment variable CMAKE_PREFIX_PATH doesn't exist
[0.588s] WARNING:colcon.colcon_ros.prefix_path.catkin:The path '/home/jstefan1/CodeWorkspace/UGV-Robot/ros2_humble_colcon_ws/install/moveit_core' in the environment variable CMAKE_PREFIX_PATH doesn't exist
[0.588s] WARNING:colcon.colcon_ros.prefix_path.catkin:The path '/home/jstefan1/CodeWorkspace/UGV-Robot/ros2_humble_colcon_ws/install/srdfdom' in the environment variable CMAKE_PREFIX_PATH doesn't exist
[0.588s] WARNING:colcon.colcon_ros.prefix_path.catkin:The path '/home/jstefan1/CodeWorkspace/UGV-Robot/ros2_humble_colcon_ws/install/rviz_marker_tools' in the environment variable CMAKE_PREFIX_PATH doesn't exist
[0.588s] WARNING:colcon.colcon_ros.prefix_path.catkin:The path '/home/jstefan1/CodeWorkspace/UGV-Robot/ros2_humble_colcon_ws/install/rosparam_shortcuts' in the environment variable CMAKE_PREFIX_PATH doesn't exist
[0.588s] WARNING:colcon.colcon_ros.prefix_path.catkin:The path '/home/jstefan1/CodeWorkspace/UGV-Robot/ros2_humble_colcon_ws/install/app_bringup' in the environment variable CMAKE_PREFIX_PATH doesn't exist
[0.588s] WARNING:colcon.colcon_ros.prefix_path.catkin:The path '/home/jstefan1/CodeWorkspace/UGV-Robot/ros2_humble_colcon_ws/install/moveit_task_constructor_msgs' in the environment variable CMAKE_PREFIX_PATH doesn't exist
[0.589s] WARNING:colcon.colcon_ros.prefix_path.catkin:The path '/home/jstefan1/CodeWorkspace/UGV-Robot/ros2_humble_colcon_ws/install/moveit_resources_prbt_support' in the environment variable CMAKE_PREFIX_PATH doesn't exist
[0.589s] WARNING:colcon.colcon_ros.prefix_path.catkin:The path '/home/jstefan1/CodeWorkspace/UGV-Robot/ros2_humble_colcon_ws/install/moveit_resources' in the environment variable CMAKE_PREFIX_PATH doesn't exist
[0.589s] WARNING:colcon.colcon_ros.prefix_path.catkin:The path '/home/jstefan1/CodeWorkspace/UGV-Robot/ros2_humble_colcon_ws/install/moveit_resources_pr2_description' in the environment variable CMAKE_PREFIX_PATH doesn't exist
[0.589s] WARNING:colcon.colcon_ros.prefix_path.catkin:The path '/home/jstefan1/CodeWorkspace/UGV-Robot/ros2_humble_colcon_ws/install/moveit_resources_panda_moveit_config' in the environment variable CMAKE_PREFIX_PATH doesn't exist
[0.589s] WARNING:colcon.colcon_ros.prefix_path.catkin:The path '/home/jstefan1/CodeWorkspace/UGV-Robot/ros2_humble_colcon_ws/install/moveit_resources_panda_description' in the environment variable CMAKE_PREFIX_PATH doesn't exist
[0.589s] WARNING:colcon.colcon_ros.prefix_path.catkin:The path '/home/jstefan1/CodeWorkspace/UGV-Robot/ros2_humble_colcon_ws/install/moveit_resources_fanuc_moveit_config' in the environment variable CMAKE_PREFIX_PATH doesn't exist
[0.589s] WARNING:colcon.colcon_ros.prefix_path.catkin:The path '/home/jstefan1/CodeWorkspace/UGV-Robot/ros2_humble_colcon_ws/install/moveit_resources_fanuc_description' in the environment variable CMAKE_PREFIX_PATH doesn't exist
[0.589s] WARNING:colcon.colcon_ros.prefix_path.catkin:The path '/home/jstefan1/CodeWorkspace/UGV-Robot/ros2_humble_colcon_ws/install/moveit_common' in the environment variable CMAKE_PREFIX_PATH doesn't exist
[0.591s] DEBUG:colcon.colcon_installed_package_information.package_discovery:Found 0 installed packages in /home/jstefan1/CodeWorkspace/UGV-Robot/ros2_humble_colcon_ws/install
[0.592s] DEBUG:colcon.colcon_installed_package_information.package_discovery:Found 342 installed packages in /opt/ros/humble
[0.593s] Level 1:colcon.colcon_core.package_discovery:discover_packages(prefix_path) using defaults
[0.821s] Level 5:colcon.colcon_core.verb:set package 'py_pub_sub' build argument 'cmake_args' from command line to 'None'
[0.821s] Level 5:colcon.colcon_core.verb:set package 'py_pub_sub' build argument 'cmake_target' from command line to 'None'
[0.821s] Level 5:colcon.colcon_core.verb:set package 'py_pub_sub' build argument 'cmake_target_skip_unavailable' from command line to 'False'
[0.822s] Level 5:colcon.colcon_core.verb:set package 'py_pub_sub' build argument 'cmake_clean_cache' from command line to 'False'
[0.822s] Level 5:colcon.colcon_core.verb:set package 'py_pub_sub' build argument 'cmake_clean_first' from command line to 'False'
[0.822s] Level 5:colcon.colcon_core.verb:set package 'py_pub_sub' build argument 'cmake_force_configure' from command line to 'False'
[0.822s] Level 5:colcon.colcon_core.verb:set package 'py_pub_sub' build argument 'ament_cmake_args' from command line to 'None'
[0.822s] Level 5:colcon.colcon_core.verb:set package 'py_pub_sub' build argument 'catkin_cmake_args' from command line to 'None'
[0.822s] Level 5:colcon.colcon_core.verb:set package 'py_pub_sub' build argument 'catkin_skip_building_tests' from command line to 'False'
[0.822s] DEBUG:colcon.colcon_core.verb:Building package 'py_pub_sub' with the following arguments: {'ament_cmake_args': None, 'build_base': '/home/jstefan1/CodeWorkspace/UGV-Robot/ros2_humble_colcon_ws/build/py_pub_sub', 'catkin_cmake_args': None, 'catkin_skip_building_tests': False, 'cmake_args': None, 'cmake_clean_cache': False, 'cmake_clean_first': False, 'cmake_force_configure': False, 'cmake_target': None, 'cmake_target_skip_unavailable': False, 'install_base': '/home/jstefan1/CodeWorkspace/UGV-Robot/ros2_humble_colcon_ws/install/py_pub_sub', 'merge_install': False, 'path': '/home/jstefan1/CodeWorkspace/UGV-Robot/ros2_humble_colcon_ws/src/py_pub_sub', 'symlink_install': False, 'test_result_base': None}
[0.822s] Level 5:colcon.colcon_core.verb:set package 'app_bringup' build argument 'cmake_args' from command line to 'None'
[0.822s] Level 5:colcon.colcon_core.verb:set package 'app_bringup' build argument 'cmake_target' from command line to 'None'
[0.822s] Level 5:colcon.colcon_core.verb:set package 'app_bringup' build argument 'cmake_target_skip_unavailable' from command line to 'False'
[0.822s] Level 5:colcon.colcon_core.verb:set package 'app_bringup' build argument 'cmake_clean_cache' from command line to 'False'
[0.822s] Level 5:colcon.colcon_core.verb:set package 'app_bringup' build argument 'cmake_clean_first' from command line to 'False'
[0.822s] Level 5:colcon.colcon_core.verb:set package 'app_bringup' build argument 'cmake_force_configure' from command line to 'False'
[0.822s] Level 5:colcon.colcon_core.verb:set package 'app_bringup' build argument 'ament_cmake_args' from command line to 'None'
[0.822s] Level 5:colcon.colcon_core.verb:set package 'app_bringup' build argument 'catkin_cmake_args' from command line to 'None'
[0.822s] Level 5:colcon.colcon_core.verb:set package 'app_bringup' build argument 'catkin_skip_building_tests' from command line to 'False'
[0.822s] DEBUG:colcon.colcon_core.verb:Building package 'app_bringup' with the following arguments: {'ament_cmake_args': None, 'build_base': '/home/jstefan1/CodeWorkspace/UGV-Robot/ros2_humble_colcon_ws/build/app_bringup', 'catkin_cmake_args': None, 'catkin_skip_building_tests': False, 'cmake_args': None, 'cmake_clean_cache': False, 'cmake_clean_first': False, 'cmake_force_configure': False, 'cmake_target': None, 'cmake_target_skip_unavailable': False, 'install_base': '/home/jstefan1/CodeWorkspace/UGV-Robot/ros2_humble_colcon_ws/install/app_bringup', 'merge_install': False, 'path': '/home/jstefan1/CodeWorkspace/UGV-Robot/ros2_humble_colcon_ws/src/app_bringup', 'symlink_install': False, 'test_result_base': None}
[0.822s] INFO:colcon.colcon_core.executor:Executing jobs using 'parallel' executor
[0.824s] DEBUG:colcon.colcon_parallel_executor.executor.parallel:run_until_complete
[0.824s] INFO:colcon.colcon_ros.task.ament_python.build:Building ROS package in '/home/jstefan1/CodeWorkspace/UGV-Robot/ros2_humble_colcon_ws/src/py_pub_sub' with build type 'ament_python'
[0.824s] Level 1:colcon.colcon_core.shell:create_environment_hook('py_pub_sub', 'ament_prefix_path')
[0.838s] INFO:colcon.colcon_core.plugin_system:Skipping extension 'colcon_core.shell.bat': Not used on non-Windows systems
[0.838s] INFO:colcon.colcon_core.shell:Creating environment hook '/home/jstefan1/CodeWorkspace/UGV-Robot/ros2_humble_colcon_ws/install/py_pub_sub/share/py_pub_sub/hook/ament_prefix_path.ps1'
[0.838s] INFO:colcon.colcon_core.shell:Creating environment descriptor '/home/jstefan1/CodeWorkspace/UGV-Robot/ros2_humble_colcon_ws/install/py_pub_sub/share/py_pub_sub/hook/ament_prefix_path.dsv'
[0.839s] INFO:colcon.colcon_core.shell:Creating environment hook '/home/jstefan1/CodeWorkspace/UGV-Robot/ros2_humble_colcon_ws/install/py_pub_sub/share/py_pub_sub/hook/ament_prefix_path.sh'
[0.839s] INFO:colcon.colcon_core.shell:Skip shell extension 'powershell' for command environment: Not usable outside of PowerShell
[0.839s] DEBUG:colcon.colcon_core.shell:Skip shell extension 'dsv' for command environment
[1.124s] INFO:colcon.colcon_core.task.python.build:Building Python package in '/home/jstefan1/CodeWorkspace/UGV-Robot/ros2_humble_colcon_ws/src/py_pub_sub'
[1.124s] INFO:colcon.colcon_core.shell:Skip shell extension 'powershell' for command environment: Not usable outside of PowerShell
[1.124s] DEBUG:colcon.colcon_core.shell:Skip shell extension 'dsv' for command environment
[1.895s] DEBUG:colcon.colcon_core.event_handler.log_command:Invoking command in '/home/jstefan1/CodeWorkspace/UGV-Robot/ros2_humble_colcon_ws/src/py_pub_sub': PYTHONPATH=/home/jstefan1/CodeWorkspace/UGV-Robot/ros2_humble_colcon_ws/build/py_pub_sub/prefix_override:/usr/lib/python3/dist-packages/colcon_core/task/python/colcon_distutils_commands:/home/jstefan1/CodeWorkspace/UGV-Robot/ros2_humble_colcon_ws/install/py_pub_sub/lib/python3.10/site-packages:${PYTHONPATH} /usr/bin/python3 -W ignore:setup.py install is deprecated -W ignore:easy_install command is deprecated setup.py egg_info --egg-base ../../build/py_pub_sub build --build-base /home/jstefan1/CodeWorkspace/UGV-Robot/ros2_humble_colcon_ws/build/py_pub_sub/build install --record /home/jstefan1/CodeWorkspace/UGV-Robot/ros2_humble_colcon_ws/build/py_pub_sub/install.log --single-version-externally-managed install_data
[2.188s] DEBUG:colcon.colcon_core.event_handler.log_command:Invoked command in '/home/jstefan1/CodeWorkspace/UGV-Robot/ros2_humble_colcon_ws/src/py_pub_sub' returned '0': PYTHONPATH=/home/jstefan1/CodeWorkspace/UGV-Robot/ros2_humble_colcon_ws/build/py_pub_sub/prefix_override:/usr/lib/python3/dist-packages/colcon_core/task/python/colcon_distutils_commands:/home/jstefan1/CodeWorkspace/UGV-Robot/ros2_humble_colcon_ws/install/py_pub_sub/lib/python3.10/site-packages:${PYTHONPATH} /usr/bin/python3 -W ignore:setup.py install is deprecated -W ignore:easy_install command is deprecated setup.py egg_info --egg-base ../../build/py_pub_sub build --build-base /home/jstefan1/CodeWorkspace/UGV-Robot/ros2_humble_colcon_ws/build/py_pub_sub/build install --record /home/jstefan1/CodeWorkspace/UGV-Robot/ros2_humble_colcon_ws/build/py_pub_sub/install.log --single-version-externally-managed install_data
[2.207s] Level 1:colcon.colcon_core.environment:checking '/home/jstefan1/CodeWorkspace/UGV-Robot/ros2_humble_colcon_ws/install/py_pub_sub' for CMake module files
[2.207s] Level 1:colcon.colcon_core.environment:checking '/home/jstefan1/CodeWorkspace/UGV-Robot/ros2_humble_colcon_ws/install/py_pub_sub' for CMake config files
[2.208s] Level 1:colcon.colcon_core.environment:checking '/home/jstefan1/CodeWorkspace/UGV-Robot/ros2_humble_colcon_ws/install/py_pub_sub/lib'
[2.208s] Level 1:colcon.colcon_core.environment:checking '/home/jstefan1/CodeWorkspace/UGV-Robot/ros2_humble_colcon_ws/install/py_pub_sub/bin'
[2.208s] Level 1:colcon.colcon_core.environment:checking '/home/jstefan1/CodeWorkspace/UGV-Robot/ros2_humble_colcon_ws/install/py_pub_sub/lib/pkgconfig/py_pub_sub.pc'
[2.209s] Level 1:colcon.colcon_core.environment:checking '/home/jstefan1/CodeWorkspace/UGV-Robot/ros2_humble_colcon_ws/install/py_pub_sub/lib/python3.10/site-packages'
[2.209s] Level 1:colcon.colcon_core.shell:create_environment_hook('py_pub_sub', 'pythonpath')
[2.209s] INFO:colcon.colcon_core.shell:Creating environment hook '/home/jstefan1/CodeWorkspace/UGV-Robot/ros2_humble_colcon_ws/install/py_pub_sub/share/py_pub_sub/hook/pythonpath.ps1'
[2.209s] INFO:colcon.colcon_core.shell:Creating environment descriptor '/home/jstefan1/CodeWorkspace/UGV-Robot/ros2_humble_colcon_ws/install/py_pub_sub/share/py_pub_sub/hook/pythonpath.dsv'
[2.210s] INFO:colcon.colcon_core.shell:Creating environment hook '/home/jstefan1/CodeWorkspace/UGV-Robot/ros2_humble_colcon_ws/install/py_pub_sub/share/py_pub_sub/hook/pythonpath.sh'
[2.210s] Level 1:colcon.colcon_core.environment:checking '/home/jstefan1/CodeWorkspace/UGV-Robot/ros2_humble_colcon_ws/install/py_pub_sub/bin'
[2.210s] Level 1:colcon.colcon_core.environment:create_environment_scripts_only(py_pub_sub)
[2.210s] INFO:colcon.colcon_core.shell:Creating package script '/home/jstefan1/CodeWorkspace/UGV-Robot/ros2_humble_colcon_ws/install/py_pub_sub/share/py_pub_sub/package.ps1'
[2.211s] INFO:colcon.colcon_core.shell:Creating package descriptor '/home/jstefan1/CodeWorkspace/UGV-Robot/ros2_humble_colcon_ws/install/py_pub_sub/share/py_pub_sub/package.dsv'
[2.212s] INFO:colcon.colcon_core.shell:Creating package script '/home/jstefan1/CodeWorkspace/UGV-Robot/ros2_humble_colcon_ws/install/py_pub_sub/share/py_pub_sub/package.sh'
[2.212s] INFO:colcon.colcon_core.shell:Creating package script '/home/jstefan1/CodeWorkspace/UGV-Robot/ros2_humble_colcon_ws/install/py_pub_sub/share/py_pub_sub/package.bash'
[2.213s] INFO:colcon.colcon_core.shell:Creating package script '/home/jstefan1/CodeWorkspace/UGV-Robot/ros2_humble_colcon_ws/install/py_pub_sub/share/py_pub_sub/package.zsh'
[2.213s] Level 1:colcon.colcon_core.environment:create_file_with_runtime_dependencies(/home/jstefan1/CodeWorkspace/UGV-Robot/ros2_humble_colcon_ws/install/py_pub_sub/share/colcon-core/packages/py_pub_sub)
[2.214s] INFO:colcon.colcon_ros.task.ament_cmake.build:Building ROS package in '/home/jstefan1/CodeWorkspace/UGV-Robot/ros2_humble_colcon_ws/src/app_bringup' with build type 'ament_cmake'
[2.214s] INFO:colcon.colcon_cmake.task.cmake.build:Building CMake package in '/home/jstefan1/CodeWorkspace/UGV-Robot/ros2_humble_colcon_ws/src/app_bringup'
[2.215s] INFO:colcon.colcon_core.shell:Skip shell extension 'powershell' for command environment: Not usable outside of PowerShell
[2.215s] DEBUG:colcon.colcon_core.shell:Skip shell extension 'dsv' for command environment
[2.237s] DEBUG:colcon.colcon_core.event_handler.log_command:Invoking command in '/home/jstefan1/CodeWorkspace/UGV-Robot/ros2_humble_colcon_ws/build/app_bringup': AMENT_PREFIX_PATH=/home/jstefan1/CodeWorkspace/UGV-Robot/ros2_humble_colcon_ws/install/py_pub_sub:/home/jstefan1/CodeWorkspace/UGV-Robot/ros2_humble_colcon_ws/install/pilz_industrial_motion_planner_testutils:/home/jstefan1/CodeWorkspace/UGV-Robot/ros2_humble_colcon_ws/install/moveit_runtime:/home/jstefan1/CodeWorkspace/UGV-Robot/ros2_humble_colcon_ws/install/moveit2_tutorials:/home/jstefan1/CodeWorkspace/UGV-Robot/ros2_humble_colcon_ws/install/moveit:/home/jstefan1/CodeWorkspace/UGV-Robot/ros2_humble_colcon_ws/install/moveit_planners:/home/jstefan1/CodeWorkspace/UGV-Robot/ros2_humble_colcon_ws/install/pilz_industrial_motion_planner:/home/jstefan1/CodeWorkspace/UGV-Robot/ros2_humble_colcon_ws/install/moveit_visual_tools:/home/jstefan1/CodeWorkspace/UGV-Robot/ros2_humble_colcon_ws/install/moveit_task_constructor_visualization:/home/jstefan1/CodeWorkspace/UGV-Robot/ros2_humble_colcon_ws/install/moveit_task_constructor_demo:/home/jstefan1/CodeWorkspace/UGV-Robot/ros2_humble_colcon_ws/install/moveit_task_constructor_capabilities:/home/jstefan1/CodeWorkspace/UGV-Robot/ros2_humble_colcon_ws/install/moveit_task_constructor_core:/home/jstefan1/CodeWorkspace/UGV-Robot/ros2_humble_colcon_ws/install/moveit_ros_control_interface:/home/jstefan1/CodeWorkspace/UGV-Robot/ros2_humble_colcon_ws/install/moveit_plugins:/home/jstefan1/CodeWorkspace/UGV-Robot/ros2_humble_colcon_ws/install/moveit_simple_controller_manager:/home/jstefan1/CodeWorkspace/UGV-Robot/ros2_humble_colcon_ws/install/moveit_setup_assistant:/home/jstefan1/CodeWorkspace/UGV-Robot/ros2_humble_colcon_ws/install/moveit_setup_srdf_plugins:/home/jstefan1/CodeWorkspace/UGV-Robot/ros2_humble_colcon_ws/install/moveit_setup_core_plugins:/home/jstefan1/CodeWorkspace/UGV-Robot/ros2_humble_colcon_ws/install/moveit_setup_controllers:/home/jstefan1/CodeWorkspace/UGV-Robot/ros2_humble_colcon_ws/install/moveit_setup_app_plugins:/home/jstefan1/CodeWorkspace/UGV-Robot/ros2_humble_colcon_ws/install/moveit_setup_framework:/home/jstefan1/CodeWorkspace/UGV-Robot/ros2_humble_colcon_ws/install/moveit_servo:/home/jstefan1/CodeWorkspace/UGV-Robot/ros2_humble_colcon_ws/install/moveit_ros:/home/jstefan1/CodeWorkspace/UGV-Robot/ros2_humble_colcon_ws/install/moveit_ros_visualization:/home/jstefan1/CodeWorkspace/UGV-Robot/ros2_humble_colcon_ws/install/moveit_hybrid_planning:/home/jstefan1/CodeWorkspace/UGV-Robot/ros2_humble_colcon_ws/install/moveit_ros_planning_interface:/home/jstefan1/CodeWorkspace/UGV-Robot/ros2_humble_colcon_ws/install/moveit_ros_benchmarks:/home/jstefan1/CodeWorkspace/UGV-Robot/ros2_humble_colcon_ws/install/moveit_ros_warehouse:/home/jstefan1/CodeWorkspace/UGV-Robot/ros2_humble_colcon_ws/install/moveit_ros_robot_interaction:/home/jstefan1/CodeWorkspace/UGV-Robot/ros2_humble_colcon_ws/install/moveit_ros_perception:/home/jstefan1/CodeWorkspace/UGV-Robot/ros2_humble_colcon_ws/install/moveit_resources_prbt_pg70_support:/home/jstefan1/CodeWorkspace/UGV-Robot/ros2_humble_colcon_ws/install/moveit_resources_prbt_moveit_config:/home/jstefan1/CodeWorkspace/UGV-Robot/ros2_humble_colcon_ws/install/moveit_ros_move_group:/home/jstefan1/CodeWorkspace/UGV-Robot/ros2_humble_colcon_ws/install/moveit_planners_ompl:/home/jstefan1/CodeWorkspace/UGV-Robot/ros2_humble_colcon_ws/install/moveit_ros_planning:/home/jstefan1/CodeWorkspace/UGV-Robot/ros2_humble_colcon_ws/install/moveit_ros_occupancy_map_monitor:/home/jstefan1/CodeWorkspace/UGV-Robot/ros2_humble_colcon_ws/install/moveit_resources_prbt_ikfast_manipulator_plugin:/home/jstefan1/CodeWorkspace/UGV-Robot/ros2_humble_colcon_ws/install/moveit_planners_chomp:/home/jstefan1/CodeWorkspace/UGV-Robot/ros2_humble_colcon_ws/install/moveit_kinematics:/home/jstefan1/CodeWorkspace/UGV-Robot/ros2_humble_colcon_ws/install/moveit_chomp_optimizer_adapter:/home/jstefan1/CodeWorkspace/UGV-Robot/ros2_humble_colcon_ws/install/chomp_motion_planner:/home/jstefan1/CodeWorkspace/UGV-Robot/ros2_humble_colcon_ws/install/moveit_core:/home/jstefan1/CodeWorkspace/UGV-Robot/ros2_humble_colcon_ws/install/moveit_configs_utils:/home/jstefan1/CodeWorkspace/UGV-Robot/ros2_humble_colcon_ws/install/srdfdom:/home/jstefan1/CodeWorkspace/UGV-Robot/ros2_humble_colcon_ws/install/rviz_marker_tools:/home/jstefan1/CodeWorkspace/UGV-Robot/ros2_humble_colcon_ws/install/rosparam_shortcuts:/home/jstefan1/CodeWorkspace/UGV-Robot/ros2_humble_colcon_ws/install/app_bringup:/home/jstefan1/CodeWorkspace/UGV-Robot/ros2_humble_colcon_ws/install/moveit_task_constructor_msgs:/home/jstefan1/CodeWorkspace/UGV-Robot/ros2_humble_colcon_ws/install/moveit_resources_prbt_support:/home/jstefan1/CodeWorkspace/UGV-Robot/ros2_humble_colcon_ws/install/moveit_resources:/home/jstefan1/CodeWorkspace/UGV-Robot/ros2_humble_colcon_ws/install/moveit_resources_pr2_description:/home/jstefan1/CodeWorkspace/UGV-Robot/ros2_humble_colcon_ws/install/moveit_resources_panda_moveit_config:/home/jstefan1/CodeWorkspace/UGV-Robot/ros2_humble_colcon_ws/install/moveit_resources_panda_description:/home/jstefan1/CodeWorkspace/UGV-Robot/ros2_humble_colcon_ws/install/moveit_resources_fanuc_moveit_config:/home/jstefan1/CodeWorkspace/UGV-Robot/ros2_humble_colcon_ws/install/moveit_resources_fanuc_description:/home/jstefan1/CodeWorkspace/UGV-Robot/ros2_humble_colcon_ws/install/moveit_common:/home/jstefan1/CodeWorkspace/UGV-Robot/ros2_humble_colcon_ws/install/launch_param_builder:/opt/ros/humble CMAKE_PREFIX_PATH=${CMAKE_PREFIX_PATH}:/home/jstefan1/CodeWorkspace/UGV-Robot/ros2_humble_colcon_ws/install/moveit_configs_utils:/home/jstefan1/CodeWorkspace/UGV-Robot/ros2_humble_colcon_ws/install/py_pub_sub:/home/jstefan1/CodeWorkspace/UGV-Robot/ros2_humble_colcon_ws/install/launch_param_builder:/opt/ros/humble PYTHONPATH=/home/jstefan1/CodeWorkspace/UGV-Robot/ros2_humble_colcon_ws/install/py_pub_sub/lib/python3.10/site-packages:/home/jstefan1/CodeWorkspace/UGV-Robot/ros2_humble_colcon_ws/install/moveit_task_constructor_core/local/lib/python3.10/dist-packages:/home/jstefan1/CodeWorkspace/UGV-Robot/ros2_humble_colcon_ws/install/moveit_configs_utils/lib/python3.10/site-packages:/home/jstefan1/CodeWorkspace/UGV-Robot/ros2_humble_colcon_ws/install/srdfdom/local/lib/python3.10/dist-packages:/home/jstefan1/CodeWorkspace/UGV-Robot/ros2_humble_colcon_ws/install/moveit_task_constructor_msgs/local/lib/python3.10/dist-packages:/home/jstefan1/CodeWorkspace/UGV-Robot/ros2_humble_colcon_ws/install/launch_param_builder/lib/python3.10/site-packages:/opt/ros/humble/lib/python3.10/site-packages:/opt/ros/humble/local/lib/python3.10/dist-packages /usr/bin/cmake /home/jstefan1/CodeWorkspace/UGV-Robot/ros2_humble_colcon_ws/src/app_bringup -DCMAKE_INSTALL_PREFIX=/home/jstefan1/CodeWorkspace/UGV-Robot/ros2_humble_colcon_ws/install/app_bringup
[2.982s] DEBUG:colcon.colcon_core.event_handler.log_command:Invoked command in '/home/jstefan1/CodeWorkspace/UGV-Robot/ros2_humble_colcon_ws/build/app_bringup' returned '0': AMENT_PREFIX_PATH=/home/jstefan1/CodeWorkspace/UGV-Robot/ros2_humble_colcon_ws/install/py_pub_sub:/home/jstefan1/CodeWorkspace/UGV-Robot/ros2_humble_colcon_ws/install/pilz_industrial_motion_planner_testutils:/home/jstefan1/CodeWorkspace/UGV-Robot/ros2_humble_colcon_ws/install/moveit_runtime:/home/jstefan1/CodeWorkspace/UGV-Robot/ros2_humble_colcon_ws/install/moveit2_tutorials:/home/jstefan1/CodeWorkspace/UGV-Robot/ros2_humble_colcon_ws/install/moveit:/home/jstefan1/CodeWorkspace/UGV-Robot/ros2_humble_colcon_ws/install/moveit_planners:/home/jstefan1/CodeWorkspace/UGV-Robot/ros2_humble_colcon_ws/install/pilz_industrial_motion_planner:/home/jstefan1/CodeWorkspace/UGV-Robot/ros2_humble_colcon_ws/install/moveit_visual_tools:/home/jstefan1/CodeWorkspace/UGV-Robot/ros2_humble_colcon_ws/install/moveit_task_constructor_visualization:/home/jstefan1/CodeWorkspace/UGV-Robot/ros2_humble_colcon_ws/install/moveit_task_constructor_demo:/home/jstefan1/CodeWorkspace/UGV-Robot/ros2_humble_colcon_ws/install/moveit_task_constructor_capabilities:/home/jstefan1/CodeWorkspace/UGV-Robot/ros2_humble_colcon_ws/install/moveit_task_constructor_core:/home/jstefan1/CodeWorkspace/UGV-Robot/ros2_humble_colcon_ws/install/moveit_ros_control_interface:/home/jstefan1/CodeWorkspace/UGV-Robot/ros2_humble_colcon_ws/install/moveit_plugins:/home/jstefan1/CodeWorkspace/UGV-Robot/ros2_humble_colcon_ws/install/moveit_simple_controller_manager:/home/jstefan1/CodeWorkspace/UGV-Robot/ros2_humble_colcon_ws/install/moveit_setup_assistant:/home/jstefan1/CodeWorkspace/UGV-Robot/ros2_humble_colcon_ws/install/moveit_setup_srdf_plugins:/home/jstefan1/CodeWorkspace/UGV-Robot/ros2_humble_colcon_ws/install/moveit_setup_core_plugins:/home/jstefan1/CodeWorkspace/UGV-Robot/ros2_humble_colcon_ws/install/moveit_setup_controllers:/home/jstefan1/CodeWorkspace/UGV-Robot/ros2_humble_colcon_ws/install/moveit_setup_app_plugins:/home/jstefan1/CodeWorkspace/UGV-Robot/ros2_humble_colcon_ws/install/moveit_setup_framework:/home/jstefan1/CodeWorkspace/UGV-Robot/ros2_humble_colcon_ws/install/moveit_servo:/home/jstefan1/CodeWorkspace/UGV-Robot/ros2_humble_colcon_ws/install/moveit_ros:/home/jstefan1/CodeWorkspace/UGV-Robot/ros2_humble_colcon_ws/install/moveit_ros_visualization:/home/jstefan1/CodeWorkspace/UGV-Robot/ros2_humble_colcon_ws/install/moveit_hybrid_planning:/home/jstefan1/CodeWorkspace/UGV-Robot/ros2_humble_colcon_ws/install/moveit_ros_planning_interface:/home/jstefan1/CodeWorkspace/UGV-Robot/ros2_humble_colcon_ws/install/moveit_ros_benchmarks:/home/jstefan1/CodeWorkspace/UGV-Robot/ros2_humble_colcon_ws/install/moveit_ros_warehouse:/home/jstefan1/CodeWorkspace/UGV-Robot/ros2_humble_colcon_ws/install/moveit_ros_robot_interaction:/home/jstefan1/CodeWorkspace/UGV-Robot/ros2_humble_colcon_ws/install/moveit_ros_perception:/home/jstefan1/CodeWorkspace/UGV-Robot/ros2_humble_colcon_ws/install/moveit_resources_prbt_pg70_support:/home/jstefan1/CodeWorkspace/UGV-Robot/ros2_humble_colcon_ws/install/moveit_resources_prbt_moveit_config:/home/jstefan1/CodeWorkspace/UGV-Robot/ros2_humble_colcon_ws/install/moveit_ros_move_group:/home/jstefan1/CodeWorkspace/UGV-Robot/ros2_humble_colcon_ws/install/moveit_planners_ompl:/home/jstefan1/CodeWorkspace/UGV-Robot/ros2_humble_colcon_ws/install/moveit_ros_planning:/home/jstefan1/CodeWorkspace/UGV-Robot/ros2_humble_colcon_ws/install/moveit_ros_occupancy_map_monitor:/home/jstefan1/CodeWorkspace/UGV-Robot/ros2_humble_colcon_ws/install/moveit_resources_prbt_ikfast_manipulator_plugin:/home/jstefan1/CodeWorkspace/UGV-Robot/ros2_humble_colcon_ws/install/moveit_planners_chomp:/home/jstefan1/CodeWorkspace/UGV-Robot/ros2_humble_colcon_ws/install/moveit_kinematics:/home/jstefan1/CodeWorkspace/UGV-Robot/ros2_humble_colcon_ws/install/moveit_chomp_optimizer_adapter:/home/jstefan1/CodeWorkspace/UGV-Robot/ros2_humble_colcon_ws/install/chomp_motion_planner:/home/jstefan1/CodeWorkspace/UGV-Robot/ros2_humble_colcon_ws/install/moveit_core:/home/jstefan1/CodeWorkspace/UGV-Robot/ros2_humble_colcon_ws/install/moveit_configs_utils:/home/jstefan1/CodeWorkspace/UGV-Robot/ros2_humble_colcon_ws/install/srdfdom:/home/jstefan1/CodeWorkspace/UGV-Robot/ros2_humble_colcon_ws/install/rviz_marker_tools:/home/jstefan1/CodeWorkspace/UGV-Robot/ros2_humble_colcon_ws/install/rosparam_shortcuts:/home/jstefan1/CodeWorkspace/UGV-Robot/ros2_humble_colcon_ws/install/app_bringup:/home/jstefan1/CodeWorkspace/UGV-Robot/ros2_humble_colcon_ws/install/moveit_task_constructor_msgs:/home/jstefan1/CodeWorkspace/UGV-Robot/ros2_humble_colcon_ws/install/moveit_resources_prbt_support:/home/jstefan1/CodeWorkspace/UGV-Robot/ros2_humble_colcon_ws/install/moveit_resources:/home/jstefan1/CodeWorkspace/UGV-Robot/ros2_humble_colcon_ws/install/moveit_resources_pr2_description:/home/jstefan1/CodeWorkspace/UGV-Robot/ros2_humble_colcon_ws/install/moveit_resources_panda_moveit_config:/home/jstefan1/CodeWorkspace/UGV-Robot/ros2_humble_colcon_ws/install/moveit_resources_panda_description:/home/jstefan1/CodeWorkspace/UGV-Robot/ros2_humble_colcon_ws/install/moveit_resources_fanuc_moveit_config:/home/jstefan1/CodeWorkspace/UGV-Robot/ros2_humble_colcon_ws/install/moveit_resources_fanuc_description:/home/jstefan1/CodeWorkspace/UGV-Robot/ros2_humble_colcon_ws/install/moveit_common:/home/jstefan1/CodeWorkspace/UGV-Robot/ros2_humble_colcon_ws/install/launch_param_builder:/opt/ros/humble CMAKE_PREFIX_PATH=${CMAKE_PREFIX_PATH}:/home/jstefan1/CodeWorkspace/UGV-Robot/ros2_humble_colcon_ws/install/moveit_configs_utils:/home/jstefan1/CodeWorkspace/UGV-Robot/ros2_humble_colcon_ws/install/py_pub_sub:/home/jstefan1/CodeWorkspace/UGV-Robot/ros2_humble_colcon_ws/install/launch_param_builder:/opt/ros/humble PYTHONPATH=/home/jstefan1/CodeWorkspace/UGV-Robot/ros2_humble_colcon_ws/install/py_pub_sub/lib/python3.10/site-packages:/home/jstefan1/CodeWorkspace/UGV-Robot/ros2_humble_colcon_ws/install/moveit_task_constructor_core/local/lib/python3.10/dist-packages:/home/jstefan1/CodeWorkspace/UGV-Robot/ros2_humble_colcon_ws/install/moveit_configs_utils/lib/python3.10/site-packages:/home/jstefan1/CodeWorkspace/UGV-Robot/ros2_humble_colcon_ws/install/srdfdom/local/lib/python3.10/dist-packages:/home/jstefan1/CodeWorkspace/UGV-Robot/ros2_humble_colcon_ws/install/moveit_task_constructor_msgs/local/lib/python3.10/dist-packages:/home/jstefan1/CodeWorkspace/UGV-Robot/ros2_humble_colcon_ws/install/launch_param_builder/lib/python3.10/site-packages:/opt/ros/humble/lib/python3.10/site-packages:/opt/ros/humble/local/lib/python3.10/dist-packages /usr/bin/cmake /home/jstefan1/CodeWorkspace/UGV-Robot/ros2_humble_colcon_ws/src/app_bringup -DCMAKE_INSTALL_PREFIX=/home/jstefan1/CodeWorkspace/UGV-Robot/ros2_humble_colcon_ws/install/app_bringup
[2.982s] DEBUG:colcon.colcon_core.event_handler.log_command:Invoking command in '/home/jstefan1/CodeWorkspace/UGV-Robot/ros2_humble_colcon_ws/build/app_bringup': AMENT_PREFIX_PATH=/home/jstefan1/CodeWorkspace/UGV-Robot/ros2_humble_colcon_ws/install/py_pub_sub:/home/jstefan1/CodeWorkspace/UGV-Robot/ros2_humble_colcon_ws/install/pilz_industrial_motion_planner_testutils:/home/jstefan1/CodeWorkspace/UGV-Robot/ros2_humble_colcon_ws/install/moveit_runtime:/home/jstefan1/CodeWorkspace/UGV-Robot/ros2_humble_colcon_ws/install/moveit2_tutorials:/home/jstefan1/CodeWorkspace/UGV-Robot/ros2_humble_colcon_ws/install/moveit:/home/jstefan1/CodeWorkspace/UGV-Robot/ros2_humble_colcon_ws/install/moveit_planners:/home/jstefan1/CodeWorkspace/UGV-Robot/ros2_humble_colcon_ws/install/pilz_industrial_motion_planner:/home/jstefan1/CodeWorkspace/UGV-Robot/ros2_humble_colcon_ws/install/moveit_visual_tools:/home/jstefan1/CodeWorkspace/UGV-Robot/ros2_humble_colcon_ws/install/moveit_task_constructor_visualization:/home/jstefan1/CodeWorkspace/UGV-Robot/ros2_humble_colcon_ws/install/moveit_task_constructor_demo:/home/jstefan1/CodeWorkspace/UGV-Robot/ros2_humble_colcon_ws/install/moveit_task_constructor_capabilities:/home/jstefan1/CodeWorkspace/UGV-Robot/ros2_humble_colcon_ws/install/moveit_task_constructor_core:/home/jstefan1/CodeWorkspace/UGV-Robot/ros2_humble_colcon_ws/install/moveit_ros_control_interface:/home/jstefan1/CodeWorkspace/UGV-Robot/ros2_humble_colcon_ws/install/moveit_plugins:/home/jstefan1/CodeWorkspace/UGV-Robot/ros2_humble_colcon_ws/install/moveit_simple_controller_manager:/home/jstefan1/CodeWorkspace/UGV-Robot/ros2_humble_colcon_ws/install/moveit_setup_assistant:/home/jstefan1/CodeWorkspace/UGV-Robot/ros2_humble_colcon_ws/install/moveit_setup_srdf_plugins:/home/jstefan1/CodeWorkspace/UGV-Robot/ros2_humble_colcon_ws/install/moveit_setup_core_plugins:/home/jstefan1/CodeWorkspace/UGV-Robot/ros2_humble_colcon_ws/install/moveit_setup_controllers:/home/jstefan1/CodeWorkspace/UGV-Robot/ros2_humble_colcon_ws/install/moveit_setup_app_plugins:/home/jstefan1/CodeWorkspace/UGV-Robot/ros2_humble_colcon_ws/install/moveit_setup_framework:/home/jstefan1/CodeWorkspace/UGV-Robot/ros2_humble_colcon_ws/install/moveit_servo:/home/jstefan1/CodeWorkspace/UGV-Robot/ros2_humble_colcon_ws/install/moveit_ros:/home/jstefan1/CodeWorkspace/UGV-Robot/ros2_humble_colcon_ws/install/moveit_ros_visualization:/home/jstefan1/CodeWorkspace/UGV-Robot/ros2_humble_colcon_ws/install/moveit_hybrid_planning:/home/jstefan1/CodeWorkspace/UGV-Robot/ros2_humble_colcon_ws/install/moveit_ros_planning_interface:/home/jstefan1/CodeWorkspace/UGV-Robot/ros2_humble_colcon_ws/install/moveit_ros_benchmarks:/home/jstefan1/CodeWorkspace/UGV-Robot/ros2_humble_colcon_ws/install/moveit_ros_warehouse:/home/jstefan1/CodeWorkspace/UGV-Robot/ros2_humble_colcon_ws/install/moveit_ros_robot_interaction:/home/jstefan1/CodeWorkspace/UGV-Robot/ros2_humble_colcon_ws/install/moveit_ros_perception:/home/jstefan1/CodeWorkspace/UGV-Robot/ros2_humble_colcon_ws/install/moveit_resources_prbt_pg70_support:/home/jstefan1/CodeWorkspace/UGV-Robot/ros2_humble_colcon_ws/install/moveit_resources_prbt_moveit_config:/home/jstefan1/CodeWorkspace/UGV-Robot/ros2_humble_colcon_ws/install/moveit_ros_move_group:/home/jstefan1/CodeWorkspace/UGV-Robot/ros2_humble_colcon_ws/install/moveit_planners_ompl:/home/jstefan1/CodeWorkspace/UGV-Robot/ros2_humble_colcon_ws/install/moveit_ros_planning:/home/jstefan1/CodeWorkspace/UGV-Robot/ros2_humble_colcon_ws/install/moveit_ros_occupancy_map_monitor:/home/jstefan1/CodeWorkspace/UGV-Robot/ros2_humble_colcon_ws/install/moveit_resources_prbt_ikfast_manipulator_plugin:/home/jstefan1/CodeWorkspace/UGV-Robot/ros2_humble_colcon_ws/install/moveit_planners_chomp:/home/jstefan1/CodeWorkspace/UGV-Robot/ros2_humble_colcon_ws/install/moveit_kinematics:/home/jstefan1/CodeWorkspace/UGV-Robot/ros2_humble_colcon_ws/install/moveit_chomp_optimizer_adapter:/home/jstefan1/CodeWorkspace/UGV-Robot/ros2_humble_colcon_ws/install/chomp_motion_planner:/home/jstefan1/CodeWorkspace/UGV-Robot/ros2_humble_colcon_ws/install/moveit_core:/home/jstefan1/CodeWorkspace/UGV-Robot/ros2_humble_colcon_ws/install/moveit_configs_utils:/home/jstefan1/CodeWorkspace/UGV-Robot/ros2_humble_colcon_ws/install/srdfdom:/home/jstefan1/CodeWorkspace/UGV-Robot/ros2_humble_colcon_ws/install/rviz_marker_tools:/home/jstefan1/CodeWorkspace/UGV-Robot/ros2_humble_colcon_ws/install/rosparam_shortcuts:/home/jstefan1/CodeWorkspace/UGV-Robot/ros2_humble_colcon_ws/install/app_bringup:/home/jstefan1/CodeWorkspace/UGV-Robot/ros2_humble_colcon_ws/install/moveit_task_constructor_msgs:/home/jstefan1/CodeWorkspace/UGV-Robot/ros2_humble_colcon_ws/install/moveit_resources_prbt_support:/home/jstefan1/CodeWorkspace/UGV-Robot/ros2_humble_colcon_ws/install/moveit_resources:/home/jstefan1/CodeWorkspace/UGV-Robot/ros2_humble_colcon_ws/install/moveit_resources_pr2_description:/home/jstefan1/CodeWorkspace/UGV-Robot/ros2_humble_colcon_ws/install/moveit_resources_panda_moveit_config:/home/jstefan1/CodeWorkspace/UGV-Robot/ros2_humble_colcon_ws/install/moveit_resources_panda_description:/home/jstefan1/CodeWorkspace/UGV-Robot/ros2_humble_colcon_ws/install/moveit_resources_fanuc_moveit_config:/home/jstefan1/CodeWorkspace/UGV-Robot/ros2_humble_colcon_ws/install/moveit_resources_fanuc_description:/home/jstefan1/CodeWorkspace/UGV-Robot/ros2_humble_colcon_ws/install/moveit_common:/home/jstefan1/CodeWorkspace/UGV-Robot/ros2_humble_colcon_ws/install/launch_param_builder:/opt/ros/humble CMAKE_PREFIX_PATH=${CMAKE_PREFIX_PATH}:/home/jstefan1/CodeWorkspace/UGV-Robot/ros2_humble_colcon_ws/install/moveit_configs_utils:/home/jstefan1/CodeWorkspace/UGV-Robot/ros2_humble_colcon_ws/install/py_pub_sub:/home/jstefan1/CodeWorkspace/UGV-Robot/ros2_humble_colcon_ws/install/launch_param_builder:/opt/ros/humble PYTHONPATH=/home/jstefan1/CodeWorkspace/UGV-Robot/ros2_humble_colcon_ws/install/py_pub_sub/lib/python3.10/site-packages:/home/jstefan1/CodeWorkspace/UGV-Robot/ros2_humble_colcon_ws/install/moveit_task_constructor_core/local/lib/python3.10/dist-packages:/home/jstefan1/CodeWorkspace/UGV-Robot/ros2_humble_colcon_ws/install/moveit_configs_utils/lib/python3.10/site-packages:/home/jstefan1/CodeWorkspace/UGV-Robot/ros2_humble_colcon_ws/install/srdfdom/local/lib/python3.10/dist-packages:/home/jstefan1/CodeWorkspace/UGV-Robot/ros2_humble_colcon_ws/install/moveit_task_constructor_msgs/local/lib/python3.10/dist-packages:/home/jstefan1/CodeWorkspace/UGV-Robot/ros2_humble_colcon_ws/install/launch_param_builder/lib/python3.10/site-packages:/opt/ros/humble/lib/python3.10/site-packages:/opt/ros/humble/local/lib/python3.10/dist-packages /usr/bin/cmake --build /home/jstefan1/CodeWorkspace/UGV-Robot/ros2_humble_colcon_ws/build/app_bringup -- -j4 -l4
[3.030s] DEBUG:colcon.colcon_core.event_handler.log_command:Invoked command in '/home/jstefan1/CodeWorkspace/UGV-Robot/ros2_humble_colcon_ws/build/app_bringup' returned '0': AMENT_PREFIX_PATH=/home/jstefan1/CodeWorkspace/UGV-Robot/ros2_humble_colcon_ws/install/py_pub_sub:/home/jstefan1/CodeWorkspace/UGV-Robot/ros2_humble_colcon_ws/install/pilz_industrial_motion_planner_testutils:/home/jstefan1/CodeWorkspace/UGV-Robot/ros2_humble_colcon_ws/install/moveit_runtime:/home/jstefan1/CodeWorkspace/UGV-Robot/ros2_humble_colcon_ws/install/moveit2_tutorials:/home/jstefan1/CodeWorkspace/UGV-Robot/ros2_humble_colcon_ws/install/moveit:/home/jstefan1/CodeWorkspace/UGV-Robot/ros2_humble_colcon_ws/install/moveit_planners:/home/jstefan1/CodeWorkspace/UGV-Robot/ros2_humble_colcon_ws/install/pilz_industrial_motion_planner:/home/jstefan1/CodeWorkspace/UGV-Robot/ros2_humble_colcon_ws/install/moveit_visual_tools:/home/jstefan1/CodeWorkspace/UGV-Robot/ros2_humble_colcon_ws/install/moveit_task_constructor_visualization:/home/jstefan1/CodeWorkspace/UGV-Robot/ros2_humble_colcon_ws/install/moveit_task_constructor_demo:/home/jstefan1/CodeWorkspace/UGV-Robot/ros2_humble_colcon_ws/install/moveit_task_constructor_capabilities:/home/jstefan1/CodeWorkspace/UGV-Robot/ros2_humble_colcon_ws/install/moveit_task_constructor_core:/home/jstefan1/CodeWorkspace/UGV-Robot/ros2_humble_colcon_ws/install/moveit_ros_control_interface:/home/jstefan1/CodeWorkspace/UGV-Robot/ros2_humble_colcon_ws/install/moveit_plugins:/home/jstefan1/CodeWorkspace/UGV-Robot/ros2_humble_colcon_ws/install/moveit_simple_controller_manager:/home/jstefan1/CodeWorkspace/UGV-Robot/ros2_humble_colcon_ws/install/moveit_setup_assistant:/home/jstefan1/CodeWorkspace/UGV-Robot/ros2_humble_colcon_ws/install/moveit_setup_srdf_plugins:/home/jstefan1/CodeWorkspace/UGV-Robot/ros2_humble_colcon_ws/install/moveit_setup_core_plugins:/home/jstefan1/CodeWorkspace/UGV-Robot/ros2_humble_colcon_ws/install/moveit_setup_controllers:/home/jstefan1/CodeWorkspace/UGV-Robot/ros2_humble_colcon_ws/install/moveit_setup_app_plugins:/home/jstefan1/CodeWorkspace/UGV-Robot/ros2_humble_colcon_ws/install/moveit_setup_framework:/home/jstefan1/CodeWorkspace/UGV-Robot/ros2_humble_colcon_ws/install/moveit_servo:/home/jstefan1/CodeWorkspace/UGV-Robot/ros2_humble_colcon_ws/install/moveit_ros:/home/jstefan1/CodeWorkspace/UGV-Robot/ros2_humble_colcon_ws/install/moveit_ros_visualization:/home/jstefan1/CodeWorkspace/UGV-Robot/ros2_humble_colcon_ws/install/moveit_hybrid_planning:/home/jstefan1/CodeWorkspace/UGV-Robot/ros2_humble_colcon_ws/install/moveit_ros_planning_interface:/home/jstefan1/CodeWorkspace/UGV-Robot/ros2_humble_colcon_ws/install/moveit_ros_benchmarks:/home/jstefan1/CodeWorkspace/UGV-Robot/ros2_humble_colcon_ws/install/moveit_ros_warehouse:/home/jstefan1/CodeWorkspace/UGV-Robot/ros2_humble_colcon_ws/install/moveit_ros_robot_interaction:/home/jstefan1/CodeWorkspace/UGV-Robot/ros2_humble_colcon_ws/install/moveit_ros_perception:/home/jstefan1/CodeWorkspace/UGV-Robot/ros2_humble_colcon_ws/install/moveit_resources_prbt_pg70_support:/home/jstefan1/CodeWorkspace/UGV-Robot/ros2_humble_colcon_ws/install/moveit_resources_prbt_moveit_config:/home/jstefan1/CodeWorkspace/UGV-Robot/ros2_humble_colcon_ws/install/moveit_ros_move_group:/home/jstefan1/CodeWorkspace/UGV-Robot/ros2_humble_colcon_ws/install/moveit_planners_ompl:/home/jstefan1/CodeWorkspace/UGV-Robot/ros2_humble_colcon_ws/install/moveit_ros_planning:/home/jstefan1/CodeWorkspace/UGV-Robot/ros2_humble_colcon_ws/install/moveit_ros_occupancy_map_monitor:/home/jstefan1/CodeWorkspace/UGV-Robot/ros2_humble_colcon_ws/install/moveit_resources_prbt_ikfast_manipulator_plugin:/home/jstefan1/CodeWorkspace/UGV-Robot/ros2_humble_colcon_ws/install/moveit_planners_chomp:/home/jstefan1/CodeWorkspace/UGV-Robot/ros2_humble_colcon_ws/install/moveit_kinematics:/home/jstefan1/CodeWorkspace/UGV-Robot/ros2_humble_colcon_ws/install/moveit_chomp_optimizer_adapter:/home/jstefan1/CodeWorkspace/UGV-Robot/ros2_humble_colcon_ws/install/chomp_motion_planner:/home/jstefan1/CodeWorkspace/UGV-Robot/ros2_humble_colcon_ws/install/moveit_core:/home/jstefan1/CodeWorkspace/UGV-Robot/ros2_humble_colcon_ws/install/moveit_configs_utils:/home/jstefan1/CodeWorkspace/UGV-Robot/ros2_humble_colcon_ws/install/srdfdom:/home/jstefan1/CodeWorkspace/UGV-Robot/ros2_humble_colcon_ws/install/rviz_marker_tools:/home/jstefan1/CodeWorkspace/UGV-Robot/ros2_humble_colcon_ws/install/rosparam_shortcuts:/home/jstefan1/CodeWorkspace/UGV-Robot/ros2_humble_colcon_ws/install/app_bringup:/home/jstefan1/CodeWorkspace/UGV-Robot/ros2_humble_colcon_ws/install/moveit_task_constructor_msgs:/home/jstefan1/CodeWorkspace/UGV-Robot/ros2_humble_colcon_ws/install/moveit_resources_prbt_support:/home/jstefan1/CodeWorkspace/UGV-Robot/ros2_humble_colcon_ws/install/moveit_resources:/home/jstefan1/CodeWorkspace/UGV-Robot/ros2_humble_colcon_ws/install/moveit_resources_pr2_description:/home/jstefan1/CodeWorkspace/UGV-Robot/ros2_humble_colcon_ws/install/moveit_resources_panda_moveit_config:/home/jstefan1/CodeWorkspace/UGV-Robot/ros2_humble_colcon_ws/install/moveit_resources_panda_description:/home/jstefan1/CodeWorkspace/UGV-Robot/ros2_humble_colcon_ws/install/moveit_resources_fanuc_moveit_config:/home/jstefan1/CodeWorkspace/UGV-Robot/ros2_humble_colcon_ws/install/moveit_resources_fanuc_description:/home/jstefan1/CodeWorkspace/UGV-Robot/ros2_humble_colcon_ws/install/moveit_common:/home/jstefan1/CodeWorkspace/UGV-Robot/ros2_humble_colcon_ws/install/launch_param_builder:/opt/ros/humble CMAKE_PREFIX_PATH=${CMAKE_PREFIX_PATH}:/home/jstefan1/CodeWorkspace/UGV-Robot/ros2_humble_colcon_ws/install/moveit_configs_utils:/home/jstefan1/CodeWorkspace/UGV-Robot/ros2_humble_colcon_ws/install/py_pub_sub:/home/jstefan1/CodeWorkspace/UGV-Robot/ros2_humble_colcon_ws/install/launch_param_builder:/opt/ros/humble PYTHONPATH=/home/jstefan1/CodeWorkspace/UGV-Robot/ros2_humble_colcon_ws/install/py_pub_sub/lib/python3.10/site-packages:/home/jstefan1/CodeWorkspace/UGV-Robot/ros2_humble_colcon_ws/install/moveit_task_constructor_core/local/lib/python3.10/dist-packages:/home/jstefan1/CodeWorkspace/UGV-Robot/ros2_humble_colcon_ws/install/moveit_configs_utils/lib/python3.10/site-packages:/home/jstefan1/CodeWorkspace/UGV-Robot/ros2_humble_colcon_ws/install/srdfdom/local/lib/python3.10/dist-packages:/home/jstefan1/CodeWorkspace/UGV-Robot/ros2_humble_colcon_ws/install/moveit_task_constructor_msgs/local/lib/python3.10/dist-packages:/home/jstefan1/CodeWorkspace/UGV-Robot/ros2_humble_colcon_ws/install/launch_param_builder/lib/python3.10/site-packages:/opt/ros/humble/lib/python3.10/site-packages:/opt/ros/humble/local/lib/python3.10/dist-packages /usr/bin/cmake --build /home/jstefan1/CodeWorkspace/UGV-Robot/ros2_humble_colcon_ws/build/app_bringup -- -j4 -l4
[3.046s] DEBUG:colcon.colcon_core.event_handler.log_command:Invoking command in '/home/jstefan1/CodeWorkspace/UGV-Robot/ros2_humble_colcon_ws/build/app_bringup': AMENT_PREFIX_PATH=/home/jstefan1/CodeWorkspace/UGV-Robot/ros2_humble_colcon_ws/install/py_pub_sub:/home/jstefan1/CodeWorkspace/UGV-Robot/ros2_humble_colcon_ws/install/pilz_industrial_motion_planner_testutils:/home/jstefan1/CodeWorkspace/UGV-Robot/ros2_humble_colcon_ws/install/moveit_runtime:/home/jstefan1/CodeWorkspace/UGV-Robot/ros2_humble_colcon_ws/install/moveit2_tutorials:/home/jstefan1/CodeWorkspace/UGV-Robot/ros2_humble_colcon_ws/install/moveit:/home/jstefan1/CodeWorkspace/UGV-Robot/ros2_humble_colcon_ws/install/moveit_planners:/home/jstefan1/CodeWorkspace/UGV-Robot/ros2_humble_colcon_ws/install/pilz_industrial_motion_planner:/home/jstefan1/CodeWorkspace/UGV-Robot/ros2_humble_colcon_ws/install/moveit_visual_tools:/home/jstefan1/CodeWorkspace/UGV-Robot/ros2_humble_colcon_ws/install/moveit_task_constructor_visualization:/home/jstefan1/CodeWorkspace/UGV-Robot/ros2_humble_colcon_ws/install/moveit_task_constructor_demo:/home/jstefan1/CodeWorkspace/UGV-Robot/ros2_humble_colcon_ws/install/moveit_task_constructor_capabilities:/home/jstefan1/CodeWorkspace/UGV-Robot/ros2_humble_colcon_ws/install/moveit_task_constructor_core:/home/jstefan1/CodeWorkspace/UGV-Robot/ros2_humble_colcon_ws/install/moveit_ros_control_interface:/home/jstefan1/CodeWorkspace/UGV-Robot/ros2_humble_colcon_ws/install/moveit_plugins:/home/jstefan1/CodeWorkspace/UGV-Robot/ros2_humble_colcon_ws/install/moveit_simple_controller_manager:/home/jstefan1/CodeWorkspace/UGV-Robot/ros2_humble_colcon_ws/install/moveit_setup_assistant:/home/jstefan1/CodeWorkspace/UGV-Robot/ros2_humble_colcon_ws/install/moveit_setup_srdf_plugins:/home/jstefan1/CodeWorkspace/UGV-Robot/ros2_humble_colcon_ws/install/moveit_setup_core_plugins:/home/jstefan1/CodeWorkspace/UGV-Robot/ros2_humble_colcon_ws/install/moveit_setup_controllers:/home/jstefan1/CodeWorkspace/UGV-Robot/ros2_humble_colcon_ws/install/moveit_setup_app_plugins:/home/jstefan1/CodeWorkspace/UGV-Robot/ros2_humble_colcon_ws/install/moveit_setup_framework:/home/jstefan1/CodeWorkspace/UGV-Robot/ros2_humble_colcon_ws/install/moveit_servo:/home/jstefan1/CodeWorkspace/UGV-Robot/ros2_humble_colcon_ws/install/moveit_ros:/home/jstefan1/CodeWorkspace/UGV-Robot/ros2_humble_colcon_ws/install/moveit_ros_visualization:/home/jstefan1/CodeWorkspace/UGV-Robot/ros2_humble_colcon_ws/install/moveit_hybrid_planning:/home/jstefan1/CodeWorkspace/UGV-Robot/ros2_humble_colcon_ws/install/moveit_ros_planning_interface:/home/jstefan1/CodeWorkspace/UGV-Robot/ros2_humble_colcon_ws/install/moveit_ros_benchmarks:/home/jstefan1/CodeWorkspace/UGV-Robot/ros2_humble_colcon_ws/install/moveit_ros_warehouse:/home/jstefan1/CodeWorkspace/UGV-Robot/ros2_humble_colcon_ws/install/moveit_ros_robot_interaction:/home/jstefan1/CodeWorkspace/UGV-Robot/ros2_humble_colcon_ws/install/moveit_ros_perception:/home/jstefan1/CodeWorkspace/UGV-Robot/ros2_humble_colcon_ws/install/moveit_resources_prbt_pg70_support:/home/jstefan1/CodeWorkspace/UGV-Robot/ros2_humble_colcon_ws/install/moveit_resources_prbt_moveit_config:/home/jstefan1/CodeWorkspace/UGV-Robot/ros2_humble_colcon_ws/install/moveit_ros_move_group:/home/jstefan1/CodeWorkspace/UGV-Robot/ros2_humble_colcon_ws/install/moveit_planners_ompl:/home/jstefan1/CodeWorkspace/UGV-Robot/ros2_humble_colcon_ws/install/moveit_ros_planning:/home/jstefan1/CodeWorkspace/UGV-Robot/ros2_humble_colcon_ws/install/moveit_ros_occupancy_map_monitor:/home/jstefan1/CodeWorkspace/UGV-Robot/ros2_humble_colcon_ws/install/moveit_resources_prbt_ikfast_manipulator_plugin:/home/jstefan1/CodeWorkspace/UGV-Robot/ros2_humble_colcon_ws/install/moveit_planners_chomp:/home/jstefan1/CodeWorkspace/UGV-Robot/ros2_humble_colcon_ws/install/moveit_kinematics:/home/jstefan1/CodeWorkspace/UGV-Robot/ros2_humble_colcon_ws/install/moveit_chomp_optimizer_adapter:/home/jstefan1/CodeWorkspace/UGV-Robot/ros2_humble_colcon_ws/install/chomp_motion_planner:/home/jstefan1/CodeWorkspace/UGV-Robot/ros2_humble_colcon_ws/install/moveit_core:/home/jstefan1/CodeWorkspace/UGV-Robot/ros2_humble_colcon_ws/install/moveit_configs_utils:/home/jstefan1/CodeWorkspace/UGV-Robot/ros2_humble_colcon_ws/install/srdfdom:/home/jstefan1/CodeWorkspace/UGV-Robot/ros2_humble_colcon_ws/install/rviz_marker_tools:/home/jstefan1/CodeWorkspace/UGV-Robot/ros2_humble_colcon_ws/install/rosparam_shortcuts:/home/jstefan1/CodeWorkspace/UGV-Robot/ros2_humble_colcon_ws/install/app_bringup:/home/jstefan1/CodeWorkspace/UGV-Robot/ros2_humble_colcon_ws/install/moveit_task_constructor_msgs:/home/jstefan1/CodeWorkspace/UGV-Robot/ros2_humble_colcon_ws/install/moveit_resources_prbt_support:/home/jstefan1/CodeWorkspace/UGV-Robot/ros2_humble_colcon_ws/install/moveit_resources:/home/jstefan1/CodeWorkspace/UGV-Robot/ros2_humble_colcon_ws/install/moveit_resources_pr2_description:/home/jstefan1/CodeWorkspace/UGV-Robot/ros2_humble_colcon_ws/install/moveit_resources_panda_moveit_config:/home/jstefan1/CodeWorkspace/UGV-Robot/ros2_humble_colcon_ws/install/moveit_resources_panda_description:/home/jstefan1/CodeWorkspace/UGV-Robot/ros2_humble_colcon_ws/install/moveit_resources_fanuc_moveit_config:/home/jstefan1/CodeWorkspace/UGV-Robot/ros2_humble_colcon_ws/install/moveit_resources_fanuc_description:/home/jstefan1/CodeWorkspace/UGV-Robot/ros2_humble_colcon_ws/install/moveit_common:/home/jstefan1/CodeWorkspace/UGV-Robot/ros2_humble_colcon_ws/install/launch_param_builder:/opt/ros/humble CMAKE_PREFIX_PATH=${CMAKE_PREFIX_PATH}:/home/jstefan1/CodeWorkspace/UGV-Robot/ros2_humble_colcon_ws/install/moveit_configs_utils:/home/jstefan1/CodeWorkspace/UGV-Robot/ros2_humble_colcon_ws/install/py_pub_sub:/home/jstefan1/CodeWorkspace/UGV-Robot/ros2_humble_colcon_ws/install/launch_param_builder:/opt/ros/humble PYTHONPATH=/home/jstefan1/CodeWorkspace/UGV-Robot/ros2_humble_colcon_ws/install/py_pub_sub/lib/python3.10/site-packages:/home/jstefan1/CodeWorkspace/UGV-Robot/ros2_humble_colcon_ws/install/moveit_task_constructor_core/local/lib/python3.10/dist-packages:/home/jstefan1/CodeWorkspace/UGV-Robot/ros2_humble_colcon_ws/install/moveit_configs_utils/lib/python3.10/site-packages:/home/jstefan1/CodeWorkspace/UGV-Robot/ros2_humble_colcon_ws/install/srdfdom/local/lib/python3.10/dist-packages:/home/jstefan1/CodeWorkspace/UGV-Robot/ros2_humble_colcon_ws/install/moveit_task_constructor_msgs/local/lib/python3.10/dist-packages:/home/jstefan1/CodeWorkspace/UGV-Robot/ros2_humble_colcon_ws/install/launch_param_builder/lib/python3.10/site-packages:/opt/ros/humble/lib/python3.10/site-packages:/opt/ros/humble/local/lib/python3.10/dist-packages /usr/bin/cmake --install /home/jstefan1/CodeWorkspace/UGV-Robot/ros2_humble_colcon_ws/build/app_bringup
[3.060s] Level 1:colcon.colcon_core.environment:create_environment_scripts_only(app_bringup)
[3.061s] Level 1:colcon.colcon_core.environment:checking '/home/jstefan1/CodeWorkspace/UGV-Robot/ros2_humble_colcon_ws/install/app_bringup' for CMake module files
[3.061s] Level 1:colcon.colcon_core.environment:checking '/home/jstefan1/CodeWorkspace/UGV-Robot/ros2_humble_colcon_ws/install/app_bringup' for CMake config files
[3.061s] Level 1:colcon.colcon_core.shell:create_environment_hook('app_bringup', 'cmake_prefix_path')
[3.061s] INFO:colcon.colcon_core.shell:Creating environment hook '/home/jstefan1/CodeWorkspace/UGV-Robot/ros2_humble_colcon_ws/install/app_bringup/share/app_bringup/hook/cmake_prefix_path.ps1'
[3.062s] INFO:colcon.colcon_core.shell:Creating environment descriptor '/home/jstefan1/CodeWorkspace/UGV-Robot/ros2_humble_colcon_ws/install/app_bringup/share/app_bringup/hook/cmake_prefix_path.dsv'
[3.062s] INFO:colcon.colcon_core.shell:Creating environment hook '/home/jstefan1/CodeWorkspace/UGV-Robot/ros2_humble_colcon_ws/install/app_bringup/share/app_bringup/hook/cmake_prefix_path.sh'
[3.062s] Level 1:colcon.colcon_core.environment:checking '/home/jstefan1/CodeWorkspace/UGV-Robot/ros2_humble_colcon_ws/install/app_bringup/bin'
[3.062s] Level 1:colcon.colcon_core.environment:checking '/home/jstefan1/CodeWorkspace/UGV-Robot/ros2_humble_colcon_ws/install/app_bringup/lib/pkgconfig/app_bringup.pc'
[3.063s] Level 1:colcon.colcon_core.environment:checking '/home/jstefan1/CodeWorkspace/UGV-Robot/ros2_humble_colcon_ws/install/app_bringup/lib/python3.10/site-packages'
[3.063s] Level 1:colcon.colcon_core.environment:checking '/home/jstefan1/CodeWorkspace/UGV-Robot/ros2_humble_colcon_ws/install/app_bringup/bin'
[3.063s] INFO:colcon.colcon_core.shell:Creating package script '/home/jstefan1/CodeWorkspace/UGV-Robot/ros2_humble_colcon_ws/install/app_bringup/share/app_bringup/package.ps1'
[3.063s] INFO:colcon.colcon_core.shell:Creating package descriptor '/home/jstefan1/CodeWorkspace/UGV-Robot/ros2_humble_colcon_ws/install/app_bringup/share/app_bringup/package.dsv'
[3.064s] INFO:colcon.colcon_core.shell:Creating package script '/home/jstefan1/CodeWorkspace/UGV-Robot/ros2_humble_colcon_ws/install/app_bringup/share/app_bringup/package.sh'
[3.064s] INFO:colcon.colcon_core.shell:Creating package script '/home/jstefan1/CodeWorkspace/UGV-Robot/ros2_humble_colcon_ws/install/app_bringup/share/app_bringup/package.bash'
[3.060s] DEBUG:colcon.colcon_core.event_handler.log_command:Invoked command in '/home/jstefan1/CodeWorkspace/UGV-Robot/ros2_humble_colcon_ws/build/app_bringup' returned '0': AMENT_PREFIX_PATH=/home/jstefan1/CodeWorkspace/UGV-Robot/ros2_humble_colcon_ws/install/py_pub_sub:/home/jstefan1/CodeWorkspace/UGV-Robot/ros2_humble_colcon_ws/install/pilz_industrial_motion_planner_testutils:/home/jstefan1/CodeWorkspace/UGV-Robot/ros2_humble_colcon_ws/install/moveit_runtime:/home/jstefan1/CodeWorkspace/UGV-Robot/ros2_humble_colcon_ws/install/moveit2_tutorials:/home/jstefan1/CodeWorkspace/UGV-Robot/ros2_humble_colcon_ws/install/moveit:/home/jstefan1/CodeWorkspace/UGV-Robot/ros2_humble_colcon_ws/install/moveit_planners:/home/jstefan1/CodeWorkspace/UGV-Robot/ros2_humble_colcon_ws/install/pilz_industrial_motion_planner:/home/jstefan1/CodeWorkspace/UGV-Robot/ros2_humble_colcon_ws/install/moveit_visual_tools:/home/jstefan1/CodeWorkspace/UGV-Robot/ros2_humble_colcon_ws/install/moveit_task_constructor_visualization:/home/jstefan1/CodeWorkspace/UGV-Robot/ros2_humble_colcon_ws/install/moveit_task_constructor_demo:/home/jstefan1/CodeWorkspace/UGV-Robot/ros2_humble_colcon_ws/install/moveit_task_constructor_capabilities:/home/jstefan1/CodeWorkspace/UGV-Robot/ros2_humble_colcon_ws/install/moveit_task_constructor_core:/home/jstefan1/CodeWorkspace/UGV-Robot/ros2_humble_colcon_ws/install/moveit_ros_control_interface:/home/jstefan1/CodeWorkspace/UGV-Robot/ros2_humble_colcon_ws/install/moveit_plugins:/home/jstefan1/CodeWorkspace/UGV-Robot/ros2_humble_colcon_ws/install/moveit_simple_controller_manager:/home/jstefan1/CodeWorkspace/UGV-Robot/ros2_humble_colcon_ws/install/moveit_setup_assistant:/home/jstefan1/CodeWorkspace/UGV-Robot/ros2_humble_colcon_ws/install/moveit_setup_srdf_plugins:/home/jstefan1/CodeWorkspace/UGV-Robot/ros2_humble_colcon_ws/install/moveit_setup_core_plugins:/home/jstefan1/CodeWorkspace/UGV-Robot/ros2_humble_colcon_ws/install/moveit_setup_controllers:/home/jstefan1/CodeWorkspace/UGV-Robot/ros2_humble_colcon_ws/install/moveit_setup_app_plugins:/home/jstefan1/CodeWorkspace/UGV-Robot/ros2_humble_colcon_ws/install/moveit_setup_framework:/home/jstefan1/CodeWorkspace/UGV-Robot/ros2_humble_colcon_ws/install/moveit_servo:/home/jstefan1/CodeWorkspace/UGV-Robot/ros2_humble_colcon_ws/install/moveit_ros:/home/jstefan1/CodeWorkspace/UGV-Robot/ros2_humble_colcon_ws/install/moveit_ros_visualization:/home/jstefan1/CodeWorkspace/UGV-Robot/ros2_humble_colcon_ws/install/moveit_hybrid_planning:/home/jstefan1/CodeWorkspace/UGV-Robot/ros2_humble_colcon_ws/install/moveit_ros_planning_interface:/home/jstefan1/CodeWorkspace/UGV-Robot/ros2_humble_colcon_ws/install/moveit_ros_benchmarks:/home/jstefan1/CodeWorkspace/UGV-Robot/ros2_humble_colcon_ws/install/moveit_ros_warehouse:/home/jstefan1/CodeWorkspace/UGV-Robot/ros2_humble_colcon_ws/install/moveit_ros_robot_interaction:/home/jstefan1/CodeWorkspace/UGV-Robot/ros2_humble_colcon_ws/install/moveit_ros_perception:/home/jstefan1/CodeWorkspace/UGV-Robot/ros2_humble_colcon_ws/install/moveit_resources_prbt_pg70_support:/home/jstefan1/CodeWorkspace/UGV-Robot/ros2_humble_colcon_ws/install/moveit_resources_prbt_moveit_config:/home/jstefan1/CodeWorkspace/UGV-Robot/ros2_humble_colcon_ws/install/moveit_ros_move_group:/home/jstefan1/CodeWorkspace/UGV-Robot/ros2_humble_colcon_ws/install/moveit_planners_ompl:/home/jstefan1/CodeWorkspace/UGV-Robot/ros2_humble_colcon_ws/install/moveit_ros_planning:/home/jstefan1/CodeWorkspace/UGV-Robot/ros2_humble_colcon_ws/install/moveit_ros_occupancy_map_monitor:/home/jstefan1/CodeWorkspace/UGV-Robot/ros2_humble_colcon_ws/install/moveit_resources_prbt_ikfast_manipulator_plugin:/home/jstefan1/CodeWorkspace/UGV-Robot/ros2_humble_colcon_ws/install/moveit_planners_chomp:/home/jstefan1/CodeWorkspace/UGV-Robot/ros2_humble_colcon_ws/install/moveit_kinematics:/home/jstefan1/CodeWorkspace/UGV-Robot/ros2_humble_colcon_ws/install/moveit_chomp_optimizer_adapter:/home/jstefan1/CodeWorkspace/UGV-Robot/ros2_humble_colcon_ws/install/chomp_motion_planner:/home/jstefan1/CodeWorkspace/UGV-Robot/ros2_humble_colcon_ws/install/moveit_core:/home/jstefan1/CodeWorkspace/UGV-Robot/ros2_humble_colcon_ws/install/moveit_configs_utils:/home/jstefan1/CodeWorkspace/UGV-Robot/ros2_humble_colcon_ws/install/srdfdom:/home/jstefan1/CodeWorkspace/UGV-Robot/ros2_humble_colcon_ws/install/rviz_marker_tools:/home/jstefan1/CodeWorkspace/UGV-Robot/ros2_humble_colcon_ws/install/rosparam_shortcuts:/home/jstefan1/CodeWorkspace/UGV-Robot/ros2_humble_colcon_ws/install/app_bringup:/home/jstefan1/CodeWorkspace/UGV-Robot/ros2_humble_colcon_ws/install/moveit_task_constructor_msgs:/home/jstefan1/CodeWorkspace/UGV-Robot/ros2_humble_colcon_ws/install/moveit_resources_prbt_support:/home/jstefan1/CodeWorkspace/UGV-Robot/ros2_humble_colcon_ws/install/moveit_resources:/home/jstefan1/CodeWorkspace/UGV-Robot/ros2_humble_colcon_ws/install/moveit_resources_pr2_description:/home/jstefan1/CodeWorkspace/UGV-Robot/ros2_humble_colcon_ws/install/moveit_resources_panda_moveit_config:/home/jstefan1/CodeWorkspace/UGV-Robot/ros2_humble_colcon_ws/install/moveit_resources_panda_description:/home/jstefan1/CodeWorkspace/UGV-Robot/ros2_humble_colcon_ws/install/moveit_resources_fanuc_moveit_config:/home/jstefan1/CodeWorkspace/UGV-Robot/ros2_humble_colcon_ws/install/moveit_resources_fanuc_description:/home/jstefan1/CodeWorkspace/UGV-Robot/ros2_humble_colcon_ws/install/moveit_common:/home/jstefan1/CodeWorkspace/UGV-Robot/ros2_humble_colcon_ws/install/launch_param_builder:/opt/ros/humble CMAKE_PREFIX_PATH=${CMAKE_PREFIX_PATH}:/home/jstefan1/CodeWorkspace/UGV-Robot/ros2_humble_colcon_ws/install/moveit_configs_utils:/home/jstefan1/CodeWorkspace/UGV-Robot/ros2_humble_colcon_ws/install/py_pub_sub:/home/jstefan1/CodeWorkspace/UGV-Robot/ros2_humble_colcon_ws/install/launch_param_builder:/opt/ros/humble PYTHONPATH=/home/jstefan1/CodeWorkspace/UGV-Robot/ros2_humble_colcon_ws/install/py_pub_sub/lib/python3.10/site-packages:/home/jstefan1/CodeWorkspace/UGV-Robot/ros2_humble_colcon_ws/install/moveit_task_constructor_core/local/lib/python3.10/dist-packages:/home/jstefan1/CodeWorkspace/UGV-Robot/ros2_humble_colcon_ws/install/moveit_configs_utils/lib/python3.10/site-packages:/home/jstefan1/CodeWorkspace/UGV-Robot/ros2_humble_colcon_ws/install/srdfdom/local/lib/python3.10/dist-packages:/home/jstefan1/CodeWorkspace/UGV-Robot/ros2_humble_colcon_ws/install/moveit_task_constructor_msgs/local/lib/python3.10/dist-packages:/home/jstefan1/CodeWorkspace/UGV-Robot/ros2_humble_colcon_ws/install/launch_param_builder/lib/python3.10/site-packages:/opt/ros/humble/lib/python3.10/site-packages:/opt/ros/humble/local/lib/python3.10/dist-packages /usr/bin/cmake --install /home/jstefan1/CodeWorkspace/UGV-Robot/ros2_humble_colcon_ws/build/app_bringup
[3.065s] INFO:colcon.colcon_core.shell:Creating package script '/home/jstefan1/CodeWorkspace/UGV-Robot/ros2_humble_colcon_ws/install/app_bringup/share/app_bringup/package.zsh'
[3.066s] Level 1:colcon.colcon_core.environment:create_file_with_runtime_dependencies(/home/jstefan1/CodeWorkspace/UGV-Robot/ros2_humble_colcon_ws/install/app_bringup/share/colcon-core/packages/app_bringup)
[3.066s] Level 1:colcon.colcon_core.environment:create_environment_scripts_only(app_bringup)
[3.066s] Level 1:colcon.colcon_core.environment:checking '/home/jstefan1/CodeWorkspace/UGV-Robot/ros2_humble_colcon_ws/install/app_bringup' for CMake module files
[3.067s] Level 1:colcon.colcon_core.environment:checking '/home/jstefan1/CodeWorkspace/UGV-Robot/ros2_humble_colcon_ws/install/app_bringup' for CMake config files
[3.067s] Level 1:colcon.colcon_core.shell:create_environment_hook('app_bringup', 'cmake_prefix_path')
[3.068s] INFO:colcon.colcon_core.shell:Creating environment hook '/home/jstefan1/CodeWorkspace/UGV-Robot/ros2_humble_colcon_ws/install/app_bringup/share/app_bringup/hook/cmake_prefix_path.ps1'
[3.068s] INFO:colcon.colcon_core.shell:Creating environment descriptor '/home/jstefan1/CodeWorkspace/UGV-Robot/ros2_humble_colcon_ws/install/app_bringup/share/app_bringup/hook/cmake_prefix_path.dsv'
[3.069s] INFO:colcon.colcon_core.shell:Creating environment hook '/home/jstefan1/CodeWorkspace/UGV-Robot/ros2_humble_colcon_ws/install/app_bringup/share/app_bringup/hook/cmake_prefix_path.sh'
[3.070s] Level 1:colcon.colcon_core.environment:checking '/home/jstefan1/CodeWorkspace/UGV-Robot/ros2_humble_colcon_ws/install/app_bringup/bin'
[3.070s] Level 1:colcon.colcon_core.environment:checking '/home/jstefan1/CodeWorkspace/UGV-Robot/ros2_humble_colcon_ws/install/app_bringup/lib/pkgconfig/app_bringup.pc'
[3.070s] Level 1:colcon.colcon_core.environment:checking '/home/jstefan1/CodeWorkspace/UGV-Robot/ros2_humble_colcon_ws/install/app_bringup/lib/python3.10/site-packages'
[3.070s] Level 1:colcon.colcon_core.environment:checking '/home/jstefan1/CodeWorkspace/UGV-Robot/ros2_humble_colcon_ws/install/app_bringup/bin'
[3.071s] INFO:colcon.colcon_core.shell:Creating package script '/home/jstefan1/CodeWorkspace/UGV-Robot/ros2_humble_colcon_ws/install/app_bringup/share/app_bringup/package.ps1'
[3.071s] INFO:colcon.colcon_core.shell:Creating package descriptor '/home/jstefan1/CodeWorkspace/UGV-Robot/ros2_humble_colcon_ws/install/app_bringup/share/app_bringup/package.dsv'
[3.072s] INFO:colcon.colcon_core.shell:Creating package script '/home/jstefan1/CodeWorkspace/UGV-Robot/ros2_humble_colcon_ws/install/app_bringup/share/app_bringup/package.sh'
[3.073s] INFO:colcon.colcon_core.shell:Creating package script '/home/jstefan1/CodeWorkspace/UGV-Robot/ros2_humble_colcon_ws/install/app_bringup/share/app_bringup/package.bash'
[3.073s] INFO:colcon.colcon_core.shell:Creating package script '/home/jstefan1/CodeWorkspace/UGV-Robot/ros2_humble_colcon_ws/install/app_bringup/share/app_bringup/package.zsh'
[3.074s] Level 1:colcon.colcon_core.environment:create_file_with_runtime_dependencies(/home/jstefan1/CodeWorkspace/UGV-Robot/ros2_humble_colcon_ws/install/app_bringup/share/colcon-core/packages/app_bringup)
[3.075s] DEBUG:colcon.colcon_parallel_executor.executor.parallel:closing loop
[3.075s] DEBUG:colcon.colcon_parallel_executor.executor.parallel:loop closed
[3.075s] DEBUG:colcon.colcon_parallel_executor.executor.parallel:run_until_complete finished with '0'
[3.076s] DEBUG:colcon.colcon_core.event_reactor:joining thread
[3.081s] INFO:colcon.colcon_core.plugin_system:Skipping extension 'colcon_notification.desktop_notification.terminal_notifier': Not used on non-Darwin systems
[3.081s] INFO:colcon.colcon_core.plugin_system:Skipping extension 'colcon_notification.desktop_notification.win32': Not used on non-Windows systems
[3.081s] INFO:colcon.colcon_notification.desktop_notification:Sending desktop notification using 'notify2'
[3.121s] DEBUG:colcon.colcon_core.event_reactor:joined thread
[3.122s] INFO:colcon.colcon_core.shell:Creating prefix script '/home/jstefan1/CodeWorkspace/UGV-Robot/ros2_humble_colcon_ws/install/local_setup.ps1'
[3.123s] INFO:colcon.colcon_core.shell:Creating prefix util module '/home/jstefan1/CodeWorkspace/UGV-Robot/ros2_humble_colcon_ws/install/_local_setup_util_ps1.py'
[3.124s] INFO:colcon.colcon_core.shell:Creating prefix chain script '/home/jstefan1/CodeWorkspace/UGV-Robot/ros2_humble_colcon_ws/install/setup.ps1'
[3.125s] INFO:colcon.colcon_core.shell:Creating prefix script '/home/jstefan1/CodeWorkspace/UGV-Robot/ros2_humble_colcon_ws/install/local_setup.sh'
[3.125s] INFO:colcon.colcon_core.shell:Creating prefix util module '/home/jstefan1/CodeWorkspace/UGV-Robot/ros2_humble_colcon_ws/install/_local_setup_util_sh.py'
[3.125s] INFO:colcon.colcon_core.shell:Creating prefix chain script '/home/jstefan1/CodeWorkspace/UGV-Robot/ros2_humble_colcon_ws/install/setup.sh'
[3.126s] INFO:colcon.colcon_core.shell:Creating prefix script '/home/jstefan1/CodeWorkspace/UGV-Robot/ros2_humble_colcon_ws/install/local_setup.bash'
[3.127s] INFO:colcon.colcon_core.shell:Creating prefix chain script '/home/jstefan1/CodeWorkspace/UGV-Robot/ros2_humble_colcon_ws/install/setup.bash'
[3.127s] INFO:colcon.colcon_core.shell:Creating prefix script '/home/jstefan1/CodeWorkspace/UGV-Robot/ros2_humble_colcon_ws/install/local_setup.zsh'
[3.128s] INFO:colcon.colcon_core.shell:Creating prefix chain script '/home/jstefan1/CodeWorkspace/UGV-Robot/ros2_humble_colcon_ws/install/setup.zsh'
