[0.052s] Invoking command in '/home/ugv-c7/CodeWorkspace/UGV-Robot/ros2_humble_colcon_ws/build/srdfdom': CMAKE_PREFIX_PATH=${CMAKE_PREFIX_PATH}:/home/ugv-c7/CodeWorkspace/UGV-Robot/ros2_humble_colcon_ws/install/py_pub_sub:/opt/ros/humble /usr/bin/cmake /home/ugv-c7/CodeWorkspace/UGV-Robot/ros2_humble_colcon_ws/src/srdfdom -DCMAKE_INSTALL_PREFIX=/home/ugv-c7/CodeWorkspace/UGV-Robot/ros2_humble_colcon_ws/install/srdfdom
[0.865s] -- The CXX compiler identification is GNU 11.4.0
[0.865s] -- Detecting CXX compiler ABI info
[0.865s] -- Detecting CXX compiler ABI info - done
[0.866s] -- Check for working CXX compiler: /usr/bin/c++ - skipped
[0.866s] -- Detecting CXX compile features
[0.866s] -- Detecting CXX compile features - done
[0.866s] -- Found Boost: /usr/lib/aarch64-linux-gnu/cmake/Boost-1.74.0/BoostConfig.cmake (found version "1.74.0")  
[0.866s] -- Found ament_cmake: 1.3.11 (/opt/ros/humble/share/ament_cmake/cmake)
[1.014s] -- Found Python3: /usr/bin/python3 (found version "3.10.12") found components: Interpreter 
[1.327s] -- Found urdf: 2.6.1 (/opt/ros/humble/share/urdf/cmake)
[1.487s] -- Found TinyXML2 via Config file: TinyXML2_DIR-NOTFOUND
[1.775s] -- Found ament_cmake_gtest: 1.3.11 (/opt/ros/humble/share/ament_cmake_gtest/cmake)
[1.798s] -- Found ament_cmake_pytest: 1.3.11 (/opt/ros/humble/share/ament_cmake_pytest/cmake)
[3.914s] -- Found gtest sources under '/opt/ros/humble/src/gtest_vendor': C++ tests using 'Google Test' will be built
[4.022s] -- The C compiler identification is GNU 11.4.0
[4.039s] -- Detecting C compiler ABI info
[4.225s] -- Detecting C compiler ABI info - done
[4.241s] -- Check for working C compiler: /usr/bin/cc - skipped
[4.242s] -- Detecting C compile features
[4.242s] -- Detecting C compile features - done
[4.253s] -- Looking for C++ include pthread.h
[4.534s] -- Looking for C++ include pthread.h - found
[4.535s] -- Performing Test CMAKE_HAVE_LIBC_PTHREAD
[4.785s] -- Performing Test CMAKE_HAVE_LIBC_PTHREAD - Success
[4.788s] -- Found Threads: TRUE  
[4.802s] -- Found ament_lint_auto: 0.12.11 (/opt/ros/humble/share/ament_lint_auto/cmake)
[4.847s] -- Configuring done
[4.892s] -- Generating done
[4.908s] -- Build files have been written to: /home/ugv-c7/CodeWorkspace/UGV-Robot/ros2_humble_colcon_ws/build/srdfdom
[4.941s] Invoked command in '/home/ugv-c7/CodeWorkspace/UGV-Robot/ros2_humble_colcon_ws/build/srdfdom' returned '0': CMAKE_PREFIX_PATH=${CMAKE_PREFIX_PATH}:/home/ugv-c7/CodeWorkspace/UGV-Robot/ros2_humble_colcon_ws/install/py_pub_sub:/opt/ros/humble /usr/bin/cmake /home/ugv-c7/CodeWorkspace/UGV-Robot/ros2_humble_colcon_ws/src/srdfdom -DCMAKE_INSTALL_PREFIX=/home/ugv-c7/CodeWorkspace/UGV-Robot/ros2_humble_colcon_ws/install/srdfdom
[4.942s] Invoking command in '/home/ugv-c7/CodeWorkspace/UGV-Robot/ros2_humble_colcon_ws/build/srdfdom': CMAKE_PREFIX_PATH=${CMAKE_PREFIX_PATH}:/home/ugv-c7/CodeWorkspace/UGV-Robot/ros2_humble_colcon_ws/install/py_pub_sub:/opt/ros/humble /usr/bin/cmake --build /home/ugv-c7/CodeWorkspace/UGV-Robot/ros2_humble_colcon_ws/build/srdfdom -- -j6 -l6
[5.110s] [  9%] [32mBuilding CXX object CMakeFiles/srdfdom.dir/src/srdf_writer.cpp.o[0m
[5.143s] [ 18%] [32mBuilding CXX object CMakeFiles/srdfdom.dir/src/model.cpp.o[0m
[5.188s] [ 27%] [32mBuilding CXX object gtest/CMakeFiles/gtest.dir/src/gtest-all.cc.o[0m
[5.199s] [ 36%] [32mBuilding CXX object gtest/CMakeFiles/gtest_main.dir/src/gtest_main.cc.o[0m
[5.222s] [ 36%] Built target ament_cmake_python_copy_srdfdom
[6.386s] running egg_info
[6.388s] creating srdfdom.egg-info
[6.388s] writing srdfdom.egg-info/PKG-INFO
[6.389s] writing dependency_links to srdfdom.egg-info/dependency_links.txt
[6.389s] writing top-level names to srdfdom.egg-info/top_level.txt
[6.390s] writing manifest file 'srdfdom.egg-info/SOURCES.txt'
[6.397s] reading manifest file 'srdfdom.egg-info/SOURCES.txt'
[6.398s] writing manifest file 'srdfdom.egg-info/SOURCES.txt'
[6.629s] [ 36%] Built target ament_cmake_python_build_srdfdom_egg
[9.578s] [ 45%] [32m[1mLinking CXX static library libgtest_main.a[0m
[11.411s] [ 45%] Built target gtest_main
[12.659s] [ 54%] [32m[1mLinking CXX shared library libsrdfdom.so[0m
[13.410s] [ 54%] Built target srdfdom
[18.184s] [ 63%] [32m[1mLinking CXX static library libgtest.a[0m
[18.660s] [ 63%] Built target gtest
[18.811s] [ 72%] [32mBuilding CXX object CMakeFiles/test_cpp_C.dir/test/test_parser.cpp.o[0m
[18.847s] [ 81%] [32mBuilding CXX object CMakeFiles/test_cpp_nl_NL.UTF-8.dir/test/test_parser.cpp.o[0m
[28.610s] [ 90%] [32m[1mLinking CXX executable test_cpp_C[0m
[29.917s] [ 90%] Built target test_cpp_C
[30.171s] [100%] [32m[1mLinking CXX executable test_cpp_nl_NL.UTF-8[0m
[31.055s] [100%] Built target test_cpp_nl_NL.UTF-8
[31.134s] Invoked command in '/home/ugv-c7/CodeWorkspace/UGV-Robot/ros2_humble_colcon_ws/build/srdfdom' returned '0': CMAKE_PREFIX_PATH=${CMAKE_PREFIX_PATH}:/home/ugv-c7/CodeWorkspace/UGV-Robot/ros2_humble_colcon_ws/install/py_pub_sub:/opt/ros/humble /usr/bin/cmake --build /home/ugv-c7/CodeWorkspace/UGV-Robot/ros2_humble_colcon_ws/build/srdfdom -- -j6 -l6
[31.135s] Invoking command in '/home/ugv-c7/CodeWorkspace/UGV-Robot/ros2_humble_colcon_ws/build/srdfdom': CMAKE_PREFIX_PATH=${CMAKE_PREFIX_PATH}:/home/ugv-c7/CodeWorkspace/UGV-Robot/ros2_humble_colcon_ws/install/py_pub_sub:/opt/ros/humble /usr/bin/cmake --install /home/ugv-c7/CodeWorkspace/UGV-Robot/ros2_humble_colcon_ws/build/srdfdom
[31.188s] -- Install configuration: ""
[31.193s] -- Installing: /home/ugv-c7/CodeWorkspace/UGV-Robot/ros2_humble_colcon_ws/install/srdfdom/lib/libsrdfdom.so.2.0.7
[31.197s] -- Set runtime path of "/home/ugv-c7/CodeWorkspace/UGV-Robot/ros2_humble_colcon_ws/install/srdfdom/lib/libsrdfdom.so.2.0.7" to ""
[31.197s] -- Installing: /home/ugv-c7/CodeWorkspace/UGV-Robot/ros2_humble_colcon_ws/install/srdfdom/lib/libsrdfdom.so
[31.198s] -- Installing: /home/ugv-c7/CodeWorkspace/UGV-Robot/ros2_humble_colcon_ws/install/srdfdom/include/srdfdom
[31.198s] -- Installing: /home/ugv-c7/CodeWorkspace/UGV-Robot/ros2_humble_colcon_ws/install/srdfdom/include/srdfdom/srdfdom
[31.198s] -- Installing: /home/ugv-c7/CodeWorkspace/UGV-Robot/ros2_humble_colcon_ws/install/srdfdom/include/srdfdom/srdfdom/srdf_writer.h
[31.198s] -- Installing: /home/ugv-c7/CodeWorkspace/UGV-Robot/ros2_humble_colcon_ws/install/srdfdom/include/srdfdom/srdfdom/visibility_control.h
[31.198s] -- Installing: /home/ugv-c7/CodeWorkspace/UGV-Robot/ros2_humble_colcon_ws/install/srdfdom/include/srdfdom/srdfdom/model.h
[31.199s] -- Installing: /home/ugv-c7/CodeWorkspace/UGV-Robot/ros2_humble_colcon_ws/install/srdfdom/lib/srdfdom/display_srdf
[31.199s] -- Installing: /home/ugv-c7/CodeWorkspace/UGV-Robot/ros2_humble_colcon_ws/install/srdfdom/share/srdfdom/environment/pythonpath.sh
[31.200s] -- Installing: /home/ugv-c7/CodeWorkspace/UGV-Robot/ros2_humble_colcon_ws/install/srdfdom/share/srdfdom/environment/pythonpath.dsv
[31.200s] -- Installing: /home/ugv-c7/CodeWorkspace/UGV-Robot/ros2_humble_colcon_ws/install/srdfdom/local/lib/python3.10/dist-packages/srdfdom-2.0.7-py3.10.egg-info
[31.200s] -- Installing: /home/ugv-c7/CodeWorkspace/UGV-Robot/ros2_humble_colcon_ws/install/srdfdom/local/lib/python3.10/dist-packages/srdfdom-2.0.7-py3.10.egg-info/top_level.txt
[31.200s] -- Installing: /home/ugv-c7/CodeWorkspace/UGV-Robot/ros2_humble_colcon_ws/install/srdfdom/local/lib/python3.10/dist-packages/srdfdom-2.0.7-py3.10.egg-info/SOURCES.txt
[31.201s] -- Installing: /home/ugv-c7/CodeWorkspace/UGV-Robot/ros2_humble_colcon_ws/install/srdfdom/local/lib/python3.10/dist-packages/srdfdom-2.0.7-py3.10.egg-info/PKG-INFO
[31.201s] -- Installing: /home/ugv-c7/CodeWorkspace/UGV-Robot/ros2_humble_colcon_ws/install/srdfdom/local/lib/python3.10/dist-packages/srdfdom-2.0.7-py3.10.egg-info/dependency_links.txt
[31.201s] -- Installing: /home/ugv-c7/CodeWorkspace/UGV-Robot/ros2_humble_colcon_ws/install/srdfdom/local/lib/python3.10/dist-packages/srdfdom
[31.202s] -- Installing: /home/ugv-c7/CodeWorkspace/UGV-Robot/ros2_humble_colcon_ws/install/srdfdom/local/lib/python3.10/dist-packages/srdfdom/srdf.py
[31.202s] -- Installing: /home/ugv-c7/CodeWorkspace/UGV-Robot/ros2_humble_colcon_ws/install/srdfdom/local/lib/python3.10/dist-packages/srdfdom/__init__.py
[31.355s] Listing '/home/ugv-c7/CodeWorkspace/UGV-Robot/ros2_humble_colcon_ws/install/srdfdom/local/lib/python3.10/dist-packages/srdfdom'...
[31.355s] Compiling '/home/ugv-c7/CodeWorkspace/UGV-Robot/ros2_humble_colcon_ws/install/srdfdom/local/lib/python3.10/dist-packages/srdfdom/__init__.py'...
[31.356s] Compiling '/home/ugv-c7/CodeWorkspace/UGV-Robot/ros2_humble_colcon_ws/install/srdfdom/local/lib/python3.10/dist-packages/srdfdom/srdf.py'...
[31.378s] -- Installing: /home/ugv-c7/CodeWorkspace/UGV-Robot/ros2_humble_colcon_ws/install/srdfdom/share/srdfdom/environment/library_path.sh
[31.378s] -- Installing: /home/ugv-c7/CodeWorkspace/UGV-Robot/ros2_humble_colcon_ws/install/srdfdom/share/srdfdom/environment/library_path.dsv
[31.379s] -- Installing: /home/ugv-c7/CodeWorkspace/UGV-Robot/ros2_humble_colcon_ws/install/srdfdom/share/ament_index/resource_index/package_run_dependencies/srdfdom
[31.379s] -- Installing: /home/ugv-c7/CodeWorkspace/UGV-Robot/ros2_humble_colcon_ws/install/srdfdom/share/ament_index/resource_index/parent_prefix_path/srdfdom
[31.379s] -- Installing: /home/ugv-c7/CodeWorkspace/UGV-Robot/ros2_humble_colcon_ws/install/srdfdom/share/srdfdom/environment/ament_prefix_path.sh
[31.379s] -- Installing: /home/ugv-c7/CodeWorkspace/UGV-Robot/ros2_humble_colcon_ws/install/srdfdom/share/srdfdom/environment/ament_prefix_path.dsv
[31.380s] -- Installing: /home/ugv-c7/CodeWorkspace/UGV-Robot/ros2_humble_colcon_ws/install/srdfdom/share/srdfdom/environment/path.sh
[31.380s] -- Installing: /home/ugv-c7/CodeWorkspace/UGV-Robot/ros2_humble_colcon_ws/install/srdfdom/share/srdfdom/environment/path.dsv
[31.380s] -- Installing: /home/ugv-c7/CodeWorkspace/UGV-Robot/ros2_humble_colcon_ws/install/srdfdom/share/srdfdom/local_setup.bash
[31.381s] -- Installing: /home/ugv-c7/CodeWorkspace/UGV-Robot/ros2_humble_colcon_ws/install/srdfdom/share/srdfdom/local_setup.sh
[31.381s] -- Installing: /home/ugv-c7/CodeWorkspace/UGV-Robot/ros2_humble_colcon_ws/install/srdfdom/share/srdfdom/local_setup.zsh
[31.381s] -- Installing: /home/ugv-c7/CodeWorkspace/UGV-Robot/ros2_humble_colcon_ws/install/srdfdom/share/srdfdom/local_setup.dsv
[31.382s] -- Installing: /home/ugv-c7/CodeWorkspace/UGV-Robot/ros2_humble_colcon_ws/install/srdfdom/share/srdfdom/package.dsv
[31.382s] -- Installing: /home/ugv-c7/CodeWorkspace/UGV-Robot/ros2_humble_colcon_ws/install/srdfdom/share/ament_index/resource_index/packages/srdfdom
[31.382s] -- Installing: /home/ugv-c7/CodeWorkspace/UGV-Robot/ros2_humble_colcon_ws/install/srdfdom/share/srdfdom/cmake/srdfdomTargetsExport.cmake
[31.383s] -- Installing: /home/ugv-c7/CodeWorkspace/UGV-Robot/ros2_humble_colcon_ws/install/srdfdom/share/srdfdom/cmake/srdfdomTargetsExport-noconfig.cmake
[31.383s] -- Installing: /home/ugv-c7/CodeWorkspace/UGV-Robot/ros2_humble_colcon_ws/install/srdfdom/share/srdfdom/cmake/ament_cmake_export_targets-extras.cmake
[31.383s] -- Installing: /home/ugv-c7/CodeWorkspace/UGV-Robot/ros2_humble_colcon_ws/install/srdfdom/share/srdfdom/cmake/ament_cmake_export_dependencies-extras.cmake
[31.384s] -- Installing: /home/ugv-c7/CodeWorkspace/UGV-Robot/ros2_humble_colcon_ws/install/srdfdom/share/srdfdom/cmake/srdfdomConfig.cmake
[31.384s] -- Installing: /home/ugv-c7/CodeWorkspace/UGV-Robot/ros2_humble_colcon_ws/install/srdfdom/share/srdfdom/cmake/srdfdomConfig-version.cmake
[31.384s] -- Installing: /home/ugv-c7/CodeWorkspace/UGV-Robot/ros2_humble_colcon_ws/install/srdfdom/share/srdfdom/package.xml
[31.405s] Invoked command in '/home/ugv-c7/CodeWorkspace/UGV-Robot/ros2_humble_colcon_ws/build/srdfdom' returned '0': CMAKE_PREFIX_PATH=${CMAKE_PREFIX_PATH}:/home/ugv-c7/CodeWorkspace/UGV-Robot/ros2_humble_colcon_ws/install/py_pub_sub:/opt/ros/humble /usr/bin/cmake --install /home/ugv-c7/CodeWorkspace/UGV-Robot/ros2_humble_colcon_ws/build/srdfdom
