[0.025s] Invoking command in '/home/ugv-c7/CodeWorkspace/UGV-Robot/ros2_humble_colcon_ws/build/rosparam_shortcuts': CMAKE_PREFIX_PATH=${CMAKE_PREFIX_PATH}:/home/ugv-c7/CodeWorkspace/UGV-Robot/ros2_humble_colcon_ws/install/py_pub_sub:/opt/ros/humble /usr/bin/cmake /home/ugv-c7/CodeWorkspace/UGV-Robot/ros2_humble_colcon_ws/src/rosparam_shortcuts -DCMAKE_INSTALL_PREFIX=/home/ugv-c7/CodeWorkspace/UGV-Robot/ros2_humble_colcon_ws/install/rosparam_shortcuts
[0.197s] -- The C compiler identification is GNU 11.4.0
[0.346s] -- The CXX compiler identification is GNU 11.4.0
[0.379s] -- Detecting C compiler ABI info
[0.628s] -- Detecting C compiler ABI info - done
[0.644s] -- Check for working C compiler: /usr/bin/cc - skipped
[0.649s] -- Detecting C compile features
[0.655s] -- Detecting C compile features - done
[0.663s] -- Detecting CXX compiler ABI info
[1.118s] -- Detecting CXX compiler ABI info - done
[1.139s] -- Check for working CXX compiler: /usr/bin/c++ - skipped
[1.140s] -- Detecting CXX compile features
[1.140s] -- Detecting CXX compile features - done
[1.142s] -- Found ament_cmake: 1.3.11 (/opt/ros/humble/share/ament_cmake/cmake)
[2.070s] -- Found Python3: /usr/bin/python3 (found version "3.10.12") found components: Interpreter 
[2.543s] -- Found eigen3_cmake_module: 0.1.1 (/opt/ros/humble/share/eigen3_cmake_module/cmake)
[2.573s] -- Found Eigen3: TRUE (found version "3.4.0") 
[2.576s] -- Found geometry_msgs: 4.2.4 (/opt/ros/humble/share/geometry_msgs/cmake)
[2.669s] -- Found rosidl_generator_c: 3.1.6 (/opt/ros/humble/share/rosidl_generator_c/cmake)
[2.681s] -- Found rosidl_adapter: 3.1.6 (/opt/ros/humble/share/rosidl_adapter/cmake)
[2.721s] -- Found rosidl_generator_cpp: 3.1.6 (/opt/ros/humble/share/rosidl_generator_cpp/cmake)
[2.777s] -- Using all available rosidl_typesupport_c: rosidl_typesupport_fastrtps_c;rosidl_typesupport_introspection_c
[2.849s] -- Using all available rosidl_typesupport_cpp: rosidl_typesupport_fastrtps_cpp;rosidl_typesupport_introspection_cpp
[2.979s] -- Found rclcpp: 16.0.11 (/opt/ros/humble/share/rclcpp/cmake)
[3.104s] -- Found rmw_implementation_cmake: 6.1.2 (/opt/ros/humble/share/rmw_implementation_cmake/cmake)
[3.110s] -- Found rmw_fastrtps_cpp: 6.2.7 (/opt/ros/humble/share/rmw_fastrtps_cpp/cmake)
[3.623s] -- Found OpenSSL: /usr/lib/aarch64-linux-gnu/libcrypto.so (found version "3.0.2")  
[3.710s] -- Found FastRTPS: /opt/ros/humble/include  
[3.888s] -- Using RMW implementation 'rmw_fastrtps_cpp' as default
[3.930s] -- Looking for pthread.h
[4.933s] -- Looking for pthread.h - found
[4.933s] -- Performing Test CMAKE_HAVE_LIBC_PTHREAD
[5.278s] -- Performing Test CMAKE_HAVE_LIBC_PTHREAD - Success
[5.279s] -- Found Threads: TRUE  
[5.382s] -- Found tf2_eigen: 0.25.12 (/opt/ros/humble/share/tf2_eigen/cmake)
[6.763s] -- Found ament_lint_auto: 0.12.11 (/opt/ros/humble/share/ament_lint_auto/cmake)
[6.769s] -- Found ament_cmake_gtest: 1.3.11 (/opt/ros/humble/share/ament_cmake_gtest/cmake)
[6.776s] -- Found ros_testing: 0.4.0 (/opt/ros/humble/share/ros_testing/cmake)
[6.784s] -- Found launch_testing_ament_cmake: 1.0.7 (/opt/ros/humble/share/launch_testing_ament_cmake/cmake)
[6.792s] -- Found python_cmake_module: 0.10.0 (/opt/ros/humble/share/python_cmake_module/cmake)
[6.860s] -- Found PythonInterp: /usr/bin/python3 (found suitable version "3.10.12", minimum required is "3.6") 
[6.882s] -- Found PythonLibs: /usr/lib/aarch64-linux-gnu/libpython3.10.so (found suitable version "3.10.12", minimum required is "3.5") 
[6.882s] -- Using PYTHON_EXECUTABLE: /usr/bin/python3
[6.882s] -- Using PYTHON_INCLUDE_DIRS: /usr/include/python3.10
[6.882s] -- Using PYTHON_LIBRARIES: /usr/lib/aarch64-linux-gnu/libpython3.10.so
[6.946s] -- Found PythonExtra: .so  
[7.173s] -- Found gtest sources under '/opt/ros/humble/src/gtest_vendor': C++ tests using 'Google Test' will be built
[7.197s] -- Added test 'copyright' to check source files copyright and LICENSE
[7.201s] -- Added test 'lint_cmake' to check CMake code style
[7.203s] -- Added test 'pep257' to check Python code against some of the docstring style conventions in PEP 257
[7.205s] -- Added test 'xmllint' to check XML markup files
[7.210s] -- Configuring done
[7.290s] -- Generating done
[7.318s] -- Build files have been written to: /home/ugv-c7/CodeWorkspace/UGV-Robot/ros2_humble_colcon_ws/build/rosparam_shortcuts
[7.379s] Invoked command in '/home/ugv-c7/CodeWorkspace/UGV-Robot/ros2_humble_colcon_ws/build/rosparam_shortcuts' returned '0': CMAKE_PREFIX_PATH=${CMAKE_PREFIX_PATH}:/home/ugv-c7/CodeWorkspace/UGV-Robot/ros2_humble_colcon_ws/install/py_pub_sub:/opt/ros/humble /usr/bin/cmake /home/ugv-c7/CodeWorkspace/UGV-Robot/ros2_humble_colcon_ws/src/rosparam_shortcuts -DCMAKE_INSTALL_PREFIX=/home/ugv-c7/CodeWorkspace/UGV-Robot/ros2_humble_colcon_ws/install/rosparam_shortcuts
[7.385s] Invoking command in '/home/ugv-c7/CodeWorkspace/UGV-Robot/ros2_humble_colcon_ws/build/rosparam_shortcuts': CMAKE_PREFIX_PATH=${CMAKE_PREFIX_PATH}:/home/ugv-c7/CodeWorkspace/UGV-Robot/ros2_humble_colcon_ws/install/py_pub_sub:/opt/ros/humble /usr/bin/cmake --build /home/ugv-c7/CodeWorkspace/UGV-Robot/ros2_humble_colcon_ws/build/rosparam_shortcuts -- -j6 -l6
[7.534s] [  7%] [32mBuilding CXX object gtest/CMakeFiles/gtest.dir/src/gtest-all.cc.o[0m
[7.545s] [ 15%] [32mBuilding CXX object gtest/CMakeFiles/gtest_main.dir/src/gtest_main.cc.o[0m
[7.568s] [ 23%] [32mBuilding CXX object CMakeFiles/rosparam_shortcuts.dir/src/rosparam_shortcuts.cpp.o[0m
[7.583s] [ 30%] [32mBuilding CXX object CMakeFiles/rosparam_shortcuts.dir/src/node_parameters.cpp.o[0m
[11.341s] [ 38%] [32m[1mLinking CXX static library libgtest_main.a[0m
[11.800s] [ 38%] Built target gtest_main
[24.221s] [ 46%] [32m[1mLinking CXX static library libgtest.a[0m
[24.753s] [ 46%] Built target gtest
[41.214s] [ 53%] [32m[1mLinking CXX shared library librosparam_shortcuts.so[0m
[42.004s] [ 53%] Built target rosparam_shortcuts
[42.080s] [ 61%] [32mBuilding CXX object CMakeFiles/test_node_parameters.dir/test/test_node_parameters.cpp.o[0m
[42.104s] [ 69%] [32mBuilding CXX object CMakeFiles/rosparam_shortcuts_example.dir/src/example.cpp.o[0m
[42.126s] [ 76%] [32mBuilding CXX object CMakeFiles/rosparam_shortcuts_node_parameters_example.dir/src/node_parameters_example.cpp.o[0m
[62.944s] [ 84%] [32m[1mLinking CXX executable example[0m
[63.350s] [ 92%] [32m[1mLinking CXX executable node_parameters_example[0m
[63.710s] [ 92%] Built target rosparam_shortcuts_example
[64.145s] [ 92%] Built target rosparam_shortcuts_node_parameters_example
[67.116s] [100%] [32m[1mLinking CXX executable test_node_parameters[0m
[67.857s] [100%] Built target test_node_parameters
[68.218s] Invoked command in '/home/ugv-c7/CodeWorkspace/UGV-Robot/ros2_humble_colcon_ws/build/rosparam_shortcuts' returned '0': CMAKE_PREFIX_PATH=${CMAKE_PREFIX_PATH}:/home/ugv-c7/CodeWorkspace/UGV-Robot/ros2_humble_colcon_ws/install/py_pub_sub:/opt/ros/humble /usr/bin/cmake --build /home/ugv-c7/CodeWorkspace/UGV-Robot/ros2_humble_colcon_ws/build/rosparam_shortcuts -- -j6 -l6
[68.223s] Invoking command in '/home/ugv-c7/CodeWorkspace/UGV-Robot/ros2_humble_colcon_ws/build/rosparam_shortcuts': CMAKE_PREFIX_PATH=${CMAKE_PREFIX_PATH}:/home/ugv-c7/CodeWorkspace/UGV-Robot/ros2_humble_colcon_ws/install/py_pub_sub:/opt/ros/humble /usr/bin/cmake --install /home/ugv-c7/CodeWorkspace/UGV-Robot/ros2_humble_colcon_ws/build/rosparam_shortcuts
[68.245s] -- Install configuration: ""
[68.246s] -- Installing: /home/ugv-c7/CodeWorkspace/UGV-Robot/ros2_humble_colcon_ws/install/rosparam_shortcuts/lib/librosparam_shortcuts.so
[68.251s] -- Set runtime path of "/home/ugv-c7/CodeWorkspace/UGV-Robot/ros2_humble_colcon_ws/install/rosparam_shortcuts/lib/librosparam_shortcuts.so" to ""
[68.251s] -- Installing: /home/ugv-c7/CodeWorkspace/UGV-Robot/ros2_humble_colcon_ws/install/rosparam_shortcuts/lib/rosparam_shortcuts/example
[68.254s] -- Set runtime path of "/home/ugv-c7/CodeWorkspace/UGV-Robot/ros2_humble_colcon_ws/install/rosparam_shortcuts/lib/rosparam_shortcuts/example" to ""
[68.254s] -- Installing: /home/ugv-c7/CodeWorkspace/UGV-Robot/ros2_humble_colcon_ws/install/rosparam_shortcuts/lib/rosparam_shortcuts/node_parameters_example
[68.256s] -- Set runtime path of "/home/ugv-c7/CodeWorkspace/UGV-Robot/ros2_humble_colcon_ws/install/rosparam_shortcuts/lib/rosparam_shortcuts/node_parameters_example" to ""
[68.256s] -- Installing: /home/ugv-c7/CodeWorkspace/UGV-Robot/ros2_humble_colcon_ws/install/rosparam_shortcuts/include
[68.256s] -- Installing: /home/ugv-c7/CodeWorkspace/UGV-Robot/ros2_humble_colcon_ws/install/rosparam_shortcuts/include/rosparam_shortcuts
[68.256s] -- Installing: /home/ugv-c7/CodeWorkspace/UGV-Robot/ros2_humble_colcon_ws/install/rosparam_shortcuts/include/rosparam_shortcuts/rosparam_shortcuts.h
[68.256s] -- Installing: /home/ugv-c7/CodeWorkspace/UGV-Robot/ros2_humble_colcon_ws/install/rosparam_shortcuts/include/rosparam_shortcuts/node_parameters.h
[68.257s] -- Installing: /home/ugv-c7/CodeWorkspace/UGV-Robot/ros2_humble_colcon_ws/install/rosparam_shortcuts/share/rosparam_shortcuts/launch
[68.257s] -- Installing: /home/ugv-c7/CodeWorkspace/UGV-Robot/ros2_humble_colcon_ws/install/rosparam_shortcuts/share/rosparam_shortcuts/launch/example.launch.py
[68.257s] -- Installing: /home/ugv-c7/CodeWorkspace/UGV-Robot/ros2_humble_colcon_ws/install/rosparam_shortcuts/share/rosparam_shortcuts/config
[68.258s] -- Installing: /home/ugv-c7/CodeWorkspace/UGV-Robot/ros2_humble_colcon_ws/install/rosparam_shortcuts/share/rosparam_shortcuts/config/example.yaml
[68.258s] -- Installing: /home/ugv-c7/CodeWorkspace/UGV-Robot/ros2_humble_colcon_ws/install/rosparam_shortcuts/share/rosparam_shortcuts/environment/library_path.sh
[68.258s] -- Installing: /home/ugv-c7/CodeWorkspace/UGV-Robot/ros2_humble_colcon_ws/install/rosparam_shortcuts/share/rosparam_shortcuts/environment/library_path.dsv
[68.260s] -- Installing: /home/ugv-c7/CodeWorkspace/UGV-Robot/ros2_humble_colcon_ws/install/rosparam_shortcuts/share/ament_index/resource_index/package_run_dependencies/rosparam_shortcuts
[68.260s] -- Installing: /home/ugv-c7/CodeWorkspace/UGV-Robot/ros2_humble_colcon_ws/install/rosparam_shortcuts/share/ament_index/resource_index/parent_prefix_path/rosparam_shortcuts
[68.260s] -- Installing: /home/ugv-c7/CodeWorkspace/UGV-Robot/ros2_humble_colcon_ws/install/rosparam_shortcuts/share/rosparam_shortcuts/environment/ament_prefix_path.sh
[68.261s] -- Installing: /home/ugv-c7/CodeWorkspace/UGV-Robot/ros2_humble_colcon_ws/install/rosparam_shortcuts/share/rosparam_shortcuts/environment/ament_prefix_path.dsv
[68.261s] -- Installing: /home/ugv-c7/CodeWorkspace/UGV-Robot/ros2_humble_colcon_ws/install/rosparam_shortcuts/share/rosparam_shortcuts/environment/path.sh
[68.261s] -- Installing: /home/ugv-c7/CodeWorkspace/UGV-Robot/ros2_humble_colcon_ws/install/rosparam_shortcuts/share/rosparam_shortcuts/environment/path.dsv
[68.262s] -- Installing: /home/ugv-c7/CodeWorkspace/UGV-Robot/ros2_humble_colcon_ws/install/rosparam_shortcuts/share/rosparam_shortcuts/local_setup.bash
[68.262s] -- Installing: /home/ugv-c7/CodeWorkspace/UGV-Robot/ros2_humble_colcon_ws/install/rosparam_shortcuts/share/rosparam_shortcuts/local_setup.sh
[68.262s] -- Installing: /home/ugv-c7/CodeWorkspace/UGV-Robot/ros2_humble_colcon_ws/install/rosparam_shortcuts/share/rosparam_shortcuts/local_setup.zsh
[68.263s] -- Installing: /home/ugv-c7/CodeWorkspace/UGV-Robot/ros2_humble_colcon_ws/install/rosparam_shortcuts/share/rosparam_shortcuts/local_setup.dsv
[68.263s] -- Installing: /home/ugv-c7/CodeWorkspace/UGV-Robot/ros2_humble_colcon_ws/install/rosparam_shortcuts/share/rosparam_shortcuts/package.dsv
[68.263s] -- Installing: /home/ugv-c7/CodeWorkspace/UGV-Robot/ros2_humble_colcon_ws/install/rosparam_shortcuts/share/ament_index/resource_index/packages/rosparam_shortcuts
[68.264s] -- Installing: /home/ugv-c7/CodeWorkspace/UGV-Robot/ros2_humble_colcon_ws/install/rosparam_shortcuts/share/rosparam_shortcuts/cmake/export_rosparam_shortcutsExport.cmake
[68.264s] -- Installing: /home/ugv-c7/CodeWorkspace/UGV-Robot/ros2_humble_colcon_ws/install/rosparam_shortcuts/share/rosparam_shortcuts/cmake/export_rosparam_shortcutsExport-noconfig.cmake
[68.265s] -- Installing: /home/ugv-c7/CodeWorkspace/UGV-Robot/ros2_humble_colcon_ws/install/rosparam_shortcuts/share/rosparam_shortcuts/cmake/ament_cmake_export_targets-extras.cmake
[68.265s] -- Installing: /home/ugv-c7/CodeWorkspace/UGV-Robot/ros2_humble_colcon_ws/install/rosparam_shortcuts/share/rosparam_shortcuts/cmake/ament_cmake_export_dependencies-extras.cmake
[68.265s] -- Installing: /home/ugv-c7/CodeWorkspace/UGV-Robot/ros2_humble_colcon_ws/install/rosparam_shortcuts/share/rosparam_shortcuts/cmake/rosparam_shortcutsConfig.cmake
[68.265s] -- Installing: /home/ugv-c7/CodeWorkspace/UGV-Robot/ros2_humble_colcon_ws/install/rosparam_shortcuts/share/rosparam_shortcuts/cmake/rosparam_shortcutsConfig-version.cmake
[68.266s] -- Installing: /home/ugv-c7/CodeWorkspace/UGV-Robot/ros2_humble_colcon_ws/install/rosparam_shortcuts/share/rosparam_shortcuts/package.xml
[68.289s] Invoked command in '/home/ugv-c7/CodeWorkspace/UGV-Robot/ros2_humble_colcon_ws/build/rosparam_shortcuts' returned '0': CMAKE_PREFIX_PATH=${CMAKE_PREFIX_PATH}:/home/ugv-c7/CodeWorkspace/UGV-Robot/ros2_humble_colcon_ws/install/py_pub_sub:/opt/ros/humble /usr/bin/cmake --install /home/ugv-c7/CodeWorkspace/UGV-Robot/ros2_humble_colcon_ws/build/rosparam_shortcuts
