[0.057s] Invoking command in '/home/ugv-c7/CodeWorkspace/UGV-Robot/ros2_humble_colcon_ws/build/moveit_resources_pr2_description': CMAKE_PREFIX_PATH=${CMAKE_PREFIX_PATH}:/home/ugv-c7/CodeWorkspace/UGV-Robot/ros2_humble_colcon_ws/install/py_pub_sub:/opt/ros/humble /usr/bin/cmake /home/ugv-c7/CodeWorkspace/UGV-Robot/ros2_humble_colcon_ws/src/moveit_resources/pr2_description -DCMAKE_INSTALL_PREFIX=/home/ugv-c7/CodeWorkspace/UGV-Robot/ros2_humble_colcon_ws/install/moveit_resources_pr2_description
[0.870s] -- The C compiler identification is GNU 11.4.0
[0.870s] -- The CXX compiler identification is GNU 11.4.0
[0.870s] -- Detecting C compiler ABI info
[0.871s] -- Detecting C compiler ABI info - done
[0.871s] -- Check for working C compiler: /usr/bin/cc - skipped
[0.871s] -- Detecting C compile features
[0.871s] -- Detecting C compile features - done
[0.871s] -- Detecting CXX compiler ABI info
[0.871s] -- Detecting CXX compiler ABI info - done
[0.871s] -- Check for working CXX compiler: /usr/bin/c++ - skipped
[0.871s] -- Detecting CXX compile features
[0.872s] -- Detecting CXX compile features - done
[0.872s] -- Found ament_cmake: 1.3.11 (/opt/ros/humble/share/ament_cmake/cmake)
[1.278s] -- Found Python3: /usr/bin/python3 (found version "3.10.12") found components: Interpreter 
[1.772s] -- Configuring done
[1.779s] -- Generating done
[1.786s] -- Build files have been written to: /home/ugv-c7/CodeWorkspace/UGV-Robot/ros2_humble_colcon_ws/build/moveit_resources_pr2_description
[1.807s] Invoked command in '/home/ugv-c7/CodeWorkspace/UGV-Robot/ros2_humble_colcon_ws/build/moveit_resources_pr2_description' returned '0': CMAKE_PREFIX_PATH=${CMAKE_PREFIX_PATH}:/home/ugv-c7/CodeWorkspace/UGV-Robot/ros2_humble_colcon_ws/install/py_pub_sub:/opt/ros/humble /usr/bin/cmake /home/ugv-c7/CodeWorkspace/UGV-Robot/ros2_humble_colcon_ws/src/moveit_resources/pr2_description -DCMAKE_INSTALL_PREFIX=/home/ugv-c7/CodeWorkspace/UGV-Robot/ros2_humble_colcon_ws/install/moveit_resources_pr2_description
[1.812s] Invoking command in '/home/ugv-c7/CodeWorkspace/UGV-Robot/ros2_humble_colcon_ws/build/moveit_resources_pr2_description': CMAKE_PREFIX_PATH=${CMAKE_PREFIX_PATH}:/home/ugv-c7/CodeWorkspace/UGV-Robot/ros2_humble_colcon_ws/install/py_pub_sub:/opt/ros/humble /usr/bin/cmake --build /home/ugv-c7/CodeWorkspace/UGV-Robot/ros2_humble_colcon_ws/build/moveit_resources_pr2_description -- -j6 -l6
[1.917s] Invoked command in '/home/ugv-c7/CodeWorkspace/UGV-Robot/ros2_humble_colcon_ws/build/moveit_resources_pr2_description' returned '0': CMAKE_PREFIX_PATH=${CMAKE_PREFIX_PATH}:/home/ugv-c7/CodeWorkspace/UGV-Robot/ros2_humble_colcon_ws/install/py_pub_sub:/opt/ros/humble /usr/bin/cmake --build /home/ugv-c7/CodeWorkspace/UGV-Robot/ros2_humble_colcon_ws/build/moveit_resources_pr2_description -- -j6 -l6
[1.922s] Invoking command in '/home/ugv-c7/CodeWorkspace/UGV-Robot/ros2_humble_colcon_ws/build/moveit_resources_pr2_description': CMAKE_PREFIX_PATH=${CMAKE_PREFIX_PATH}:/home/ugv-c7/CodeWorkspace/UGV-Robot/ros2_humble_colcon_ws/install/py_pub_sub:/opt/ros/humble /usr/bin/cmake --install /home/ugv-c7/CodeWorkspace/UGV-Robot/ros2_humble_colcon_ws/build/moveit_resources_pr2_description
[1.949s] -- Install configuration: ""
[1.953s] -- Installing: /home/ugv-c7/CodeWorkspace/UGV-Robot/ros2_humble_colcon_ws/install/moveit_resources_pr2_description/share/ament_index/resource_index/package_run_dependencies/moveit_resources_pr2_description
[1.960s] -- Installing: /home/ugv-c7/CodeWorkspace/UGV-Robot/ros2_humble_colcon_ws/install/moveit_resources_pr2_description/share/ament_index/resource_index/parent_prefix_path/moveit_resources_pr2_description
[1.961s] -- Installing: /home/ugv-c7/CodeWorkspace/UGV-Robot/ros2_humble_colcon_ws/install/moveit_resources_pr2_description/share/moveit_resources_pr2_description/environment/ament_prefix_path.sh
[1.962s] -- Installing: /home/ugv-c7/CodeWorkspace/UGV-Robot/ros2_humble_colcon_ws/install/moveit_resources_pr2_description/share/moveit_resources_pr2_description/environment/ament_prefix_path.dsv
[1.964s] -- Installing: /home/ugv-c7/CodeWorkspace/UGV-Robot/ros2_humble_colcon_ws/install/moveit_resources_pr2_description/share/moveit_resources_pr2_description/environment/path.sh
[1.965s] -- Installing: /home/ugv-c7/CodeWorkspace/UGV-Robot/ros2_humble_colcon_ws/install/moveit_resources_pr2_description/share/moveit_resources_pr2_description/environment/path.dsv
[1.966s] -- Installing: /home/ugv-c7/CodeWorkspace/UGV-Robot/ros2_humble_colcon_ws/install/moveit_resources_pr2_description/share/moveit_resources_pr2_description/local_setup.bash
[1.967s] -- Installing: /home/ugv-c7/CodeWorkspace/UGV-Robot/ros2_humble_colcon_ws/install/moveit_resources_pr2_description/share/moveit_resources_pr2_description/local_setup.sh
[1.968s] -- Installing: /home/ugv-c7/CodeWorkspace/UGV-Robot/ros2_humble_colcon_ws/install/moveit_resources_pr2_description/share/moveit_resources_pr2_description/local_setup.zsh
[1.969s] -- Installing: /home/ugv-c7/CodeWorkspace/UGV-Robot/ros2_humble_colcon_ws/install/moveit_resources_pr2_description/share/moveit_resources_pr2_description/local_setup.dsv
[1.970s] -- Installing: /home/ugv-c7/CodeWorkspace/UGV-Robot/ros2_humble_colcon_ws/install/moveit_resources_pr2_description/share/moveit_resources_pr2_description/package.dsv
[1.971s] -- Installing: /home/ugv-c7/CodeWorkspace/UGV-Robot/ros2_humble_colcon_ws/install/moveit_resources_pr2_description/share/ament_index/resource_index/packages/moveit_resources_pr2_description
[1.972s] -- Installing: /home/ugv-c7/CodeWorkspace/UGV-Robot/ros2_humble_colcon_ws/install/moveit_resources_pr2_description/share/moveit_resources_pr2_description/cmake/moveit_resources_pr2_descriptionConfig.cmake
[1.973s] -- Installing: /home/ugv-c7/CodeWorkspace/UGV-Robot/ros2_humble_colcon_ws/install/moveit_resources_pr2_description/share/moveit_resources_pr2_description/cmake/moveit_resources_pr2_descriptionConfig-version.cmake
[1.974s] -- Installing: /home/ugv-c7/CodeWorkspace/UGV-Robot/ros2_humble_colcon_ws/install/moveit_resources_pr2_description/share/moveit_resources_pr2_description/package.xml
[1.975s] -- Installing: /home/ugv-c7/CodeWorkspace/UGV-Robot/ros2_humble_colcon_ws/install/moveit_resources_pr2_description/share/moveit_resources_pr2_description/srdf
[1.976s] -- Installing: /home/ugv-c7/CodeWorkspace/UGV-Robot/ros2_humble_colcon_ws/install/moveit_resources_pr2_description/share/moveit_resources_pr2_description/srdf/robot.xml
[1.977s] -- Installing: /home/ugv-c7/CodeWorkspace/UGV-Robot/ros2_humble_colcon_ws/install/moveit_resources_pr2_description/share/moveit_resources_pr2_description/urdf
[1.977s] -- Installing: /home/ugv-c7/CodeWorkspace/UGV-Robot/ros2_humble_colcon_ws/install/moveit_resources_pr2_description/share/moveit_resources_pr2_description/urdf/meshes
[1.978s] -- Installing: /home/ugv-c7/CodeWorkspace/UGV-Robot/ros2_humble_colcon_ws/install/moveit_resources_pr2_description/share/moveit_resources_pr2_description/urdf/meshes/upper_arm_v0
[1.978s] -- Installing: /home/ugv-c7/CodeWorkspace/UGV-Robot/ros2_humble_colcon_ws/install/moveit_resources_pr2_description/share/moveit_resources_pr2_description/urdf/meshes/upper_arm_v0/forearm_roll.stl
[1.980s] -- Installing: /home/ugv-c7/CodeWorkspace/UGV-Robot/ros2_humble_colcon_ws/install/moveit_resources_pr2_description/share/moveit_resources_pr2_description/urdf/meshes/upper_arm_v0/upper_arm_normals.tif
[1.985s] -- Installing: /home/ugv-c7/CodeWorkspace/UGV-Robot/ros2_humble_colcon_ws/install/moveit_resources_pr2_description/share/moveit_resources_pr2_description/urdf/meshes/upper_arm_v0/elbow_flex.dae
[1.988s] -- Installing: /home/ugv-c7/CodeWorkspace/UGV-Robot/ros2_humble_colcon_ws/install/moveit_resources_pr2_description/share/moveit_resources_pr2_description/urdf/meshes/upper_arm_v0/upper_arm.jpg
[1.989s] -- Installing: /home/ugv-c7/CodeWorkspace/UGV-Robot/ros2_humble_colcon_ws/install/moveit_resources_pr2_description/share/moveit_resources_pr2_description/urdf/meshes/upper_arm_v0/elbow_flex_normals.tif
[1.995s] -- Installing: /home/ugv-c7/CodeWorkspace/UGV-Robot/ros2_humble_colcon_ws/install/moveit_resources_pr2_description/share/moveit_resources_pr2_description/urdf/meshes/upper_arm_v0/upper_arm.dae
[1.996s] -- Installing: /home/ugv-c7/CodeWorkspace/UGV-Robot/ros2_humble_colcon_ws/install/moveit_resources_pr2_description/share/moveit_resources_pr2_description/urdf/meshes/upper_arm_v0/upper_arm_color.tif
[1.997s] -- Installing: /home/ugv-c7/CodeWorkspace/UGV-Robot/ros2_humble_colcon_ws/install/moveit_resources_pr2_description/share/moveit_resources_pr2_description/urdf/meshes/upper_arm_v0/upper_arm.stl
[1.998s] -- Installing: /home/ugv-c7/CodeWorkspace/UGV-Robot/ros2_humble_colcon_ws/install/moveit_resources_pr2_description/share/moveit_resources_pr2_description/urdf/meshes/upper_arm_v0/elbow_flex.stl
[2.000s] -- Installing: /home/ugv-c7/CodeWorkspace/UGV-Robot/ros2_humble_colcon_ws/install/moveit_resources_pr2_description/share/moveit_resources_pr2_description/urdf/meshes/upper_arm_v0/forearm_roll_L.stl
[2.003s] -- Installing: /home/ugv-c7/CodeWorkspace/UGV-Robot/ros2_humble_colcon_ws/install/moveit_resources_pr2_description/share/moveit_resources_pr2_description/urdf/meshes/upper_arm_v0/convex
[2.005s] -- Installing: /home/ugv-c7/CodeWorkspace/UGV-Robot/ros2_humble_colcon_ws/install/moveit_resources_pr2_description/share/moveit_resources_pr2_description/urdf/meshes/upper_arm_v0/convex/forearm_roll_L.dae
[2.005s] -- Installing: /home/ugv-c7/CodeWorkspace/UGV-Robot/ros2_humble_colcon_ws/install/moveit_resources_pr2_description/share/moveit_resources_pr2_description/urdf/meshes/upper_arm_v0/convex/elbow_flex.xml
[2.006s] -- Installing: /home/ugv-c7/CodeWorkspace/UGV-Robot/ros2_humble_colcon_ws/install/moveit_resources_pr2_description/share/moveit_resources_pr2_description/urdf/meshes/upper_arm_v0/convex/upper_arm_convex.stlb
[2.006s] -- Installing: /home/ugv-c7/CodeWorkspace/UGV-Robot/ros2_humble_colcon_ws/install/moveit_resources_pr2_description/share/moveit_resources_pr2_description/urdf/meshes/upper_arm_v0/convex/elbow_flex.dae
[2.007s] -- Installing: /home/ugv-c7/CodeWorkspace/UGV-Robot/ros2_humble_colcon_ws/install/moveit_resources_pr2_description/share/moveit_resources_pr2_description/urdf/meshes/upper_arm_v0/convex/forearm_roll.xml
[2.008s] -- Installing: /home/ugv-c7/CodeWorkspace/UGV-Robot/ros2_humble_colcon_ws/install/moveit_resources_pr2_description/share/moveit_resources_pr2_description/urdf/meshes/upper_arm_v0/convex/upper_arm.dae
[2.010s] -- Installing: /home/ugv-c7/CodeWorkspace/UGV-Robot/ros2_humble_colcon_ws/install/moveit_resources_pr2_description/share/moveit_resources_pr2_description/urdf/meshes/upper_arm_v0/convex/upper_arm_convex.stla
[2.012s] -- Installing: /home/ugv-c7/CodeWorkspace/UGV-Robot/ros2_humble_colcon_ws/install/moveit_resources_pr2_description/share/moveit_resources_pr2_description/urdf/meshes/upper_arm_v0/convex/forearm_roll_convex.stla
[2.012s] -- Installing: /home/ugv-c7/CodeWorkspace/UGV-Robot/ros2_humble_colcon_ws/install/moveit_resources_pr2_description/share/moveit_resources_pr2_description/urdf/meshes/upper_arm_v0/convex/elbow_flex_convex.stla
[2.014s] -- Installing: /home/ugv-c7/CodeWorkspace/UGV-Robot/ros2_humble_colcon_ws/install/moveit_resources_pr2_description/share/moveit_resources_pr2_description/urdf/meshes/upper_arm_v0/convex/upper_arm.xml
[2.015s] -- Installing: /home/ugv-c7/CodeWorkspace/UGV-Robot/ros2_humble_colcon_ws/install/moveit_resources_pr2_description/share/moveit_resources_pr2_description/urdf/meshes/upper_arm_v0/convex/forearm_roll_L.xml
[2.015s] -- Installing: /home/ugv-c7/CodeWorkspace/UGV-Robot/ros2_humble_colcon_ws/install/moveit_resources_pr2_description/share/moveit_resources_pr2_description/urdf/meshes/upper_arm_v0/convex/forearm_roll_L_convex.stlb
[2.016s] -- Installing: /home/ugv-c7/CodeWorkspace/UGV-Robot/ros2_humble_colcon_ws/install/moveit_resources_pr2_description/share/moveit_resources_pr2_description/urdf/meshes/upper_arm_v0/convex/forearm_roll.dae
[2.017s] -- Installing: /home/ugv-c7/CodeWorkspace/UGV-Robot/ros2_humble_colcon_ws/install/moveit_resources_pr2_description/share/moveit_resources_pr2_description/urdf/meshes/upper_arm_v0/convex/forearm_roll_convex.stlb
[2.018s] -- Installing: /home/ugv-c7/CodeWorkspace/UGV-Robot/ros2_humble_colcon_ws/install/moveit_resources_pr2_description/share/moveit_resources_pr2_description/urdf/meshes/upper_arm_v0/convex/forearm_roll_L_convex.stla
[2.018s] -- Installing: /home/ugv-c7/CodeWorkspace/UGV-Robot/ros2_humble_colcon_ws/install/moveit_resources_pr2_description/share/moveit_resources_pr2_description/urdf/meshes/upper_arm_v0/convex/elbow_flex_convex.stlb
[2.018s] -- Installing: /home/ugv-c7/CodeWorkspace/UGV-Robot/ros2_humble_colcon_ws/install/moveit_resources_pr2_description/share/moveit_resources_pr2_description/urdf/meshes/upper_arm_v0/elbow_flex_color.tif
[2.019s] -- Installing: /home/ugv-c7/CodeWorkspace/UGV-Robot/ros2_humble_colcon_ws/install/moveit_resources_pr2_description/share/moveit_resources_pr2_description/urdf/meshes/forearm_v0
[2.019s] -- Installing: /home/ugv-c7/CodeWorkspace/UGV-Robot/ros2_humble_colcon_ws/install/moveit_resources_pr2_description/share/moveit_resources_pr2_description/urdf/meshes/forearm_v0/forearm.stl
[2.020s] -- Installing: /home/ugv-c7/CodeWorkspace/UGV-Robot/ros2_humble_colcon_ws/install/moveit_resources_pr2_description/share/moveit_resources_pr2_description/urdf/meshes/forearm_v0/wrist_roll.stl
[2.020s] -- Installing: /home/ugv-c7/CodeWorkspace/UGV-Robot/ros2_humble_colcon_ws/install/moveit_resources_pr2_description/share/moveit_resources_pr2_description/urdf/meshes/forearm_v0/forearm_color.tif
[2.030s] -- Installing: /home/ugv-c7/CodeWorkspace/UGV-Robot/ros2_humble_colcon_ws/install/moveit_resources_pr2_description/share/moveit_resources_pr2_description/urdf/meshes/forearm_v0/forearm.dae
[2.030s] -- Installing: /home/ugv-c7/CodeWorkspace/UGV-Robot/ros2_humble_colcon_ws/install/moveit_resources_pr2_description/share/moveit_resources_pr2_description/urdf/meshes/forearm_v0/forearm_normals.tif
[2.034s] -- Installing: /home/ugv-c7/CodeWorkspace/UGV-Robot/ros2_humble_colcon_ws/install/moveit_resources_pr2_description/share/moveit_resources_pr2_description/urdf/meshes/forearm_v0/wrist_color.tif
[2.035s] -- Installing: /home/ugv-c7/CodeWorkspace/UGV-Robot/ros2_humble_colcon_ws/install/moveit_resources_pr2_description/share/moveit_resources_pr2_description/urdf/meshes/forearm_v0/wrist_roll_L.stl
[2.035s] -- Installing: /home/ugv-c7/CodeWorkspace/UGV-Robot/ros2_humble_colcon_ws/install/moveit_resources_pr2_description/share/moveit_resources_pr2_description/urdf/meshes/forearm_v0/convex
[2.036s] -- Installing: /home/ugv-c7/CodeWorkspace/UGV-Robot/ros2_humble_colcon_ws/install/moveit_resources_pr2_description/share/moveit_resources_pr2_description/urdf/meshes/forearm_v0/convex/forearm_convex.stlb
[2.036s] -- Installing: /home/ugv-c7/CodeWorkspace/UGV-Robot/ros2_humble_colcon_ws/install/moveit_resources_pr2_description/share/moveit_resources_pr2_description/urdf/meshes/forearm_v0/convex/wrist_flex_convex.stlb
[2.036s] -- Installing: /home/ugv-c7/CodeWorkspace/UGV-Robot/ros2_humble_colcon_ws/install/moveit_resources_pr2_description/share/moveit_resources_pr2_description/urdf/meshes/forearm_v0/convex/wrist_roll_L.dae
[2.037s] -- Installing: /home/ugv-c7/CodeWorkspace/UGV-Robot/ros2_humble_colcon_ws/install/moveit_resources_pr2_description/share/moveit_resources_pr2_description/urdf/meshes/forearm_v0/convex/forearm_convex.stla
[2.037s] -- Installing: /home/ugv-c7/CodeWorkspace/UGV-Robot/ros2_humble_colcon_ws/install/moveit_resources_pr2_description/share/moveit_resources_pr2_description/urdf/meshes/forearm_v0/convex/forearm.dae
[2.038s] -- Installing: /home/ugv-c7/CodeWorkspace/UGV-Robot/ros2_humble_colcon_ws/install/moveit_resources_pr2_description/share/moveit_resources_pr2_description/urdf/meshes/forearm_v0/convex/wrist_roll_L_convex.stlb
[2.038s] -- Installing: /home/ugv-c7/CodeWorkspace/UGV-Robot/ros2_humble_colcon_ws/install/moveit_resources_pr2_description/share/moveit_resources_pr2_description/urdf/meshes/forearm_v0/convex/wrist_roll_L_convex.stla
[2.038s] -- Installing: /home/ugv-c7/CodeWorkspace/UGV-Robot/ros2_humble_colcon_ws/install/moveit_resources_pr2_description/share/moveit_resources_pr2_description/urdf/meshes/forearm_v0/convex/wrist_roll_convex.stlb
[2.038s] -- Installing: /home/ugv-c7/CodeWorkspace/UGV-Robot/ros2_humble_colcon_ws/install/moveit_resources_pr2_description/share/moveit_resources_pr2_description/urdf/meshes/forearm_v0/convex/wrist_roll_L.xml
[2.039s] -- Installing: /home/ugv-c7/CodeWorkspace/UGV-Robot/ros2_humble_colcon_ws/install/moveit_resources_pr2_description/share/moveit_resources_pr2_description/urdf/meshes/forearm_v0/convex/wrist_roll.xml
[2.039s] -- Installing: /home/ugv-c7/CodeWorkspace/UGV-Robot/ros2_humble_colcon_ws/install/moveit_resources_pr2_description/share/moveit_resources_pr2_description/urdf/meshes/forearm_v0/convex/wrist_flex.xml
[2.039s] -- Installing: /home/ugv-c7/CodeWorkspace/UGV-Robot/ros2_humble_colcon_ws/install/moveit_resources_pr2_description/share/moveit_resources_pr2_description/urdf/meshes/forearm_v0/convex/wrist_flex_convex.stla
[2.040s] -- Installing: /home/ugv-c7/CodeWorkspace/UGV-Robot/ros2_humble_colcon_ws/install/moveit_resources_pr2_description/share/moveit_resources_pr2_description/urdf/meshes/forearm_v0/convex/forearm.xml
[2.040s] -- Installing: /home/ugv-c7/CodeWorkspace/UGV-Robot/ros2_humble_colcon_ws/install/moveit_resources_pr2_description/share/moveit_resources_pr2_description/urdf/meshes/forearm_v0/convex/wrist_roll.dae
[2.040s] -- Installing: /home/ugv-c7/CodeWorkspace/UGV-Robot/ros2_humble_colcon_ws/install/moveit_resources_pr2_description/share/moveit_resources_pr2_description/urdf/meshes/forearm_v0/convex/wrist_flex.dae
[2.041s] -- Installing: /home/ugv-c7/CodeWorkspace/UGV-Robot/ros2_humble_colcon_ws/install/moveit_resources_pr2_description/share/moveit_resources_pr2_description/urdf/meshes/forearm_v0/convex/wrist_roll_convex.stla
[2.041s] -- Installing: /home/ugv-c7/CodeWorkspace/UGV-Robot/ros2_humble_colcon_ws/install/moveit_resources_pr2_description/share/moveit_resources_pr2_description/urdf/meshes/forearm_v0/wrist_flex.dae
[2.042s] -- Installing: /home/ugv-c7/CodeWorkspace/UGV-Robot/ros2_humble_colcon_ws/install/moveit_resources_pr2_description/share/moveit_resources_pr2_description/urdf/meshes/forearm_v0/wrist_flex.stl
[2.042s] -- Installing: /home/ugv-c7/CodeWorkspace/UGV-Robot/ros2_humble_colcon_ws/install/moveit_resources_pr2_description/share/moveit_resources_pr2_description/urdf/meshes/forearm_v0/forearm.jpg
[2.043s] -- Installing: /home/ugv-c7/CodeWorkspace/UGV-Robot/ros2_humble_colcon_ws/install/moveit_resources_pr2_description/share/moveit_resources_pr2_description/urdf/meshes/forearm_v0/wrist_normals.tif
[2.045s] -- Installing: /home/ugv-c7/CodeWorkspace/UGV-Robot/ros2_humble_colcon_ws/install/moveit_resources_pr2_description/share/moveit_resources_pr2_description/urdf/meshes/head_v0
[2.045s] -- Installing: /home/ugv-c7/CodeWorkspace/UGV-Robot/ros2_humble_colcon_ws/install/moveit_resources_pr2_description/share/moveit_resources_pr2_description/urdf/meshes/head_v0/head_tilt_color_yellow.tif
[2.046s] -- Installing: /home/ugv-c7/CodeWorkspace/UGV-Robot/ros2_humble_colcon_ws/install/moveit_resources_pr2_description/share/moveit_resources_pr2_description/urdf/meshes/head_v0/head_tilt_color.tif
[2.055s] -- Installing: /home/ugv-c7/CodeWorkspace/UGV-Robot/ros2_humble_colcon_ws/install/moveit_resources_pr2_description/share/moveit_resources_pr2_description/urdf/meshes/head_v0/head_tilt_green.tif
[2.056s] -- Installing: /home/ugv-c7/CodeWorkspace/UGV-Robot/ros2_humble_colcon_ws/install/moveit_resources_pr2_description/share/moveit_resources_pr2_description/urdf/meshes/head_v0/head_tilt_normals.tif
[2.059s] -- Installing: /home/ugv-c7/CodeWorkspace/UGV-Robot/ros2_humble_colcon_ws/install/moveit_resources_pr2_description/share/moveit_resources_pr2_description/urdf/meshes/head_v0/head_pan.dae
[2.061s] -- Installing: /home/ugv-c7/CodeWorkspace/UGV-Robot/ros2_humble_colcon_ws/install/moveit_resources_pr2_description/share/moveit_resources_pr2_description/urdf/meshes/head_v0/head_tilt_color_red.tif
[2.066s] -- Installing: /home/ugv-c7/CodeWorkspace/UGV-Robot/ros2_humble_colcon_ws/install/moveit_resources_pr2_description/share/moveit_resources_pr2_description/urdf/meshes/head_v0/head_tilt.dae
[2.072s] -- Installing: /home/ugv-c7/CodeWorkspace/UGV-Robot/ros2_humble_colcon_ws/install/moveit_resources_pr2_description/share/moveit_resources_pr2_description/urdf/meshes/head_v0/head_tilt_L.stl
[2.073s] -- Installing: /home/ugv-c7/CodeWorkspace/UGV-Robot/ros2_humble_colcon_ws/install/moveit_resources_pr2_description/share/moveit_resources_pr2_description/urdf/meshes/head_v0/head_pan_color.tif
[2.073s] -- Installing: /home/ugv-c7/CodeWorkspace/UGV-Robot/ros2_humble_colcon_ws/install/moveit_resources_pr2_description/share/moveit_resources_pr2_description/urdf/meshes/head_v0/head_pan.stl
[2.073s] -- Installing: /home/ugv-c7/CodeWorkspace/UGV-Robot/ros2_humble_colcon_ws/install/moveit_resources_pr2_description/share/moveit_resources_pr2_description/urdf/meshes/head_v0/head_pan_L.stl
[2.073s] -- Installing: /home/ugv-c7/CodeWorkspace/UGV-Robot/ros2_humble_colcon_ws/install/moveit_resources_pr2_description/share/moveit_resources_pr2_description/urdf/meshes/head_v0/convex
[2.073s] -- Installing: /home/ugv-c7/CodeWorkspace/UGV-Robot/ros2_humble_colcon_ws/install/moveit_resources_pr2_description/share/moveit_resources_pr2_description/urdf/meshes/head_v0/convex/head_tilt_L.xml
[2.074s] -- Installing: /home/ugv-c7/CodeWorkspace/UGV-Robot/ros2_humble_colcon_ws/install/moveit_resources_pr2_description/share/moveit_resources_pr2_description/urdf/meshes/head_v0/convex/head_tilt_convex.stla
[2.074s] -- Installing: /home/ugv-c7/CodeWorkspace/UGV-Robot/ros2_humble_colcon_ws/install/moveit_resources_pr2_description/share/moveit_resources_pr2_description/urdf/meshes/head_v0/convex/head_pan_convex.stlb
[2.074s] -- Installing: /home/ugv-c7/CodeWorkspace/UGV-Robot/ros2_humble_colcon_ws/install/moveit_resources_pr2_description/share/moveit_resources_pr2_description/urdf/meshes/head_v0/convex/head_pan.xml
[2.074s] -- Installing: /home/ugv-c7/CodeWorkspace/UGV-Robot/ros2_humble_colcon_ws/install/moveit_resources_pr2_description/share/moveit_resources_pr2_description/urdf/meshes/head_v0/convex/head_pan.dae
[2.074s] -- Installing: /home/ugv-c7/CodeWorkspace/UGV-Robot/ros2_humble_colcon_ws/install/moveit_resources_pr2_description/share/moveit_resources_pr2_description/urdf/meshes/head_v0/convex/head_tilt.xml
[2.074s] -- Installing: /home/ugv-c7/CodeWorkspace/UGV-Robot/ros2_humble_colcon_ws/install/moveit_resources_pr2_description/share/moveit_resources_pr2_description/urdf/meshes/head_v0/convex/head_tilt.dae
[2.074s] -- Installing: /home/ugv-c7/CodeWorkspace/UGV-Robot/ros2_humble_colcon_ws/install/moveit_resources_pr2_description/share/moveit_resources_pr2_description/urdf/meshes/head_v0/convex/head_pan_convex.stla
[2.075s] -- Installing: /home/ugv-c7/CodeWorkspace/UGV-Robot/ros2_humble_colcon_ws/install/moveit_resources_pr2_description/share/moveit_resources_pr2_description/urdf/meshes/head_v0/convex/head_pan_L_convex.stlb
[2.075s] -- Installing: /home/ugv-c7/CodeWorkspace/UGV-Robot/ros2_humble_colcon_ws/install/moveit_resources_pr2_description/share/moveit_resources_pr2_description/urdf/meshes/head_v0/convex/head_pan_L_convex.stla
[2.075s] -- Installing: /home/ugv-c7/CodeWorkspace/UGV-Robot/ros2_humble_colcon_ws/install/moveit_resources_pr2_description/share/moveit_resources_pr2_description/urdf/meshes/head_v0/convex/head_pan_L.xml
[2.075s] -- Installing: /home/ugv-c7/CodeWorkspace/UGV-Robot/ros2_humble_colcon_ws/install/moveit_resources_pr2_description/share/moveit_resources_pr2_description/urdf/meshes/head_v0/convex/head_tilt_L.dae
[2.075s] -- Installing: /home/ugv-c7/CodeWorkspace/UGV-Robot/ros2_humble_colcon_ws/install/moveit_resources_pr2_description/share/moveit_resources_pr2_description/urdf/meshes/head_v0/convex/head_tilt_convex.stlb
[2.075s] -- Installing: /home/ugv-c7/CodeWorkspace/UGV-Robot/ros2_humble_colcon_ws/install/moveit_resources_pr2_description/share/moveit_resources_pr2_description/urdf/meshes/head_v0/convex/head_tilt_L_convex.stlb
[2.076s] -- Installing: /home/ugv-c7/CodeWorkspace/UGV-Robot/ros2_humble_colcon_ws/install/moveit_resources_pr2_description/share/moveit_resources_pr2_description/urdf/meshes/head_v0/convex/head_tilt_L_convex.stla
[2.076s] -- Installing: /home/ugv-c7/CodeWorkspace/UGV-Robot/ros2_humble_colcon_ws/install/moveit_resources_pr2_description/share/moveit_resources_pr2_description/urdf/meshes/head_v0/convex/head_pan_L.dae
[2.076s] -- Installing: /home/ugv-c7/CodeWorkspace/UGV-Robot/ros2_humble_colcon_ws/install/moveit_resources_pr2_description/share/moveit_resources_pr2_description/urdf/meshes/head_v0/head_pan_normals.tif
[2.078s] -- Installing: /home/ugv-c7/CodeWorkspace/UGV-Robot/ros2_humble_colcon_ws/install/moveit_resources_pr2_description/share/moveit_resources_pr2_description/urdf/meshes/head_v0/head_tilt.stl
[2.078s] -- Installing: /home/ugv-c7/CodeWorkspace/UGV-Robot/ros2_humble_colcon_ws/install/moveit_resources_pr2_description/share/moveit_resources_pr2_description/urdf/meshes/torso_v0
[2.078s] -- Installing: /home/ugv-c7/CodeWorkspace/UGV-Robot/ros2_humble_colcon_ws/install/moveit_resources_pr2_description/share/moveit_resources_pr2_description/urdf/meshes/torso_v0/torso_lift_color.tif
[2.080s] -- Installing: /home/ugv-c7/CodeWorkspace/UGV-Robot/ros2_humble_colcon_ws/install/moveit_resources_pr2_description/share/moveit_resources_pr2_description/urdf/meshes/torso_v0/torso_lift.dae
[2.080s] -- Installing: /home/ugv-c7/CodeWorkspace/UGV-Robot/ros2_humble_colcon_ws/install/moveit_resources_pr2_description/share/moveit_resources_pr2_description/urdf/meshes/torso_v0/torso_lift_normals.tif
[2.082s] -- Installing: /home/ugv-c7/CodeWorkspace/UGV-Robot/ros2_humble_colcon_ws/install/moveit_resources_pr2_description/share/moveit_resources_pr2_description/urdf/meshes/torso_v0/torso_lift.stl
[2.083s] -- Installing: /home/ugv-c7/CodeWorkspace/UGV-Robot/ros2_humble_colcon_ws/install/moveit_resources_pr2_description/share/moveit_resources_pr2_description/urdf/meshes/torso_v0/torso.stl
[2.083s] -- Installing: /home/ugv-c7/CodeWorkspace/UGV-Robot/ros2_humble_colcon_ws/install/moveit_resources_pr2_description/share/moveit_resources_pr2_description/urdf/meshes/torso_v0/convex
[2.083s] -- Installing: /home/ugv-c7/CodeWorkspace/UGV-Robot/ros2_humble_colcon_ws/install/moveit_resources_pr2_description/share/moveit_resources_pr2_description/urdf/meshes/torso_v0/convex/torso_lift_L_convex.stla
[2.083s] -- Installing: /home/ugv-c7/CodeWorkspace/UGV-Robot/ros2_humble_colcon_ws/install/moveit_resources_pr2_description/share/moveit_resources_pr2_description/urdf/meshes/torso_v0/convex/torso.dae
[2.084s] -- Installing: /home/ugv-c7/CodeWorkspace/UGV-Robot/ros2_humble_colcon_ws/install/moveit_resources_pr2_description/share/moveit_resources_pr2_description/urdf/meshes/torso_v0/convex/torso_lift.dae
[2.085s] -- Installing: /home/ugv-c7/CodeWorkspace/UGV-Robot/ros2_humble_colcon_ws/install/moveit_resources_pr2_description/share/moveit_resources_pr2_description/urdf/meshes/torso_v0/convex/torso_lift_L.dae
[2.085s] -- Installing: /home/ugv-c7/CodeWorkspace/UGV-Robot/ros2_humble_colcon_ws/install/moveit_resources_pr2_description/share/moveit_resources_pr2_description/urdf/meshes/torso_v0/convex/torso_lift_L.xml
[2.086s] -- Installing: /home/ugv-c7/CodeWorkspace/UGV-Robot/ros2_humble_colcon_ws/install/moveit_resources_pr2_description/share/moveit_resources_pr2_description/urdf/meshes/torso_v0/convex/torso_lift_convex.stla
[2.086s] -- Installing: /home/ugv-c7/CodeWorkspace/UGV-Robot/ros2_humble_colcon_ws/install/moveit_resources_pr2_description/share/moveit_resources_pr2_description/urdf/meshes/torso_v0/convex/torso_lift.xml
[2.086s] -- Installing: /home/ugv-c7/CodeWorkspace/UGV-Robot/ros2_humble_colcon_ws/install/moveit_resources_pr2_description/share/moveit_resources_pr2_description/urdf/meshes/torso_v0/convex/torso_convex.stla
[2.086s] -- Installing: /home/ugv-c7/CodeWorkspace/UGV-Robot/ros2_humble_colcon_ws/install/moveit_resources_pr2_description/share/moveit_resources_pr2_description/urdf/meshes/torso_v0/convex/torso_lift_convex.stlb
[2.088s] -- Installing: /home/ugv-c7/CodeWorkspace/UGV-Robot/ros2_humble_colcon_ws/install/moveit_resources_pr2_description/share/moveit_resources_pr2_description/urdf/meshes/torso_v0/convex/torso_convex.stlb
[2.089s] -- Installing: /home/ugv-c7/CodeWorkspace/UGV-Robot/ros2_humble_colcon_ws/install/moveit_resources_pr2_description/share/moveit_resources_pr2_description/urdf/meshes/torso_v0/convex/torso.xml
[2.089s] -- Installing: /home/ugv-c7/CodeWorkspace/UGV-Robot/ros2_humble_colcon_ws/install/moveit_resources_pr2_description/share/moveit_resources_pr2_description/urdf/meshes/torso_v0/convex/torso_lift_L_convex.stlb
[2.089s] -- Installing: /home/ugv-c7/CodeWorkspace/UGV-Robot/ros2_humble_colcon_ws/install/moveit_resources_pr2_description/share/moveit_resources_pr2_description/urdf/meshes/torso_v0/torso_lift_L.stl
[2.089s] -- Installing: /home/ugv-c7/CodeWorkspace/UGV-Robot/ros2_humble_colcon_ws/install/moveit_resources_pr2_description/share/moveit_resources_pr2_description/urdf/meshes/gripper_v0
[2.090s] -- Installing: /home/ugv-c7/CodeWorkspace/UGV-Robot/ros2_humble_colcon_ws/install/moveit_resources_pr2_description/share/moveit_resources_pr2_description/urdf/meshes/gripper_v0/gripper_palm_color.tif
[2.090s] -- Installing: /home/ugv-c7/CodeWorkspace/UGV-Robot/ros2_humble_colcon_ws/install/moveit_resources_pr2_description/share/moveit_resources_pr2_description/urdf/meshes/gripper_v0/finger_tip_pad2_r.stl
[2.090s] -- Installing: /home/ugv-c7/CodeWorkspace/UGV-Robot/ros2_humble_colcon_ws/install/moveit_resources_pr2_description/share/moveit_resources_pr2_description/urdf/meshes/gripper_v0/finger_tip_H_UV_100430.dae
[2.109s] -- Installing: /home/ugv-c7/CodeWorkspace/UGV-Robot/ros2_humble_colcon_ws/install/moveit_resources_pr2_description/share/moveit_resources_pr2_description/urdf/meshes/gripper_v0/palm_H_Color_100430.tif
[2.109s] -- Installing: /home/ugv-c7/CodeWorkspace/UGV-Robot/ros2_humble_colcon_ws/install/moveit_resources_pr2_description/share/moveit_resources_pr2_description/urdf/meshes/gripper_v0/float_H_Color_100430.tif
[2.109s] -- Installing: /home/ugv-c7/CodeWorkspace/UGV-Robot/ros2_humble_colcon_ws/install/moveit_resources_pr2_description/share/moveit_resources_pr2_description/urdf/meshes/gripper_v0/l_finger_tip_color.tif
[2.110s] -- Installing: /home/ugv-c7/CodeWorkspace/UGV-Robot/ros2_humble_colcon_ws/install/moveit_resources_pr2_description/share/moveit_resources_pr2_description/urdf/meshes/gripper_v0/fingertip_H_Color_100430.tif
[2.110s] -- Installing: /home/ugv-c7/CodeWorkspace/UGV-Robot/ros2_humble_colcon_ws/install/moveit_resources_pr2_description/share/moveit_resources_pr2_description/urdf/meshes/gripper_v0/l_finger_color.tif
[2.110s] -- Installing: /home/ugv-c7/CodeWorkspace/UGV-Robot/ros2_humble_colcon_ws/install/moveit_resources_pr2_description/share/moveit_resources_pr2_description/urdf/meshes/gripper_v0/upper_finger_r.stl
[2.110s] -- Installing: /home/ugv-c7/CodeWorkspace/UGV-Robot/ros2_humble_colcon_ws/install/moveit_resources_pr2_description/share/moveit_resources_pr2_description/urdf/meshes/gripper_v0/upper_finger_l.stl
[2.110s] -- Installing: /home/ugv-c7/CodeWorkspace/UGV-Robot/ros2_humble_colcon_ws/install/moveit_resources_pr2_description/share/moveit_resources_pr2_description/urdf/meshes/gripper_v0/gripper_palm.stl
[2.110s] -- Installing: /home/ugv-c7/CodeWorkspace/UGV-Robot/ros2_humble_colcon_ws/install/moveit_resources_pr2_description/share/moveit_resources_pr2_description/urdf/meshes/gripper_v0/gripper_palm_normals.tif
[2.111s] -- Installing: /home/ugv-c7/CodeWorkspace/UGV-Robot/ros2_humble_colcon_ws/install/moveit_resources_pr2_description/share/moveit_resources_pr2_description/urdf/meshes/gripper_v0/l_finger_normals.tif
[2.111s] -- Installing: /home/ugv-c7/CodeWorkspace/UGV-Robot/ros2_humble_colcon_ws/install/moveit_resources_pr2_description/share/moveit_resources_pr2_description/urdf/meshes/gripper_v0/finger_tip_r.stl
[2.111s] -- Installing: /home/ugv-c7/CodeWorkspace/UGV-Robot/ros2_humble_colcon_ws/install/moveit_resources_pr2_description/share/moveit_resources_pr2_description/urdf/meshes/gripper_v0/l_float_normals.tif
[2.111s] -- Installing: /home/ugv-c7/CodeWorkspace/UGV-Robot/ros2_humble_colcon_ws/install/moveit_resources_pr2_description/share/moveit_resources_pr2_description/urdf/meshes/gripper_v0/l_finger_tip.stl
[2.112s] -- Installing: /home/ugv-c7/CodeWorkspace/UGV-Robot/ros2_humble_colcon_ws/install/moveit_resources_pr2_description/share/moveit_resources_pr2_description/urdf/meshes/gripper_v0/palm_H_UV_100430.dae
[2.112s] -- Installing: /home/ugv-c7/CodeWorkspace/UGV-Robot/ros2_humble_colcon_ws/install/moveit_resources_pr2_description/share/moveit_resources_pr2_description/urdf/meshes/gripper_v0/l_float.dae
[2.112s] -- Installing: /home/ugv-c7/CodeWorkspace/UGV-Robot/ros2_humble_colcon_ws/install/moveit_resources_pr2_description/share/moveit_resources_pr2_description/urdf/meshes/gripper_v0/l_finger_tip.dae
[2.112s] -- Installing: /home/ugv-c7/CodeWorkspace/UGV-Robot/ros2_humble_colcon_ws/install/moveit_resources_pr2_description/share/moveit_resources_pr2_description/urdf/meshes/gripper_v0/gripper_palm.dae
[2.112s] -- Installing: /home/ugv-c7/CodeWorkspace/UGV-Robot/ros2_humble_colcon_ws/install/moveit_resources_pr2_description/share/moveit_resources_pr2_description/urdf/meshes/gripper_v0/l_finger_tip_normals.tif
[2.115s] -- Installing: /home/ugv-c7/CodeWorkspace/UGV-Robot/ros2_humble_colcon_ws/install/moveit_resources_pr2_description/share/moveit_resources_pr2_description/urdf/meshes/gripper_v0/l_finger.dae
[2.116s] -- Installing: /home/ugv-c7/CodeWorkspace/UGV-Robot/ros2_humble_colcon_ws/install/moveit_resources_pr2_description/share/moveit_resources_pr2_description/urdf/meshes/gripper_v0/finger_tip_pad2_l.stl
[2.116s] -- Installing: /home/ugv-c7/CodeWorkspace/UGV-Robot/ros2_humble_colcon_ws/install/moveit_resources_pr2_description/share/moveit_resources_pr2_description/urdf/meshes/gripper_v0/convex
[2.117s] -- Installing: /home/ugv-c7/CodeWorkspace/UGV-Robot/ros2_humble_colcon_ws/install/moveit_resources_pr2_description/share/moveit_resources_pr2_description/urdf/meshes/gripper_v0/convex/finger_tip_pad2_r.dae
[2.117s] -- Installing: /home/ugv-c7/CodeWorkspace/UGV-Robot/ros2_humble_colcon_ws/install/moveit_resources_pr2_description/share/moveit_resources_pr2_description/urdf/meshes/gripper_v0/convex/upper_finger_r_convex.stlb
[2.117s] -- Installing: /home/ugv-c7/CodeWorkspace/UGV-Robot/ros2_humble_colcon_ws/install/moveit_resources_pr2_description/share/moveit_resources_pr2_description/urdf/meshes/gripper_v0/convex/finger_tip_pad2_l_convex.stla
[2.118s] -- Installing: /home/ugv-c7/CodeWorkspace/UGV-Robot/ros2_humble_colcon_ws/install/moveit_resources_pr2_description/share/moveit_resources_pr2_description/urdf/meshes/gripper_v0/convex/gripper_palm_convex.stla
[2.118s] -- Installing: /home/ugv-c7/CodeWorkspace/UGV-Robot/ros2_humble_colcon_ws/install/moveit_resources_pr2_description/share/moveit_resources_pr2_description/urdf/meshes/gripper_v0/convex/finger_tip_r_convex.stla
[2.118s] -- Installing: /home/ugv-c7/CodeWorkspace/UGV-Robot/ros2_humble_colcon_ws/install/moveit_resources_pr2_description/share/moveit_resources_pr2_description/urdf/meshes/gripper_v0/convex/finger_tip_l.xml
[2.119s] -- Installing: /home/ugv-c7/CodeWorkspace/UGV-Robot/ros2_humble_colcon_ws/install/moveit_resources_pr2_description/share/moveit_resources_pr2_description/urdf/meshes/gripper_v0/convex/finger_tip_l_convex.stlb
[2.119s] -- Installing: /home/ugv-c7/CodeWorkspace/UGV-Robot/ros2_humble_colcon_ws/install/moveit_resources_pr2_description/share/moveit_resources_pr2_description/urdf/meshes/gripper_v0/convex/upper_finger_r.dae
[2.119s] -- Installing: /home/ugv-c7/CodeWorkspace/UGV-Robot/ros2_humble_colcon_ws/install/moveit_resources_pr2_description/share/moveit_resources_pr2_description/urdf/meshes/gripper_v0/convex/l_finger.xml
[2.119s] -- Installing: /home/ugv-c7/CodeWorkspace/UGV-Robot/ros2_humble_colcon_ws/install/moveit_resources_pr2_description/share/moveit_resources_pr2_description/urdf/meshes/gripper_v0/convex/upper_finger_l.dae
[2.120s] -- Installing: /home/ugv-c7/CodeWorkspace/UGV-Robot/ros2_humble_colcon_ws/install/moveit_resources_pr2_description/share/moveit_resources_pr2_description/urdf/meshes/gripper_v0/convex/upper_finger_l_convex.stla
[2.120s] -- Installing: /home/ugv-c7/CodeWorkspace/UGV-Robot/ros2_humble_colcon_ws/install/moveit_resources_pr2_description/share/moveit_resources_pr2_description/urdf/meshes/gripper_v0/convex/l_floating_convex.stla
[2.120s] -- Installing: /home/ugv-c7/CodeWorkspace/UGV-Robot/ros2_humble_colcon_ws/install/moveit_resources_pr2_description/share/moveit_resources_pr2_description/urdf/meshes/gripper_v0/convex/l_finger_tip_convex.stlb
[2.121s] -- Installing: /home/ugv-c7/CodeWorkspace/UGV-Robot/ros2_humble_colcon_ws/install/moveit_resources_pr2_description/share/moveit_resources_pr2_description/urdf/meshes/gripper_v0/convex/finger_tip_r.dae
[2.121s] -- Installing: /home/ugv-c7/CodeWorkspace/UGV-Robot/ros2_humble_colcon_ws/install/moveit_resources_pr2_description/share/moveit_resources_pr2_description/urdf/meshes/gripper_v0/convex/finger_tip_pad2_l_convex.stlb
[2.121s] -- Installing: /home/ugv-c7/CodeWorkspace/UGV-Robot/ros2_humble_colcon_ws/install/moveit_resources_pr2_description/share/moveit_resources_pr2_description/urdf/meshes/gripper_v0/convex/gripper_palm.xml
[2.121s] -- Installing: /home/ugv-c7/CodeWorkspace/UGV-Robot/ros2_humble_colcon_ws/install/moveit_resources_pr2_description/share/moveit_resources_pr2_description/urdf/meshes/gripper_v0/convex/l_floating.dae
[2.122s] -- Installing: /home/ugv-c7/CodeWorkspace/UGV-Robot/ros2_humble_colcon_ws/install/moveit_resources_pr2_description/share/moveit_resources_pr2_description/urdf/meshes/gripper_v0/convex/finger_tip_l.dae
[2.122s] -- Installing: /home/ugv-c7/CodeWorkspace/UGV-Robot/ros2_humble_colcon_ws/install/moveit_resources_pr2_description/share/moveit_resources_pr2_description/urdf/meshes/gripper_v0/convex/finger_tip_pad2_r_convex.stlb
[2.122s] -- Installing: /home/ugv-c7/CodeWorkspace/UGV-Robot/ros2_humble_colcon_ws/install/moveit_resources_pr2_description/share/moveit_resources_pr2_description/urdf/meshes/gripper_v0/convex/l_finger_convex.stla
[2.123s] -- Installing: /home/ugv-c7/CodeWorkspace/UGV-Robot/ros2_humble_colcon_ws/install/moveit_resources_pr2_description/share/moveit_resources_pr2_description/urdf/meshes/gripper_v0/convex/upper_finger_l_convex.stlb
[2.123s] -- Installing: /home/ugv-c7/CodeWorkspace/UGV-Robot/ros2_humble_colcon_ws/install/moveit_resources_pr2_description/share/moveit_resources_pr2_description/urdf/meshes/gripper_v0/convex/upper_finger_r_convex.stla
[2.123s] -- Installing: /home/ugv-c7/CodeWorkspace/UGV-Robot/ros2_humble_colcon_ws/install/moveit_resources_pr2_description/share/moveit_resources_pr2_description/urdf/meshes/gripper_v0/convex/l_finger_tip_convex.stla
[2.123s] -- Installing: /home/ugv-c7/CodeWorkspace/UGV-Robot/ros2_humble_colcon_ws/install/moveit_resources_pr2_description/share/moveit_resources_pr2_description/urdf/meshes/gripper_v0/convex/l_finger_tip.dae
[2.124s] -- Installing: /home/ugv-c7/CodeWorkspace/UGV-Robot/ros2_humble_colcon_ws/install/moveit_resources_pr2_description/share/moveit_resources_pr2_description/urdf/meshes/gripper_v0/convex/finger_tip_pad2_l.dae
[2.124s] -- Installing: /home/ugv-c7/CodeWorkspace/UGV-Robot/ros2_humble_colcon_ws/install/moveit_resources_pr2_description/share/moveit_resources_pr2_description/urdf/meshes/gripper_v0/convex/upper_finger_l.xml
[2.131s] -- Installing: /home/ugv-c7/CodeWorkspace/UGV-Robot/ros2_humble_colcon_ws/install/moveit_resources_pr2_description/share/moveit_resources_pr2_description/urdf/meshes/gripper_v0/convex/gripper_palm.dae
[2.132s] -- Installing: /home/ugv-c7/CodeWorkspace/UGV-Robot/ros2_humble_colcon_ws/install/moveit_resources_pr2_description/share/moveit_resources_pr2_description/urdf/meshes/gripper_v0/convex/l_finger_tip.xml
[2.132s] -- Installing: /home/ugv-c7/CodeWorkspace/UGV-Robot/ros2_humble_colcon_ws/install/moveit_resources_pr2_description/share/moveit_resources_pr2_description/urdf/meshes/gripper_v0/convex/l_finger_convex.stlb
[2.132s] -- Installing: /home/ugv-c7/CodeWorkspace/UGV-Robot/ros2_humble_colcon_ws/install/moveit_resources_pr2_description/share/moveit_resources_pr2_description/urdf/meshes/gripper_v0/convex/upper_finger_r.xml
[2.132s] -- Installing: /home/ugv-c7/CodeWorkspace/UGV-Robot/ros2_humble_colcon_ws/install/moveit_resources_pr2_description/share/moveit_resources_pr2_description/urdf/meshes/gripper_v0/convex/finger_tip_r_convex.stlb
[2.133s] -- Installing: /home/ugv-c7/CodeWorkspace/UGV-Robot/ros2_humble_colcon_ws/install/moveit_resources_pr2_description/share/moveit_resources_pr2_description/urdf/meshes/gripper_v0/convex/l_finger.dae
[2.133s] -- Installing: /home/ugv-c7/CodeWorkspace/UGV-Robot/ros2_humble_colcon_ws/install/moveit_resources_pr2_description/share/moveit_resources_pr2_description/urdf/meshes/gripper_v0/convex/finger_tip_pad2_l.xml
[2.133s] -- Installing: /home/ugv-c7/CodeWorkspace/UGV-Robot/ros2_humble_colcon_ws/install/moveit_resources_pr2_description/share/moveit_resources_pr2_description/urdf/meshes/gripper_v0/convex/finger_tip_pad2_r.xml
[2.133s] -- Installing: /home/ugv-c7/CodeWorkspace/UGV-Robot/ros2_humble_colcon_ws/install/moveit_resources_pr2_description/share/moveit_resources_pr2_description/urdf/meshes/gripper_v0/convex/finger_tip_r.xml
[2.133s] -- Installing: /home/ugv-c7/CodeWorkspace/UGV-Robot/ros2_humble_colcon_ws/install/moveit_resources_pr2_description/share/moveit_resources_pr2_description/urdf/meshes/gripper_v0/convex/gripper_palm_convex.stlb
[2.133s] -- Installing: /home/ugv-c7/CodeWorkspace/UGV-Robot/ros2_humble_colcon_ws/install/moveit_resources_pr2_description/share/moveit_resources_pr2_description/urdf/meshes/gripper_v0/convex/l_floating.xml
[2.136s] -- Installing: /home/ugv-c7/CodeWorkspace/UGV-Robot/ros2_humble_colcon_ws/install/moveit_resources_pr2_description/share/moveit_resources_pr2_description/urdf/meshes/gripper_v0/convex/finger_tip_l_convex.stla
[2.137s] -- Installing: /home/ugv-c7/CodeWorkspace/UGV-Robot/ros2_humble_colcon_ws/install/moveit_resources_pr2_description/share/moveit_resources_pr2_description/urdf/meshes/gripper_v0/convex/finger_tip_pad2_r_convex.stla
[2.137s] -- Installing: /home/ugv-c7/CodeWorkspace/UGV-Robot/ros2_humble_colcon_ws/install/moveit_resources_pr2_description/share/moveit_resources_pr2_description/urdf/meshes/gripper_v0/convex/l_floating_convex.stlb
[2.137s] -- Installing: /home/ugv-c7/CodeWorkspace/UGV-Robot/ros2_humble_colcon_ws/install/moveit_resources_pr2_description/share/moveit_resources_pr2_description/urdf/meshes/gripper_v0/finger_H_UV_100430.dae
[2.137s] -- Installing: /home/ugv-c7/CodeWorkspace/UGV-Robot/ros2_humble_colcon_ws/install/moveit_resources_pr2_description/share/moveit_resources_pr2_description/urdf/meshes/gripper_v0/finger_H_Color_100430.tif
[2.137s] -- Installing: /home/ugv-c7/CodeWorkspace/UGV-Robot/ros2_humble_colcon_ws/install/moveit_resources_pr2_description/share/moveit_resources_pr2_description/urdf/meshes/gripper_v0/l_finger.stl
[2.137s] -- Installing: /home/ugv-c7/CodeWorkspace/UGV-Robot/ros2_humble_colcon_ws/install/moveit_resources_pr2_description/share/moveit_resources_pr2_description/urdf/meshes/gripper_v0/l_float_color.tif
[2.137s] -- Installing: /home/ugv-c7/CodeWorkspace/UGV-Robot/ros2_humble_colcon_ws/install/moveit_resources_pr2_description/share/moveit_resources_pr2_description/urdf/meshes/gripper_v0/float_H_UV_100430.dae
[2.142s] -- Installing: /home/ugv-c7/CodeWorkspace/UGV-Robot/ros2_humble_colcon_ws/install/moveit_resources_pr2_description/share/moveit_resources_pr2_description/urdf/meshes/gripper_v0/l_floating.stl
[2.144s] -- Installing: /home/ugv-c7/CodeWorkspace/UGV-Robot/ros2_humble_colcon_ws/install/moveit_resources_pr2_description/share/moveit_resources_pr2_description/urdf/meshes/gripper_v0/finger_tip_l.stl
[2.144s] -- Installing: /home/ugv-c7/CodeWorkspace/UGV-Robot/ros2_humble_colcon_ws/install/moveit_resources_pr2_description/share/moveit_resources_pr2_description/urdf/meshes/shoulder_v0
[2.145s] -- Installing: /home/ugv-c7/CodeWorkspace/UGV-Robot/ros2_humble_colcon_ws/install/moveit_resources_pr2_description/share/moveit_resources_pr2_description/urdf/meshes/shoulder_v0/shoulder_pan.stl
[2.145s] -- Installing: /home/ugv-c7/CodeWorkspace/UGV-Robot/ros2_humble_colcon_ws/install/moveit_resources_pr2_description/share/moveit_resources_pr2_description/urdf/meshes/shoulder_v0/shoulder_lift_normals.tif
[2.145s] -- Installing: /home/ugv-c7/CodeWorkspace/UGV-Robot/ros2_humble_colcon_ws/install/moveit_resources_pr2_description/share/moveit_resources_pr2_description/urdf/meshes/shoulder_v0/shoulder_lift_color.tif
[2.145s] -- Installing: /home/ugv-c7/CodeWorkspace/UGV-Robot/ros2_humble_colcon_ws/install/moveit_resources_pr2_description/share/moveit_resources_pr2_description/urdf/meshes/shoulder_v0/shoulder_lift.stl
[2.145s] -- Installing: /home/ugv-c7/CodeWorkspace/UGV-Robot/ros2_humble_colcon_ws/install/moveit_resources_pr2_description/share/moveit_resources_pr2_description/urdf/meshes/shoulder_v0/shoulder_pan_color.tif
[2.155s] -- Installing: /home/ugv-c7/CodeWorkspace/UGV-Robot/ros2_humble_colcon_ws/install/moveit_resources_pr2_description/share/moveit_resources_pr2_description/urdf/meshes/shoulder_v0/upper_arm_roll.stl
[2.155s] -- Installing: /home/ugv-c7/CodeWorkspace/UGV-Robot/ros2_humble_colcon_ws/install/moveit_resources_pr2_description/share/moveit_resources_pr2_description/urdf/meshes/shoulder_v0/upper_arm_roll.dae
[2.155s] -- Installing: /home/ugv-c7/CodeWorkspace/UGV-Robot/ros2_humble_colcon_ws/install/moveit_resources_pr2_description/share/moveit_resources_pr2_description/urdf/meshes/shoulder_v0/upper_arm_roll_L.stl
[2.156s] -- Installing: /home/ugv-c7/CodeWorkspace/UGV-Robot/ros2_humble_colcon_ws/install/moveit_resources_pr2_description/share/moveit_resources_pr2_description/urdf/meshes/shoulder_v0/upper_arm_roll_normals.tif
[2.159s] -- Installing: /home/ugv-c7/CodeWorkspace/UGV-Robot/ros2_humble_colcon_ws/install/moveit_resources_pr2_description/share/moveit_resources_pr2_description/urdf/meshes/shoulder_v0/shoulder_yaw.stl
[2.159s] -- Installing: /home/ugv-c7/CodeWorkspace/UGV-Robot/ros2_humble_colcon_ws/install/moveit_resources_pr2_description/share/moveit_resources_pr2_description/urdf/meshes/shoulder_v0/shoulder_pan.dae
[2.160s] -- Installing: /home/ugv-c7/CodeWorkspace/UGV-Robot/ros2_humble_colcon_ws/install/moveit_resources_pr2_description/share/moveit_resources_pr2_description/urdf/meshes/shoulder_v0/shoulder_pan_normals.tif
[2.164s] -- Installing: /home/ugv-c7/CodeWorkspace/UGV-Robot/ros2_humble_colcon_ws/install/moveit_resources_pr2_description/share/moveit_resources_pr2_description/urdf/meshes/shoulder_v0/convex
[2.164s] -- Installing: /home/ugv-c7/CodeWorkspace/UGV-Robot/ros2_humble_colcon_ws/install/moveit_resources_pr2_description/share/moveit_resources_pr2_description/urdf/meshes/shoulder_v0/convex/upper_arm_roll_L.xml
[2.164s] -- Installing: /home/ugv-c7/CodeWorkspace/UGV-Robot/ros2_humble_colcon_ws/install/moveit_resources_pr2_description/share/moveit_resources_pr2_description/urdf/meshes/shoulder_v0/convex/shoulder_lift_convex.stla
[2.165s] -- Installing: /home/ugv-c7/CodeWorkspace/UGV-Robot/ros2_humble_colcon_ws/install/moveit_resources_pr2_description/share/moveit_resources_pr2_description/urdf/meshes/shoulder_v0/convex/shoulder_pan_convex.stlb
[2.165s] -- Installing: /home/ugv-c7/CodeWorkspace/UGV-Robot/ros2_humble_colcon_ws/install/moveit_resources_pr2_description/share/moveit_resources_pr2_description/urdf/meshes/shoulder_v0/convex/upper_arm_roll_L_convex.stlb
[2.165s] -- Installing: /home/ugv-c7/CodeWorkspace/UGV-Robot/ros2_humble_colcon_ws/install/moveit_resources_pr2_description/share/moveit_resources_pr2_description/urdf/meshes/shoulder_v0/convex/upper_arm_roll.dae
[2.166s] -- Installing: /home/ugv-c7/CodeWorkspace/UGV-Robot/ros2_humble_colcon_ws/install/moveit_resources_pr2_description/share/moveit_resources_pr2_description/urdf/meshes/shoulder_v0/convex/upper_arm_roll_L.dae
[2.166s] -- Installing: /home/ugv-c7/CodeWorkspace/UGV-Robot/ros2_humble_colcon_ws/install/moveit_resources_pr2_description/share/moveit_resources_pr2_description/urdf/meshes/shoulder_v0/convex/upper_arm_roll_L_convex.stla
[2.166s] -- Installing: /home/ugv-c7/CodeWorkspace/UGV-Robot/ros2_humble_colcon_ws/install/moveit_resources_pr2_description/share/moveit_resources_pr2_description/urdf/meshes/shoulder_v0/convex/shoulder_pan.xml
[2.167s] -- Installing: /home/ugv-c7/CodeWorkspace/UGV-Robot/ros2_humble_colcon_ws/install/moveit_resources_pr2_description/share/moveit_resources_pr2_description/urdf/meshes/shoulder_v0/convex/shoulder_pan.dae
[2.167s] -- Installing: /home/ugv-c7/CodeWorkspace/UGV-Robot/ros2_humble_colcon_ws/install/moveit_resources_pr2_description/share/moveit_resources_pr2_description/urdf/meshes/shoulder_v0/convex/shoulder_yaw.dae
[2.167s] -- Installing: /home/ugv-c7/CodeWorkspace/UGV-Robot/ros2_humble_colcon_ws/install/moveit_resources_pr2_description/share/moveit_resources_pr2_description/urdf/meshes/shoulder_v0/convex/shoulder_lift_convex.stlb
[2.168s] -- Installing: /home/ugv-c7/CodeWorkspace/UGV-Robot/ros2_humble_colcon_ws/install/moveit_resources_pr2_description/share/moveit_resources_pr2_description/urdf/meshes/shoulder_v0/convex/shoulder_pan_convex.stla
[2.168s] -- Installing: /home/ugv-c7/CodeWorkspace/UGV-Robot/ros2_humble_colcon_ws/install/moveit_resources_pr2_description/share/moveit_resources_pr2_description/urdf/meshes/shoulder_v0/convex/shoulder_yaw_convex.stlb
[2.168s] -- Installing: /home/ugv-c7/CodeWorkspace/UGV-Robot/ros2_humble_colcon_ws/install/moveit_resources_pr2_description/share/moveit_resources_pr2_description/urdf/meshes/shoulder_v0/convex/shoulder_yaw.xml
[2.168s] -- Installing: /home/ugv-c7/CodeWorkspace/UGV-Robot/ros2_humble_colcon_ws/install/moveit_resources_pr2_description/share/moveit_resources_pr2_description/urdf/meshes/shoulder_v0/convex/upper_arm_roll.xml
[2.169s] -- Installing: /home/ugv-c7/CodeWorkspace/UGV-Robot/ros2_humble_colcon_ws/install/moveit_resources_pr2_description/share/moveit_resources_pr2_description/urdf/meshes/shoulder_v0/convex/shoulder_lift.xml
[2.169s] -- Installing: /home/ugv-c7/CodeWorkspace/UGV-Robot/ros2_humble_colcon_ws/install/moveit_resources_pr2_description/share/moveit_resources_pr2_description/urdf/meshes/shoulder_v0/convex/upper_arm_roll_convex.stlb
[2.169s] -- Installing: /home/ugv-c7/CodeWorkspace/UGV-Robot/ros2_humble_colcon_ws/install/moveit_resources_pr2_description/share/moveit_resources_pr2_description/urdf/meshes/shoulder_v0/convex/upper_arm_roll_convex.stla
[2.170s] -- Installing: /home/ugv-c7/CodeWorkspace/UGV-Robot/ros2_humble_colcon_ws/install/moveit_resources_pr2_description/share/moveit_resources_pr2_description/urdf/meshes/shoulder_v0/convex/shoulder_lift.dae
[2.170s] -- Installing: /home/ugv-c7/CodeWorkspace/UGV-Robot/ros2_humble_colcon_ws/install/moveit_resources_pr2_description/share/moveit_resources_pr2_description/urdf/meshes/shoulder_v0/convex/shoulder_yaw_convex.stla
[2.171s] -- Installing: /home/ugv-c7/CodeWorkspace/UGV-Robot/ros2_humble_colcon_ws/install/moveit_resources_pr2_description/share/moveit_resources_pr2_description/urdf/meshes/shoulder_v0/upper_arm_roll_color.tif
[2.171s] -- Installing: /home/ugv-c7/CodeWorkspace/UGV-Robot/ros2_humble_colcon_ws/install/moveit_resources_pr2_description/share/moveit_resources_pr2_description/urdf/meshes/shoulder_v0/shoulder_lift.dae
[2.172s] -- Installing: /home/ugv-c7/CodeWorkspace/UGV-Robot/ros2_humble_colcon_ws/install/moveit_resources_pr2_description/share/moveit_resources_pr2_description/urdf/meshes/tilting_laser_v0
[2.172s] -- Installing: /home/ugv-c7/CodeWorkspace/UGV-Robot/ros2_humble_colcon_ws/install/moveit_resources_pr2_description/share/moveit_resources_pr2_description/urdf/meshes/tilting_laser_v0/tilting_hokuyo.dae
[2.172s] -- Installing: /home/ugv-c7/CodeWorkspace/UGV-Robot/ros2_humble_colcon_ws/install/moveit_resources_pr2_description/share/moveit_resources_pr2_description/urdf/meshes/tilting_laser_v0/tilting_hokuyo_color.tif
[2.173s] -- Installing: /home/ugv-c7/CodeWorkspace/UGV-Robot/ros2_humble_colcon_ws/install/moveit_resources_pr2_description/share/moveit_resources_pr2_description/urdf/meshes/tilting_laser_v0/tilting_hokuyo_normals.tif
[2.175s] -- Installing: /home/ugv-c7/CodeWorkspace/UGV-Robot/ros2_humble_colcon_ws/install/moveit_resources_pr2_description/share/moveit_resources_pr2_description/urdf/meshes/tilting_laser_v0/convex
[2.176s] -- Installing: /home/ugv-c7/CodeWorkspace/UGV-Robot/ros2_humble_colcon_ws/install/moveit_resources_pr2_description/share/moveit_resources_pr2_description/urdf/meshes/tilting_laser_v0/convex/hok_tilt_convex.stlb
[2.176s] -- Installing: /home/ugv-c7/CodeWorkspace/UGV-Robot/ros2_humble_colcon_ws/install/moveit_resources_pr2_description/share/moveit_resources_pr2_description/urdf/meshes/tilting_laser_v0/convex/tilting_hokuyo.dae
[2.176s] -- Installing: /home/ugv-c7/CodeWorkspace/UGV-Robot/ros2_humble_colcon_ws/install/moveit_resources_pr2_description/share/moveit_resources_pr2_description/urdf/meshes/tilting_laser_v0/convex/tilting_hokuyo_L.dae
[2.177s] -- Installing: /home/ugv-c7/CodeWorkspace/UGV-Robot/ros2_humble_colcon_ws/install/moveit_resources_pr2_description/share/moveit_resources_pr2_description/urdf/meshes/tilting_laser_v0/convex/hok_tilt_convex.stla
[2.177s] -- Installing: /home/ugv-c7/CodeWorkspace/UGV-Robot/ros2_humble_colcon_ws/install/moveit_resources_pr2_description/share/moveit_resources_pr2_description/urdf/meshes/tilting_laser_v0/convex/tilting_hokuyo.xml
[2.177s] -- Installing: /home/ugv-c7/CodeWorkspace/UGV-Robot/ros2_humble_colcon_ws/install/moveit_resources_pr2_description/share/moveit_resources_pr2_description/urdf/meshes/tilting_laser_v0/convex/tilting_hokuyo_convex.stla
[2.177s] -- Installing: /home/ugv-c7/CodeWorkspace/UGV-Robot/ros2_humble_colcon_ws/install/moveit_resources_pr2_description/share/moveit_resources_pr2_description/urdf/meshes/tilting_laser_v0/convex/hok_tilt.dae
[2.178s] -- Installing: /home/ugv-c7/CodeWorkspace/UGV-Robot/ros2_humble_colcon_ws/install/moveit_resources_pr2_description/share/moveit_resources_pr2_description/urdf/meshes/tilting_laser_v0/convex/tilting_hokuyo_L_convex.stlb
[2.178s] -- Installing: /home/ugv-c7/CodeWorkspace/UGV-Robot/ros2_humble_colcon_ws/install/moveit_resources_pr2_description/share/moveit_resources_pr2_description/urdf/meshes/tilting_laser_v0/convex/hok_tilt.xml
[2.178s] -- Installing: /home/ugv-c7/CodeWorkspace/UGV-Robot/ros2_humble_colcon_ws/install/moveit_resources_pr2_description/share/moveit_resources_pr2_description/urdf/meshes/tilting_laser_v0/convex/tilting_hokuyo_convex.stlb
[2.179s] -- Installing: /home/ugv-c7/CodeWorkspace/UGV-Robot/ros2_humble_colcon_ws/install/moveit_resources_pr2_description/share/moveit_resources_pr2_description/urdf/meshes/tilting_laser_v0/convex/tilting_hokuyo_L.xml
[2.179s] -- Installing: /home/ugv-c7/CodeWorkspace/UGV-Robot/ros2_humble_colcon_ws/install/moveit_resources_pr2_description/share/moveit_resources_pr2_description/urdf/meshes/tilting_laser_v0/convex/tilting_hokuyo_L_convex.stla
[2.179s] -- Installing: /home/ugv-c7/CodeWorkspace/UGV-Robot/ros2_humble_colcon_ws/install/moveit_resources_pr2_description/share/moveit_resources_pr2_description/urdf/meshes/tilting_laser_v0/hok_tilt.stl
[2.180s] -- Installing: /home/ugv-c7/CodeWorkspace/UGV-Robot/ros2_humble_colcon_ws/install/moveit_resources_pr2_description/share/moveit_resources_pr2_description/urdf/meshes/tilting_laser_v0/tilting_hokuyo_L.stl
[2.180s] -- Installing: /home/ugv-c7/CodeWorkspace/UGV-Robot/ros2_humble_colcon_ws/install/moveit_resources_pr2_description/share/moveit_resources_pr2_description/urdf/meshes/tilting_laser_v0/tilting_hokuyo.stl
[2.180s] -- Installing: /home/ugv-c7/CodeWorkspace/UGV-Robot/ros2_humble_colcon_ws/install/moveit_resources_pr2_description/share/moveit_resources_pr2_description/urdf/meshes/sensors
[2.181s] -- Installing: /home/ugv-c7/CodeWorkspace/UGV-Robot/ros2_humble_colcon_ws/install/moveit_resources_pr2_description/share/moveit_resources_pr2_description/urdf/meshes/sensors/kinect_prosilica_v0
[2.181s] -- Installing: /home/ugv-c7/CodeWorkspace/UGV-Robot/ros2_humble_colcon_ws/install/moveit_resources_pr2_description/share/moveit_resources_pr2_description/urdf/meshes/sensors/kinect_prosilica_v0/115x100_swept_back_no_sensors--coarse.STL
[2.183s] -- Installing: /home/ugv-c7/CodeWorkspace/UGV-Robot/ros2_humble_colcon_ws/install/moveit_resources_pr2_description/share/moveit_resources_pr2_description/urdf/meshes/sensors/kinect_prosilica_v0/115x100_swept_fwd_no_sensors--coarse.STL
[2.185s] -- Installing: /home/ugv-c7/CodeWorkspace/UGV-Robot/ros2_humble_colcon_ws/install/moveit_resources_pr2_description/share/moveit_resources_pr2_description/urdf/meshes/sensors/kinect_prosilica_v0/Prosilica_w_Lens--coarse.STL
[2.188s] -- Installing: /home/ugv-c7/CodeWorkspace/UGV-Robot/ros2_humble_colcon_ws/install/moveit_resources_pr2_description/share/moveit_resources_pr2_description/urdf/meshes/sensors/kinect_prosilica_v0/115x100_swept_back--coarse.STL
[2.191s] -- Installing: /home/ugv-c7/CodeWorkspace/UGV-Robot/ros2_humble_colcon_ws/install/moveit_resources_pr2_description/share/moveit_resources_pr2_description/urdf/meshes/sensors/kinect_prosilica_v0/68-04546_Kinect_Sensor--coarse.STL
[2.192s] -- Installing: /home/ugv-c7/CodeWorkspace/UGV-Robot/ros2_humble_colcon_ws/install/moveit_resources_pr2_description/share/moveit_resources_pr2_description/urdf/meshes/sensors/kinect_prosilica_v0/115x100_swept_fwd--coarse.STL
[2.194s] -- Installing: /home/ugv-c7/CodeWorkspace/UGV-Robot/ros2_humble_colcon_ws/install/moveit_resources_pr2_description/share/moveit_resources_pr2_description/urdf/meshes/sensors/kinect_v0
[2.195s] -- Installing: /home/ugv-c7/CodeWorkspace/UGV-Robot/ros2_humble_colcon_ws/install/moveit_resources_pr2_description/share/moveit_resources_pr2_description/urdf/meshes/sensors/kinect_v0/kinect_color.tga
[2.195s] -- Installing: /home/ugv-c7/CodeWorkspace/UGV-Robot/ros2_humble_colcon_ws/install/moveit_resources_pr2_description/share/moveit_resources_pr2_description/urdf/meshes/sensors/kinect_v0/kinect.tga
[2.195s] -- Installing: /home/ugv-c7/CodeWorkspace/UGV-Robot/ros2_humble_colcon_ws/install/moveit_resources_pr2_description/share/moveit_resources_pr2_description/urdf/meshes/sensors/kinect_v0/kinect.dae
[2.196s] -- Installing: /home/ugv-c7/CodeWorkspace/UGV-Robot/ros2_humble_colcon_ws/install/moveit_resources_pr2_description/share/moveit_resources_pr2_description/urdf/meshes/sensors/kinect_v0/kinect_mount.stl
[2.197s] -- Installing: /home/ugv-c7/CodeWorkspace/UGV-Robot/ros2_humble_colcon_ws/install/moveit_resources_pr2_description/share/moveit_resources_pr2_description/urdf/meshes/base_v0
[2.197s] -- Installing: /home/ugv-c7/CodeWorkspace/UGV-Robot/ros2_humble_colcon_ws/install/moveit_resources_pr2_description/share/moveit_resources_pr2_description/urdf/meshes/base_v0/wheel_normals.tif
[2.201s] -- Installing: /home/ugv-c7/CodeWorkspace/UGV-Robot/ros2_humble_colcon_ws/install/moveit_resources_pr2_description/share/moveit_resources_pr2_description/urdf/meshes/base_v0/base_L.stl
[2.202s] -- Installing: /home/ugv-c7/CodeWorkspace/UGV-Robot/ros2_humble_colcon_ws/install/moveit_resources_pr2_description/share/moveit_resources_pr2_description/urdf/meshes/base_v0/pr2_wheel.stl
[2.202s] -- Installing: /home/ugv-c7/CodeWorkspace/UGV-Robot/ros2_humble_colcon_ws/install/moveit_resources_pr2_description/share/moveit_resources_pr2_description/urdf/meshes/base_v0/caster_L.stl
[2.202s] -- Installing: /home/ugv-c7/CodeWorkspace/UGV-Robot/ros2_humble_colcon_ws/install/moveit_resources_pr2_description/share/moveit_resources_pr2_description/urdf/meshes/base_v0/base_color.tif
[2.203s] -- Installing: /home/ugv-c7/CodeWorkspace/UGV-Robot/ros2_humble_colcon_ws/install/moveit_resources_pr2_description/share/moveit_resources_pr2_description/urdf/meshes/base_v0/wheel_color.tif
[2.204s] -- Installing: /home/ugv-c7/CodeWorkspace/UGV-Robot/ros2_humble_colcon_ws/install/moveit_resources_pr2_description/share/moveit_resources_pr2_description/urdf/meshes/base_v0/wheel_h.dae
[2.218s] -- Installing: /home/ugv-c7/CodeWorkspace/UGV-Robot/ros2_humble_colcon_ws/install/moveit_resources_pr2_description/share/moveit_resources_pr2_description/urdf/meshes/base_v0/base.dae
[2.218s] -- Installing: /home/ugv-c7/CodeWorkspace/UGV-Robot/ros2_humble_colcon_ws/install/moveit_resources_pr2_description/share/moveit_resources_pr2_description/urdf/meshes/base_v0/wheel.stl
[2.219s] -- Installing: /home/ugv-c7/CodeWorkspace/UGV-Robot/ros2_humble_colcon_ws/install/moveit_resources_pr2_description/share/moveit_resources_pr2_description/urdf/meshes/base_v0/base.stl
[2.219s] -- Installing: /home/ugv-c7/CodeWorkspace/UGV-Robot/ros2_humble_colcon_ws/install/moveit_resources_pr2_description/share/moveit_resources_pr2_description/urdf/meshes/base_v0/caster.stl
[2.219s] -- Installing: /home/ugv-c7/CodeWorkspace/UGV-Robot/ros2_humble_colcon_ws/install/moveit_resources_pr2_description/share/moveit_resources_pr2_description/urdf/meshes/base_v0/wheel.dae
[2.219s] -- Installing: /home/ugv-c7/CodeWorkspace/UGV-Robot/ros2_humble_colcon_ws/install/moveit_resources_pr2_description/share/moveit_resources_pr2_description/urdf/meshes/base_v0/convex
[2.219s] -- Installing: /home/ugv-c7/CodeWorkspace/UGV-Robot/ros2_humble_colcon_ws/install/moveit_resources_pr2_description/share/moveit_resources_pr2_description/urdf/meshes/base_v0/convex/caster.dae
[2.219s] -- Installing: /home/ugv-c7/CodeWorkspace/UGV-Robot/ros2_humble_colcon_ws/install/moveit_resources_pr2_description/share/moveit_resources_pr2_description/urdf/meshes/base_v0/convex/pr2_wheel_convex.stlb
[2.219s] -- Installing: /home/ugv-c7/CodeWorkspace/UGV-Robot/ros2_humble_colcon_ws/install/moveit_resources_pr2_description/share/moveit_resources_pr2_description/urdf/meshes/base_v0/convex/base_convex.stlb
[2.220s] -- Installing: /home/ugv-c7/CodeWorkspace/UGV-Robot/ros2_humble_colcon_ws/install/moveit_resources_pr2_description/share/moveit_resources_pr2_description/urdf/meshes/base_v0/convex/caster_L_convex.stlb
[2.225s] -- Installing: /home/ugv-c7/CodeWorkspace/UGV-Robot/ros2_humble_colcon_ws/install/moveit_resources_pr2_description/share/moveit_resources_pr2_description/urdf/meshes/base_v0/convex/caster_L_convex.stla
[2.225s] -- Installing: /home/ugv-c7/CodeWorkspace/UGV-Robot/ros2_humble_colcon_ws/install/moveit_resources_pr2_description/share/moveit_resources_pr2_description/urdf/meshes/base_v0/convex/base_L.xml
[2.226s] -- Installing: /home/ugv-c7/CodeWorkspace/UGV-Robot/ros2_humble_colcon_ws/install/moveit_resources_pr2_description/share/moveit_resources_pr2_description/urdf/meshes/base_v0/convex/base_convex.stla
[2.226s] -- Installing: /home/ugv-c7/CodeWorkspace/UGV-Robot/ros2_humble_colcon_ws/install/moveit_resources_pr2_description/share/moveit_resources_pr2_description/urdf/meshes/base_v0/convex/base_L.dae
[2.226s] -- Installing: /home/ugv-c7/CodeWorkspace/UGV-Robot/ros2_humble_colcon_ws/install/moveit_resources_pr2_description/share/moveit_resources_pr2_description/urdf/meshes/base_v0/convex/base.dae
[2.226s] -- Installing: /home/ugv-c7/CodeWorkspace/UGV-Robot/ros2_humble_colcon_ws/install/moveit_resources_pr2_description/share/moveit_resources_pr2_description/urdf/meshes/base_v0/convex/wheel_convex.stlb
[2.226s] -- Installing: /home/ugv-c7/CodeWorkspace/UGV-Robot/ros2_humble_colcon_ws/install/moveit_resources_pr2_description/share/moveit_resources_pr2_description/urdf/meshes/base_v0/convex/caster_convex.stlb
[2.226s] -- Installing: /home/ugv-c7/CodeWorkspace/UGV-Robot/ros2_humble_colcon_ws/install/moveit_resources_pr2_description/share/moveit_resources_pr2_description/urdf/meshes/base_v0/convex/wheel_convex.stla
[2.226s] -- Installing: /home/ugv-c7/CodeWorkspace/UGV-Robot/ros2_humble_colcon_ws/install/moveit_resources_pr2_description/share/moveit_resources_pr2_description/urdf/meshes/base_v0/convex/caster_convex.stla
[2.227s] -- Installing: /home/ugv-c7/CodeWorkspace/UGV-Robot/ros2_humble_colcon_ws/install/moveit_resources_pr2_description/share/moveit_resources_pr2_description/urdf/meshes/base_v0/convex/caster.xml
[2.227s] -- Installing: /home/ugv-c7/CodeWorkspace/UGV-Robot/ros2_humble_colcon_ws/install/moveit_resources_pr2_description/share/moveit_resources_pr2_description/urdf/meshes/base_v0/convex/caster_L.dae
[2.227s] -- Installing: /home/ugv-c7/CodeWorkspace/UGV-Robot/ros2_humble_colcon_ws/install/moveit_resources_pr2_description/share/moveit_resources_pr2_description/urdf/meshes/base_v0/convex/pr2_wheel.xml
[2.227s] -- Installing: /home/ugv-c7/CodeWorkspace/UGV-Robot/ros2_humble_colcon_ws/install/moveit_resources_pr2_description/share/moveit_resources_pr2_description/urdf/meshes/base_v0/convex/pr2_wheel.dae
[2.227s] -- Installing: /home/ugv-c7/CodeWorkspace/UGV-Robot/ros2_humble_colcon_ws/install/moveit_resources_pr2_description/share/moveit_resources_pr2_description/urdf/meshes/base_v0/convex/wheel.dae
[2.227s] -- Installing: /home/ugv-c7/CodeWorkspace/UGV-Robot/ros2_humble_colcon_ws/install/moveit_resources_pr2_description/share/moveit_resources_pr2_description/urdf/meshes/base_v0/convex/caster_L.xml
[2.227s] -- Installing: /home/ugv-c7/CodeWorkspace/UGV-Robot/ros2_humble_colcon_ws/install/moveit_resources_pr2_description/share/moveit_resources_pr2_description/urdf/meshes/base_v0/convex/wheel.xml
[2.228s] -- Installing: /home/ugv-c7/CodeWorkspace/UGV-Robot/ros2_humble_colcon_ws/install/moveit_resources_pr2_description/share/moveit_resources_pr2_description/urdf/meshes/base_v0/convex/base.xml
[2.228s] -- Installing: /home/ugv-c7/CodeWorkspace/UGV-Robot/ros2_humble_colcon_ws/install/moveit_resources_pr2_description/share/moveit_resources_pr2_description/urdf/meshes/base_v0/convex/base_L_convex.stlb
[2.228s] -- Installing: /home/ugv-c7/CodeWorkspace/UGV-Robot/ros2_humble_colcon_ws/install/moveit_resources_pr2_description/share/moveit_resources_pr2_description/urdf/meshes/base_v0/convex/pr2_wheel_convex.stla
[2.228s] -- Installing: /home/ugv-c7/CodeWorkspace/UGV-Robot/ros2_humble_colcon_ws/install/moveit_resources_pr2_description/share/moveit_resources_pr2_description/urdf/meshes/base_v0/convex/base_L_convex.stla
[2.229s] -- Installing: /home/ugv-c7/CodeWorkspace/UGV-Robot/ros2_humble_colcon_ws/install/moveit_resources_pr2_description/share/moveit_resources_pr2_description/urdf/meshes/base_v0/wheel_h_color.tif
[2.229s] -- Installing: /home/ugv-c7/CodeWorkspace/UGV-Robot/ros2_humble_colcon_ws/install/moveit_resources_pr2_description/share/moveit_resources_pr2_description/urdf/meshes/base_v0/base_normals.tif
[2.229s] -- Installing: /home/ugv-c7/CodeWorkspace/UGV-Robot/ros2_humble_colcon_ws/install/moveit_resources_pr2_description/share/moveit_resources_pr2_description/urdf/robot.xml
[2.229s] -- Installing: /home/ugv-c7/CodeWorkspace/UGV-Robot/ros2_humble_colcon_ws/install/moveit_resources_pr2_description/share/moveit_resources_pr2_description/urdf/materials
[2.229s] -- Installing: /home/ugv-c7/CodeWorkspace/UGV-Robot/ros2_humble_colcon_ws/install/moveit_resources_pr2_description/share/moveit_resources_pr2_description/urdf/materials/textures
[2.229s] -- Installing: /home/ugv-c7/CodeWorkspace/UGV-Robot/ros2_humble_colcon_ws/install/moveit_resources_pr2_description/share/moveit_resources_pr2_description/urdf/materials/textures/pr2_caster_texture.png
[2.229s] -- Installing: /home/ugv-c7/CodeWorkspace/UGV-Robot/ros2_humble_colcon_ws/install/moveit_resources_pr2_description/share/moveit_resources_pr2_description/urdf/materials/textures/pr2_wheel_right.png
[2.230s] -- Installing: /home/ugv-c7/CodeWorkspace/UGV-Robot/ros2_humble_colcon_ws/install/moveit_resources_pr2_description/share/moveit_resources_pr2_description/urdf/materials/textures/pr2_wheel_left.png
[2.230s] -- Installing: /home/ugv-c7/CodeWorkspace/UGV-Robot/ros2_humble_colcon_ws/install/moveit_resources_pr2_description/share/moveit_resources_pr2_description/kinect.dae
[2.240s] Invoked command in '/home/ugv-c7/CodeWorkspace/UGV-Robot/ros2_humble_colcon_ws/build/moveit_resources_pr2_description' returned '0': CMAKE_PREFIX_PATH=${CMAKE_PREFIX_PATH}:/home/ugv-c7/CodeWorkspace/UGV-Robot/ros2_humble_colcon_ws/install/py_pub_sub:/opt/ros/humble /usr/bin/cmake --install /home/ugv-c7/CodeWorkspace/UGV-Robot/ros2_humble_colcon_ws/build/moveit_resources_pr2_description
